Archive member included to satisfy reference by file (symbol)

C:\Program Files (x86)\Arm GNU Toolchain arm-none-eabi\13.2 Rel1\lib\gcc\arm-none-eabi\13.2.1\thumb\v6-m\nofp\libnosys.a(errno.o)
                              newlib_stubs.o (errno)
C:\Program Files (x86)\Arm GNU Toolchain arm-none-eabi\13.2 Rel1\lib\gcc\arm-none-eabi\13.2.1\thumb\v6-m\nofp\libgcc.a(_divsi3.o)
                              main.o (__aeabi_idiv)
C:\Program Files (x86)\Arm GNU Toolchain arm-none-eabi\13.2 Rel1\lib\gcc\arm-none-eabi\13.2.1\thumb\v6-m\nofp\libgcc.a(_dvmd_tls.o)
                              C:\Program Files (x86)\Arm GNU Toolchain arm-none-eabi\13.2 Rel1\lib\gcc\arm-none-eabi\13.2.1\thumb\v6-m\nofp\libgcc.a(_divsi3.o) (__aeabi_idiv0)
C:\Program Files (x86)\Arm GNU Toolchain arm-none-eabi\13.2 Rel1\lib\gcc\arm-none-eabi\13.2.1\thumb\v6-m\nofp\libgcc.a(divsf3.o)
                              Period.o (__aeabi_fdiv)
C:\Program Files (x86)\Arm GNU Toolchain arm-none-eabi\13.2 Rel1\lib\gcc\arm-none-eabi\13.2.1\thumb\v6-m\nofp\libgcc.a(fixsfsi.o)
                              Period.o (__aeabi_f2iz)
C:\Program Files (x86)\Arm GNU Toolchain arm-none-eabi\13.2 Rel1\lib\gcc\arm-none-eabi\13.2.1\thumb\v6-m\nofp\libgcc.a(divdf3.o)
                              Period.o (__aeabi_ddiv)
C:\Program Files (x86)\Arm GNU Toolchain arm-none-eabi\13.2 Rel1\lib\gcc\arm-none-eabi\13.2.1\thumb\v6-m\nofp\libgcc.a(floatsidf.o)
                              Period.o (__aeabi_i2d)
C:\Program Files (x86)\Arm GNU Toolchain arm-none-eabi\13.2 Rel1\lib\gcc\arm-none-eabi\13.2.1\thumb\v6-m\nofp\libgcc.a(truncdfsf2.o)
                              Period.o (__aeabi_d2f)
C:\Program Files (x86)\Arm GNU Toolchain arm-none-eabi\13.2 Rel1\lib\gcc\arm-none-eabi\13.2.1\thumb\v6-m\nofp\libgcc.a(_udivsi3.o)
                              C:\Program Files (x86)\Arm GNU Toolchain arm-none-eabi\13.2 Rel1\lib\gcc\arm-none-eabi\13.2.1\thumb\v6-m\nofp\libgcc.a(divdf3.o) (__aeabi_uidivmod)
C:\Program Files (x86)\Arm GNU Toolchain arm-none-eabi\13.2 Rel1\lib\gcc\arm-none-eabi\13.2.1\thumb\v6-m\nofp\libgcc.a(_clzsi2.o)
                              C:\Program Files (x86)\Arm GNU Toolchain arm-none-eabi\13.2 Rel1\lib\gcc\arm-none-eabi\13.2.1\thumb\v6-m\nofp\libgcc.a(divsf3.o) (__clzsi2)
C:\Program Files (x86)\Arm GNU Toolchain arm-none-eabi\13.2 Rel1\lib\gcc\arm-none-eabi\13.2.1\thumb\v6-m\nofp\libc_nano.a(libc_a-printf.o)
                              UART2.o (printf)
C:\Program Files (x86)\Arm GNU Toolchain arm-none-eabi\13.2 Rel1\lib\gcc\arm-none-eabi\13.2.1\thumb\v6-m\nofp\libc_nano.a(libc_a-puts.o)
                              main.o (puts)
C:\Program Files (x86)\Arm GNU Toolchain arm-none-eabi\13.2 Rel1\lib\gcc\arm-none-eabi\13.2.1\thumb\v6-m\nofp\libc_nano.a(libc_a-wbuf.o)
                              C:\Program Files (x86)\Arm GNU Toolchain arm-none-eabi\13.2 Rel1\lib\gcc\arm-none-eabi\13.2.1\thumb\v6-m\nofp\libc_nano.a(libc_a-puts.o) (__swbuf_r)
C:\Program Files (x86)\Arm GNU Toolchain arm-none-eabi\13.2 Rel1\lib\gcc\arm-none-eabi\13.2.1\thumb\v6-m\nofp\libc_nano.a(libc_a-wsetup.o)
                              C:\Program Files (x86)\Arm GNU Toolchain arm-none-eabi\13.2 Rel1\lib\gcc\arm-none-eabi\13.2.1\thumb\v6-m\nofp\libc_nano.a(libc_a-puts.o) (__swsetup_r)
C:\Program Files (x86)\Arm GNU Toolchain arm-none-eabi\13.2 Rel1\lib\gcc\arm-none-eabi\13.2.1\thumb\v6-m\nofp\libc_nano.a(libc_a-impure.o)
                              C:\Program Files (x86)\Arm GNU Toolchain arm-none-eabi\13.2 Rel1\lib\gcc\arm-none-eabi\13.2.1\thumb\v6-m\nofp\libc_nano.a(libc_a-printf.o) (_impure_ptr)
C:\Program Files (x86)\Arm GNU Toolchain arm-none-eabi\13.2 Rel1\lib\gcc\arm-none-eabi\13.2.1\thumb\v6-m\nofp\libc_nano.a(libc_a-lock.o)
                              C:\Program Files (x86)\Arm GNU Toolchain arm-none-eabi\13.2 Rel1\lib\gcc\arm-none-eabi\13.2.1\thumb\v6-m\nofp\libc_nano.a(libc_a-puts.o) (__retarget_lock_acquire_recursive)
C:\Program Files (x86)\Arm GNU Toolchain arm-none-eabi\13.2 Rel1\lib\gcc\arm-none-eabi\13.2.1\thumb\v6-m\nofp\libc_nano.a(libc_a-freer.o)
                              C:\Program Files (x86)\Arm GNU Toolchain arm-none-eabi\13.2 Rel1\lib\gcc\arm-none-eabi\13.2.1\thumb\v6-m\nofp\libc_nano.a(libc_a-wsetup.o) (_free_r)
C:\Program Files (x86)\Arm GNU Toolchain arm-none-eabi\13.2 Rel1\lib\gcc\arm-none-eabi\13.2.1\thumb\v6-m\nofp\libc_nano.a(libc_a-mallocr.o)
                              C:\Program Files (x86)\Arm GNU Toolchain arm-none-eabi\13.2 Rel1\lib\gcc\arm-none-eabi\13.2.1\thumb\v6-m\nofp\libc_nano.a(libc_a-freer.o) (__malloc_free_list)
C:\Program Files (x86)\Arm GNU Toolchain arm-none-eabi\13.2 Rel1\lib\gcc\arm-none-eabi\13.2.1\thumb\v6-m\nofp\libc_nano.a(libc_a-mlock.o)
                              C:\Program Files (x86)\Arm GNU Toolchain arm-none-eabi\13.2 Rel1\lib\gcc\arm-none-eabi\13.2.1\thumb\v6-m\nofp\libc_nano.a(libc_a-freer.o) (__malloc_lock)
[...]
Memory Configuration

Name             Origin             Length             Attributes
flash            0x08000000         0x00010000
ram              0x20000000         0x00002000
*default*        0x00000000         0xffffffff

Linker script and memory map

LOAD main.o
LOAD adc.o
LOAD serial.o
LOAD UART2.o
LOAD startup.o
LOAD newlib_stubs.o
LOAD pwm.o
LOAD init.o
LOAD Period.o
LOAD sweep.o
LOAD C:\Program Files (x86)\Arm GNU Toolchain arm-none-eabi\13.2 Rel1\lib\gcc\arm-none-eabi\13.2.1\thumb\v6-m\nofp\libnosys.a
LOAD C:\Program Files (x86)\Arm GNU Toolchain arm-none-eabi\13.2 Rel1\lib\gcc\arm-none-eabi\13.2.1\thumb\v6-m\nofp\libgcc.a
START GROUP
LOAD C:\Program Files (x86)\Arm GNU Toolchain arm-none-eabi\13.2 Rel1\lib\gcc\arm-none-eabi\13.2.1\thumb\v6-m\nofp\libgcc.a
LOAD C:\Program Files (x86)\Arm GNU Toolchain arm-none-eabi\13.2 Rel1\lib\gcc\arm-none-eabi\13.2.1\thumb\v6-m\nofp\libc_nano.a
LOAD C:\Program Files (x86)\Arm GNU Toolchain arm-none-eabi\13.2 Rel1\lib\gcc\arm-none-eabi\13.2.1\thumb\v6-m\nofp\libm.a
END GROUP

.text           0x08000000     0x41d0
 *(.vectors)
 .vectors       0x08000000       0xb8 startup.o
                0x08000000                Vectors
 *(.after_vectors*)
 .after_vectors
                0x080000b8       0x28 startup.o
                0x080000b8                ResetInit
 *(.text*)
 .text          0x080000e0      0x1e0 main.o
                0x080000e0                terribleSolution
                0x080000f4                main
 .text          0x080002c0      0x10c adc.o
                0x080002c0                initADC
                0x08000360                readADC
 .text          0x080003cc      0x5c8 serial.o
                0x080003cc                ReadCom
                0x08000440                WriteCom
                0x080004e0                initUART
                0x08000630                USART1_Handler
                0x0800065c                usart_rx
                0x0800068c                usart_rx_int
                0x080006a0                usart_tx
                0x08000708                PutBuf
                0x0800076a                GetBuf
                0x080007c0                GetBufCount
                0x080007d4                eputs
                0x08000810                eputc
                0x0800082e                egetc
                0x08000848                egets
                0x080008d4                egetc_echo
                0x080008fa                egets_echo
 .text          0x08000994      0x760 UART2.o
                0x08000994                ReadCom2
                0x08000a08                WriteCom2
                0x08000aa8                initUART2
                0x08000bf4                USART2_Handler
                0x08000c40                doneSetup
                0x08000c54                usart_rx2
                0x08000c84                usart_rx2_int
                0x08000cac                ReadInt2
                0x08000cc8                ReceivedInt2
                0x08000cdc                usart_tx2
                0x08000d50                PutBuf2
                0x08000db2                eputnum2
                0x08000de4                GetBuf2
                0x08000e3a                GetBufCount2
                0x08000e4e                eputs2
                0x08000e88                eputc2
                0x08000ea6                egetc2
                0x08000ec0                egets2
                0x08000f4c                ReceivedBytes2
                0x08000f64                egetc_echo2
                0x08000f8a                egets_echo2
                0x08001024                wait_1ms
                0x0800105c                waitms
                0x0800107e                SendATCommand
 .text          0x080010f4      0x1a8 startup.o
                0x0800116c                initClock
                0x08001274                EXTI2_3_Handler
                0x08001274                TIM21_Handler
                0x08001274                SysTick_Handler
                0x08001274                I2C1_Handler
                0x08001274                PendSV_Handler
                0x08001274                NMI_Handler
                0x08001274                WWDG_Handler
                0x08001274                RTC_Handler
                0x08001274                EXTI4_15_Handler
                0x08001274                DMA_CH4_5_6_7_Handler
                0x08001274                Default_Handler
                0x08001274                LPUART1_Handler
                0x08001274                FLASH_Handler
                0x08001274                EXTI0_1_Handler
                0x08001274                DMA_CH1_Handler
                0x08001274                SPI2_Handler
                0x08001274                DMA_CH2_3_Handler
                0x08001274                I2C2_Handler
                0x08001274                SVC_Handler
                0x08001274                LPTIM1_Handler
                0x08001274                SPI1_Handler
                0x08001274                RCC_Handler
                0x08001274                PVD_Handler
                0x08001274                TIM6_Handler
                0x08001274                ADC_COMP_Handler
                0x08001288                Hard_Fault_Handler
 .text          0x0800129c      0x29c newlib_stubs.o
                0x0800129c                _exit
                0x080012a6                _close
                0x080012ba                _execve
                0x080012dc                _fork
                0x080012f4                _fstat
                0x08001310                _getpid
                0x0800131c                _kill
                0x0800133c                _link
                0x0800135c                _lseek
                0x08001372                _stat
                0x0800138e                _times
                0x080013a2                _unlink
                0x080013c0                _wait
                0x080013e0                _isatty
                0x08001408                _sbrk
                0x0800146c                _read
                0x080014e4                _write
 .text          0x08001538      0x338 pwm.o
                0x08001538                pwmPower1
                0x08001680                OneOn
                0x0800169a                TwoOn
                0x080016b4                ThreeOn
                0x080016ce                FourOn
                0x080016e8                OneOff
                0x08001702                TwoOff
                0x0800171c                ThreeOff
                0x08001736                FourOff
                0x08001750                TIM2_Handler
 .text          0x08001870      0x1f0 init.o
                0x08001870                Hardware_Init
 .text          0x08001a60      0x178 Period.o
                0x08001a60                delay
                0x08001a7e                GetPeriod
                0x08001b78                findPeriod
 .text          0x08001bd8      0x214 sweep.o
                0x08001bd8                startSweep
                0x08001c2c                stopSweep
                0x08001c7c                TIM22_Handler
 .text          0x08001dec        0x0 C:\Program Files (x86)\Arm GNU Toolchain arm-none-eabi\13.2 Rel1\lib\gcc\arm-none-eabi\13.2.1\thumb\v6-m\nofp\libnosys.a(errno.o)
 .text          0x08001dec      0x1d4 C:\Program Files (x86)\Arm GNU Toolchain arm-none-eabi\13.2 Rel1\lib\gcc\arm-none-eabi\13.2.1\thumb\v6-m\nofp\libgcc.a(_divsi3.o)
                0x08001dec                __divsi3
                0x08001dec                __aeabi_idiv
                0x08001fb8                __aeabi_idivmod
 .text          0x08001fc0        0x4 C:\Program Files (x86)\Arm GNU Toolchain arm-none-eabi\13.2 Rel1\lib\gcc\arm-none-eabi\13.2.1\thumb\v6-m\nofp\libgcc.a(_dvmd_tls.o)
                0x08001fc0                __aeabi_idiv0
                0x08001fc0                __aeabi_ldiv0
 .text          0x08001fc4        0x0 C:\Program Files (x86)\Arm GNU Toolchain arm-none-eabi\13.2 Rel1\lib\gcc\arm-none-eabi\13.2.1\thumb\v6-m\nofp\libgcc.a(divsf3.o)
 .text.__aeabi_fdiv
                0x08001fc4      0x224 C:\Program Files (x86)\Arm GNU Toolchain arm-none-eabi\13.2 Rel1\lib\gcc\arm-none-eabi\13.2.1\thumb\v6-m\nofp\libgcc.a(divsf3.o)
                0x08001fc4                __aeabi_fdiv
 .text          0x080021e8        0x0 C:\Program Files (x86)\Arm GNU Toolchain arm-none-eabi\13.2 Rel1\lib\gcc\arm-none-eabi\13.2.1\thumb\v6-m\nofp\libgcc.a(fixsfsi.o)
 .text.__aeabi_f2iz
                0x080021e8       0x40 C:\Program Files (x86)\Arm GNU Toolchain arm-none-eabi\13.2 Rel1\lib\gcc\arm-none-eabi\13.2.1\thumb\v6-m\nofp\libgcc.a(fixsfsi.o)
                0x080021e8                __aeabi_f2iz
 .text          0x08002228        0x0 C:\Program Files (x86)\Arm GNU Toolchain arm-none-eabi\13.2 Rel1\lib\gcc\arm-none-eabi\13.2.1\thumb\v6-m\nofp\libgcc.a(divdf3.o)
 .text.__aeabi_ddiv
                0x08002228      0x604 C:\Program Files (x86)\Arm GNU Toolchain arm-none-eabi\13.2 Rel1\lib\gcc\arm-none-eabi\13.2.1\thumb\v6-m\nofp\libgcc.a(divdf3.o)
                0x08002228                __aeabi_ddiv
 .text          0x0800282c        0x0 C:\Program Files (x86)\Arm GNU Toolchain arm-none-eabi\13.2 Rel1\lib\gcc\arm-none-eabi\13.2.1\thumb\v6-m\nofp\libgcc.a(floatsidf.o)
 .text.__aeabi_i2d
                0x0800282c       0x5c C:\Program Files (x86)\Arm GNU Toolchain arm-none-eabi\13.2 Rel1\lib\gcc\arm-none-eabi\13.2.1\thumb\v6-m\nofp\libgcc.a(floatsidf.o)
                0x0800282c                __aeabi_i2d
 .text          0x08002888        0x0 C:\Program Files (x86)\Arm GNU Toolchain arm-none-eabi\13.2 Rel1\lib\gcc\arm-none-eabi\13.2.1\thumb\v6-m\nofp\libgcc.a(truncdfsf2.o)
 .text.__aeabi_d2f
                0x08002888      0x10c C:\Program Files (x86)\Arm GNU Toolchain arm-none-eabi\13.2 Rel1\lib\gcc\arm-none-eabi\13.2.1\thumb\v6-m\nofp\libgcc.a(truncdfsf2.o)
                0x08002888                __aeabi_d2f
 .text          0x08002994      0x114 C:\Program Files (x86)\Arm GNU Toolchain arm-none-eabi\13.2 Rel1\lib\gcc\arm-none-eabi\13.2.1\thumb\v6-m\nofp\libgcc.a(_udivsi3.o)
                0x08002994                __aeabi_uidiv
                0x08002994                __udivsi3
                0x08002aa0                __aeabi_uidivmod
 .text          0x08002aa8       0x3c C:\Program Files (x86)\Arm GNU Toolchain arm-none-eabi\13.2 Rel1\lib\gcc\arm-none-eabi\13.2.1\thumb\v6-m\nofp\libgcc.a(_clzsi2.o)
                0x08002aa8                __clzsi2
 .text          0x08002ae4        0x0 C:\Program Files (x86)\Arm GNU Toolchain arm-none-eabi\13.2 Rel1\lib\gcc\arm-none-eabi\13.2.1\thumb\v6-m\nofp\libc_nano.a(libc_a-printf.o)
 .text._printf_r
                0x08002ae4       0x18 C:\Program Files (x86)\Arm GNU Toolchain arm-none-eabi\13.2 Rel1\lib\gcc\arm-none-eabi\13.2.1\thumb\v6-m\nofp\libc_nano.a(libc_a-printf.o)
                0x08002ae4                _iprintf_r
                0x08002ae4                _printf_r
 .text.printf   0x08002afc       0x20 C:\Program Files (x86)\Arm GNU Toolchain arm-none-eabi\13.2 Rel1\lib\gcc\arm-none-eabi\13.2.1\thumb\v6-m\nofp\libc_nano.a(libc_a-printf.o)
                0x08002afc                iprintf
                0x08002afc                printf
 .text          0x08002b1c        0x0 C:\Program Files (x86)\Arm GNU Toolchain arm-none-eabi\13.2 Rel1\lib\gcc\arm-none-eabi\13.2.1\thumb\v6-m\nofp\libc_nano.a(libc_a-puts.o)
 .text._puts_r  0x08002b1c       0xac C:\Program Files (x86)\Arm GNU Toolchain arm-none-eabi\13.2 Rel1\lib\gcc\arm-none-eabi\13.2.1\thumb\v6-m\nofp\libc_nano.a(libc_a-puts.o)
                0x08002b1c                _puts_r
 .text.puts     0x08002bc8       0x14 C:\Program Files (x86)\Arm GNU Toolchain arm-none-eabi\13.2 Rel1\lib\gcc\arm-none-eabi\13.2.1\thumb\v6-m\nofp\libc_nano.a(libc_a-puts.o)
                0x08002bc8                puts
 .text          0x08002bdc        0x0 C:\Program Files (x86)\Arm GNU Toolchain arm-none-eabi\13.2 Rel1\lib\gcc\arm-none-eabi\13.2.1\thumb\v6-m\nofp\libc_nano.a(libc_a-wbuf.o)
 .text.__swbuf_r
                0x08002bdc       0x84 C:\Program Files (x86)\Arm GNU Toolchain arm-none-eabi\13.2 Rel1\lib\gcc\arm-none-eabi\13.2.1\thumb\v6-m\nofp\libc_nano.a(libc_a-wbuf.o)
                0x08002bdc                __swbuf_r
 .text.__swbuf  0x08002c60       0x14 C:\Program Files (x86)\Arm GNU Toolchain arm-none-eabi\13.2 Rel1\lib\gcc\arm-none-eabi\13.2.1\thumb\v6-m\nofp\libc_nano.a(libc_a-wbuf.o)
                0x08002c60                __swbuf
 .text          0x08002c74        0x0 C:\Program Files (x86)\Arm GNU Toolchain arm-none-eabi\13.2 Rel1\lib\gcc\arm-none-eabi\13.2.1\thumb\v6-m\nofp\libc_nano.a(libc_a-wsetup.o)
 .text.__swsetup_r
                0x08002c74       0xbc C:\Program Files (x86)\Arm GNU Toolchain arm-none-eabi\13.2 Rel1\lib\gcc\arm-none-eabi\13.2.1\thumb\v6-m\nofp\libc_nano.a(libc_a-wsetup.o)
                0x08002c74                __swsetup_r
 .text          0x08002d30        0x0 C:\Program Files (x86)\Arm GNU Toolchain arm-none-eabi\13.2 Rel1\lib\gcc\arm-none-eabi\13.2.1\thumb\v6-m\nofp\libc_nano.a(libc_a-impure.o)
 .text          0x08002d30        0x0 C:\Program Files (x86)\Arm GNU Toolchain arm-none-eabi\13.2 Rel1\lib\gcc\arm-none-eabi\13.2.1\thumb\v6-m\nofp\libc_nano.a(libc_a-lock.o)
 .text.__retarget_lock_init
                0x08002d30        0x2 C:\Program Files (x86)\Arm GNU Toolchain arm-none-eabi\13.2 Rel1\lib\gcc\arm-none-eabi\13.2.1\thumb\v6-m\nofp\libc_nano.a(libc_a-lock.o)
                0x08002d30                __retarget_lock_init
 .text.__retarget_lock_init_recursive
                0x08002d32        0x2 C:\Program Files (x86)\Arm GNU Toolchain arm-none-eabi\13.2 Rel1\lib\gcc\arm-none-eabi\13.2.1\thumb\v6-m\nofp\libc_nano.a(libc_a-lock.o)
                0x08002d32                __retarget_lock_init_recursive
 .text.__retarget_lock_close
                0x08002d34        0x2 C:\Program Files (x86)\Arm GNU Toolchain arm-none-eabi\13.2 Rel1\lib\gcc\arm-none-eabi\13.2.1\thumb\v6-m\nofp\libc_nano.a(libc_a-lock.o)
                0x08002d34                __retarget_lock_close
 .text.__retarget_lock_close_recursive
                0x08002d36        0x2 C:\Program Files (x86)\Arm GNU Toolchain arm-none-eabi\13.2 Rel1\lib\gcc\arm-none-eabi\13.2.1\thumb\v6-m\nofp\libc_nano.a(libc_a-lock.o)
                0x08002d36                __retarget_lock_close_recursive
 .text.__retarget_lock_acquire
                0x08002d38        0x2 C:\Program Files (x86)\Arm GNU Toolchain arm-none-eabi\13.2 Rel1\lib\gcc\arm-none-eabi\13.2.1\thumb\v6-m\nofp\libc_nano.a(libc_a-lock.o)
                0x08002d38                __retarget_lock_acquire
 .text.__retarget_lock_acquire_recursive
                0x08002d3a        0x2 C:\Program Files (x86)\Arm GNU Toolchain arm-none-eabi\13.2 Rel1\lib\gcc\arm-none-eabi\13.2.1\thumb\v6-m\nofp\libc_nano.a(libc_a-lock.o)
                0x08002d3a                __retarget_lock_acquire_recursive
 .text.__retarget_lock_try_acquire
                0x08002d3c        0x4 C:\Program Files (x86)\Arm GNU Toolchain arm-none-eabi\13.2 Rel1\lib\gcc\arm-none-eabi\13.2.1\thumb\v6-m\nofp\libc_nano.a(libc_a-lock.o)
                0x08002d3c                __retarget_lock_try_acquire
 .text.__retarget_lock_try_acquire_recursive
                0x08002d40        0x4 C:\Program Files (x86)\Arm GNU Toolchain arm-none-eabi\13.2 Rel1\lib\gcc\arm-none-eabi\13.2.1\thumb\v6-m\nofp\libc_nano.a(libc_a-lock.o)
                0x08002d40                __retarget_lock_try_acquire_recursive
 .text.__retarget_lock_release
                0x08002d44        0x2 C:\Program Files (x86)\Arm GNU Toolchain arm-none-eabi\13.2 Rel1\lib\gcc\arm-none-eabi\13.2.1\thumb\v6-m\nofp\libc_nano.a(libc_a-lock.o)
                0x08002d44                __retarget_lock_release
 .text.__retarget_lock_release_recursive
                0x08002d46        0x2 C:\Program Files (x86)\Arm GNU Toolchain arm-none-eabi\13.2 Rel1\lib\gcc\arm-none-eabi\13.2.1\thumb\v6-m\nofp\libc_nano.a(libc_a-lock.o)
                0x08002d46                __retarget_lock_release_recursive
 .text          0x08002d48        0x0 C:\Program Files (x86)\Arm GNU Toolchain arm-none-eabi\13.2 Rel1\lib\gcc\arm-none-eabi\13.2.1\thumb\v6-m\nofp\libc_nano.a(libc_a-freer.o)
 .text._free_r  0x08002d48       0x94 C:\Program Files (x86)\Arm GNU Toolchain arm-none-eabi\13.2 Rel1\lib\gcc\arm-none-eabi\13.2.1\thumb\v6-m\nofp\libc_nano.a(libc_a-freer.o)
                0x08002d48                _free_r
 .text          0x08002ddc        0x0 C:\Program Files (x86)\Arm GNU Toolchain arm-none-eabi\13.2 Rel1\lib\gcc\arm-none-eabi\13.2.1\thumb\v6-m\nofp\libc_nano.a(libc_a-mallocr.o)
 .text.sbrk_aligned
                0x08002ddc       0x44 C:\Program Files (x86)\Arm GNU Toolchain arm-none-eabi\13.2 Rel1\lib\gcc\arm-none-eabi\13.2.1\thumb\v6-m\nofp\libc_nano.a(libc_a-mallocr.o)
 .text._malloc_r
                0x08002e20      0x100 C:\Program Files (x86)\Arm GNU Toolchain arm-none-eabi\13.2 Rel1\lib\gcc\arm-none-eabi\13.2.1\thumb\v6-m\nofp\libc_nano.a(libc_a-mallocr.o)
                0x08002e20                _malloc_r
 .text          0x08002f20        0x0 C:\Program Files (x86)\Arm GNU Toolchain arm-none-eabi\13.2 Rel1\lib\gcc\arm-none-eabi\13.2.1\thumb\v6-m\nofp\libc_nano.a(libc_a-mlock.o)
 .text.__malloc_lock
                0x08002f20       0x10 C:\Program Files (x86)\Arm GNU Toolchain arm-none-eabi\13.2 Rel1\lib\gcc\arm-none-eabi\13.2.1\thumb\v6-m\nofp\libc_nano.a(libc_a-mlock.o)
                0x08002f20                __malloc_lock
 .text.__malloc_unlock
                0x08002f30       0x10 C:\Program Files (x86)\Arm GNU Toolchain arm-none-eabi\13.2 Rel1\lib\gcc\arm-none-eabi\13.2.1\thumb\v6-m\nofp\libc_nano.a(libc_a-mlock.o)
                0x08002f30                __malloc_unlock
 .text          0x08002f40        0x0 C:\Program Files (x86)\Arm GNU Toolchain arm-none-eabi\13.2 Rel1\lib\gcc\arm-none-eabi\13.2.1\thumb\v6-m\nofp\libc_nano.a(libc_a-nano-vfprintf.o)
 .text.__sfputc_r
                0x08002f40       0x2a C:\Program Files (x86)\Arm GNU Toolchain arm-none-eabi\13.2 Rel1\lib\gcc\arm-none-eabi\13.2.1\thumb\v6-m\nofp\libc_nano.a(libc_a-nano-vfprintf.o)
 .text.__sfputs_r
                0x08002f6a       0x24 C:\Program Files (x86)\Arm GNU Toolchain arm-none-eabi\13.2 Rel1\lib\gcc\arm-none-eabi\13.2.1\thumb\v6-m\nofp\libc_nano.a(libc_a-nano-vfprintf.o)
                0x08002f6a                __sfputs_r
 .text.__sprint_r
                0x08002f8e       0x20 C:\Program Files (x86)\Arm GNU Toolchain arm-none-eabi\13.2 Rel1\lib\gcc\arm-none-eabi\13.2.1\thumb\v6-m\nofp\libc_nano.a(libc_a-nano-vfprintf.o)
                0x08002f8e                __sprint_r
 *fill*         0x08002fae        0x2 
 .text._vfprintf_r
                0x08002fb0      0x238 C:\Program Files (x86)\Arm GNU Toolchain arm-none-eabi\13.2 Rel1\lib\gcc\arm-none-eabi\13.2.1\thumb\v6-m\nofp\libc_nano.a(libc_a-nano-vfprintf.o)
                0x08002fb0                _vfprintf_r
                0x08002fb0                _vfiprintf_r
 .text.vfprintf
                0x080031e8       0x18 C:\Program Files (x86)\Arm GNU Toolchain arm-none-eabi\13.2 Rel1\lib\gcc\arm-none-eabi\13.2.1\thumb\v6-m\nofp\libc_nano.a(libc_a-nano-vfprintf.o)
                0x080031e8                vfprintf
                0x080031e8                vfiprintf
 .text          0x08003200        0x0 C:\Program Files (x86)\Arm GNU Toolchain arm-none-eabi\13.2 Rel1\lib\gcc\arm-none-eabi\13.2.1\thumb\v6-m\nofp\libc_nano.a(libc_a-nano-vfprintf_i.o)
 .text._printf_common
                0x08003200       0xde C:\Program Files (x86)\Arm GNU Toolchain arm-none-eabi\13.2 Rel1\lib\gcc\arm-none-eabi\13.2.1\thumb\v6-m\nofp\libc_nano.a(libc_a-nano-vfprintf_i.o)
                0x08003200                _printf_common
 *fill*         0x080032de        0x2 
 .text._printf_i
                0x080032e0      0x218 C:\Program Files (x86)\Arm GNU Toolchain arm-none-eabi\13.2 Rel1\lib\gcc\arm-none-eabi\13.2.1\thumb\v6-m\nofp\libc_nano.a(libc_a-nano-vfprintf_i.o)
                0x080032e0                _printf_i
 .text          0x080034f8        0x0 C:\Program Files (x86)\Arm GNU Toolchain arm-none-eabi\13.2 Rel1\lib\gcc\arm-none-eabi\13.2.1\thumb\v6-m\nofp\libc_nano.a(libc_a-fflush.o)
 .text.__sflush_r
                0x080034f8      0x10c C:\Program Files (x86)\Arm GNU Toolchain arm-none-eabi\13.2 Rel1\lib\gcc\arm-none-eabi\13.2.1\thumb\v6-m\nofp\libc_nano.a(libc_a-fflush.o)
                0x080034f8                __sflush_r
 .text._fflush_r
                0x08003604       0x56 C:\Program Files (x86)\Arm GNU Toolchain arm-none-eabi\13.2 Rel1\lib\gcc\arm-none-eabi\13.2.1\thumb\v6-m\nofp\libc_nano.a(libc_a-fflush.o)
                0x08003604                _fflush_r
 *fill*         0x0800365a        0x2 
 .text.fflush   0x0800365c       0x30 C:\Program Files (x86)\Arm GNU Toolchain arm-none-eabi\13.2 Rel1\lib\gcc\arm-none-eabi\13.2.1\thumb\v6-m\nofp\libc_nano.a(libc_a-fflush.o)
                0x0800365c                fflush
 .text          0x0800368c        0x0 C:\Program Files (x86)\Arm GNU Toolchain arm-none-eabi\13.2 Rel1\lib\gcc\arm-none-eabi\13.2.1\thumb\v6-m\nofp\libc_nano.a(libc_a-findfp.o)
 .text.std      0x0800368c       0x6c C:\Program Files (x86)\Arm GNU Toolchain arm-none-eabi\13.2 Rel1\lib\gcc\arm-none-eabi\13.2.1\thumb\v6-m\nofp\libc_nano.a(libc_a-findfp.o)
 .text.stdio_exit_handler
                0x080036f8       0x1c C:\Program Files (x86)\Arm GNU Toolchain arm-none-eabi\13.2 Rel1\lib\gcc\arm-none-eabi\13.2.1\thumb\v6-m\nofp\libc_nano.a(libc_a-findfp.o)
 .text.cleanup_stdio
                0x08003714       0x3c C:\Program Files (x86)\Arm GNU Toolchain arm-none-eabi\13.2 Rel1\lib\gcc\arm-none-eabi\13.2.1\thumb\v6-m\nofp\libc_nano.a(libc_a-findfp.o)
 .text.__fp_lock
                0x08003750       0x18 C:\Program Files (x86)\Arm GNU Toolchain arm-none-eabi\13.2 Rel1\lib\gcc\arm-none-eabi\13.2.1\thumb\v6-m\nofp\libc_nano.a(libc_a-findfp.o)
 .text.__fp_unlock
                0x08003768       0x18 C:\Program Files (x86)\Arm GNU Toolchain arm-none-eabi\13.2 Rel1\lib\gcc\arm-none-eabi\13.2.1\thumb\v6-m\nofp\libc_nano.a(libc_a-findfp.o)
 .text.global_stdio_init.part.0
                0x08003780       0x3c C:\Program Files (x86)\Arm GNU Toolchain arm-none-eabi\13.2 Rel1\lib\gcc\arm-none-eabi\13.2.1\thumb\v6-m\nofp\libc_nano.a(libc_a-findfp.o)
 .text.__sfp_lock_acquire
                0x080037bc       0x10 C:\Program Files (x86)\Arm GNU Toolchain arm-none-eabi\13.2 Rel1\lib\gcc\arm-none-eabi\13.2.1\thumb\v6-m\nofp\libc_nano.a(libc_a-findfp.o)
                0x080037bc                __sfp_lock_acquire
 .text.__sfp_lock_release
                0x080037cc       0x10 C:\Program Files (x86)\Arm GNU Toolchain arm-none-eabi\13.2 Rel1\lib\gcc\arm-none-eabi\13.2.1\thumb\v6-m\nofp\libc_nano.a(libc_a-findfp.o)
                0x080037cc                __sfp_lock_release
 .text.__sfp    0x080037dc       0xa8 C:\Program Files (x86)\Arm GNU Toolchain arm-none-eabi\13.2 Rel1\lib\gcc\arm-none-eabi\13.2.1\thumb\v6-m\nofp\libc_nano.a(libc_a-findfp.o)
                0x080037dc                __sfp
 .text.__sinit  0x08003884       0x30 C:\Program Files (x86)\Arm GNU Toolchain arm-none-eabi\13.2 Rel1\lib\gcc\arm-none-eabi\13.2.1\thumb\v6-m\nofp\libc_nano.a(libc_a-findfp.o)
                0x08003884                __sinit
 .text.__fp_lock_all
                0x080038b4       0x1c C:\Program Files (x86)\Arm GNU Toolchain arm-none-eabi\13.2 Rel1\lib\gcc\arm-none-eabi\13.2.1\thumb\v6-m\nofp\libc_nano.a(libc_a-findfp.o)
                0x080038b4                __fp_lock_all
 .text.__fp_unlock_all
                0x080038d0       0x1c C:\Program Files (x86)\Arm GNU Toolchain arm-none-eabi\13.2 Rel1\lib\gcc\arm-none-eabi\13.2.1\thumb\v6-m\nofp\libc_nano.a(libc_a-findfp.o)
                0x080038d0                __fp_unlock_all
 .text          0x080038ec        0x0 C:\Program Files (x86)\Arm GNU Toolchain arm-none-eabi\13.2 Rel1\lib\gcc\arm-none-eabi\13.2.1\thumb\v6-m\nofp\libc_nano.a(libc_a-fvwrite.o)
 .text.__sfvwrite_r
                0x080038ec      0x2b4 C:\Program Files (x86)\Arm GNU Toolchain arm-none-eabi\13.2 Rel1\lib\gcc\arm-none-eabi\13.2.1\thumb\v6-m\nofp\libc_nano.a(libc_a-fvwrite.o)
                0x080038ec                __sfvwrite_r
 .text          0x08003ba0        0x0 C:\Program Files (x86)\Arm GNU Toolchain arm-none-eabi\13.2 Rel1\lib\gcc\arm-none-eabi\13.2.1\thumb\v6-m\nofp\libc_nano.a(libc_a-fwalk.o)
 .text._fwalk_sglue
                0x08003ba0       0x38 C:\Program Files (x86)\Arm GNU Toolchain arm-none-eabi\13.2 Rel1\lib\gcc\arm-none-eabi\13.2.1\thumb\v6-m\nofp\libc_nano.a(libc_a-fwalk.o)
                0x08003ba0                _fwalk_sglue
 .text          0x08003bd8        0x0 C:\Program Files (x86)\Arm GNU Toolchain arm-none-eabi\13.2 Rel1\lib\gcc\arm-none-eabi\13.2.1\thumb\v6-m\nofp\libc_nano.a(libc_a-makebuf.o)
 .text.__swhatbuf_r
                0x08003bd8       0x54 C:\Program Files (x86)\Arm GNU Toolchain arm-none-eabi\13.2 Rel1\lib\gcc\arm-none-eabi\13.2.1\thumb\v6-m\nofp\libc_nano.a(libc_a-makebuf.o)
                0x08003bd8                __swhatbuf_r
 .text.__smakebuf_r
                0x08003c2c       0x82 C:\Program Files (x86)\Arm GNU Toolchain arm-none-eabi\13.2 Rel1\lib\gcc\arm-none-eabi\13.2.1\thumb\v6-m\nofp\libc_nano.a(libc_a-makebuf.o)
                0x08003c2c                __smakebuf_r
 .text          0x08003cae        0x0 C:\Program Files (x86)\Arm GNU Toolchain arm-none-eabi\13.2 Rel1\lib\gcc\arm-none-eabi\13.2.1\thumb\v6-m\nofp\libc_nano.a(libc_a-stdio.o)
 *fill*         0x08003cae        0x2 
 .text.__sread  0x08003cb0       0x28 C:\Program Files (x86)\Arm GNU Toolchain arm-none-eabi\13.2 Rel1\lib\gcc\arm-none-eabi\13.2.1\thumb\v6-m\nofp\libc_nano.a(libc_a-stdio.o)
                0x08003cb0                __sread
 .text.__seofread
                0x08003cd8        0x4 C:\Program Files (x86)\Arm GNU Toolchain arm-none-eabi\13.2 Rel1\lib\gcc\arm-none-eabi\13.2.1\thumb\v6-m\nofp\libc_nano.a(libc_a-stdio.o)
                0x08003cd8                __seofread
 .text.__swrite
                0x08003cdc       0x38 C:\Program Files (x86)\Arm GNU Toolchain arm-none-eabi\13.2 Rel1\lib\gcc\arm-none-eabi\13.2.1\thumb\v6-m\nofp\libc_nano.a(libc_a-stdio.o)
                0x08003cdc                __swrite
 .text.__sseek  0x08003d14       0x2c C:\Program Files (x86)\Arm GNU Toolchain arm-none-eabi\13.2 Rel1\lib\gcc\arm-none-eabi\13.2.1\thumb\v6-m\nofp\libc_nano.a(libc_a-stdio.o)
                0x08003d14                __sseek
 .text.__sclose
                0x08003d40        0xc C:\Program Files (x86)\Arm GNU Toolchain arm-none-eabi\13.2 Rel1\lib\gcc\arm-none-eabi\13.2.1\thumb\v6-m\nofp\libc_nano.a(libc_a-stdio.o)
                0x08003d40                __sclose
 .text          0x08003d4c        0x0 C:\Program Files (x86)\Arm GNU Toolchain arm-none-eabi\13.2 Rel1\lib\gcc\arm-none-eabi\13.2.1\thumb\v6-m\nofp\libc_nano.a(libc_a-memmove.o)
 .text.memmove  0x08003d4c       0x24 C:\Program Files (x86)\Arm GNU Toolchain arm-none-eabi\13.2 Rel1\lib\gcc\arm-none-eabi\13.2.1\thumb\v6-m\nofp\libc_nano.a(libc_a-memmove.o)
                0x08003d4c                memmove
 .text          0x08003d70        0x0 C:\Program Files (x86)\Arm GNU Toolchain arm-none-eabi\13.2 Rel1\lib\gcc\arm-none-eabi\13.2.1\thumb\v6-m\nofp\libc_nano.a(libc_a-memset.o)
 .text.memset   0x08003d70       0x10 C:\Program Files (x86)\Arm GNU Toolchain arm-none-eabi\13.2 Rel1\lib\gcc\arm-none-eabi\13.2.1\thumb\v6-m\nofp\libc_nano.a(libc_a-memset.o)
                0x08003d70                memset
 .text          0x08003d80        0x0 C:\Program Files (x86)\Arm GNU Toolchain arm-none-eabi\13.2 Rel1\lib\gcc\arm-none-eabi\13.2.1\thumb\v6-m\nofp\libc_nano.a(libc_a-closer.o)
 .text._close_r
                0x08003d80       0x24 C:\Program Files (x86)\Arm GNU Toolchain arm-none-eabi\13.2 Rel1\lib\gcc\arm-none-eabi\13.2.1\thumb\v6-m\nofp\libc_nano.a(libc_a-closer.o)
                0x08003d80                _close_r
 .text          0x08003da4        0x0 C:\Program Files (x86)\Arm GNU Toolchain arm-none-eabi\13.2 Rel1\lib\gcc\arm-none-eabi\13.2.1\thumb\v6-m\nofp\libc_nano.a(libc_a-fstatr.o)
 .text._fstat_r
                0x08003da4       0x24 C:\Program Files (x86)\Arm GNU Toolchain arm-none-eabi\13.2 Rel1\lib\gcc\arm-none-eabi\13.2.1\thumb\v6-m\nofp\libc_nano.a(libc_a-fstatr.o)
                0x08003da4                _fstat_r
 .text          0x08003dc8        0x0 C:\Program Files (x86)\Arm GNU Toolchain arm-none-eabi\13.2 Rel1\lib\gcc\arm-none-eabi\13.2.1\thumb\v6-m\nofp\libc_nano.a(libc_a-isattyr.o)
 .text._isatty_r
                0x08003dc8       0x24 C:\Program Files (x86)\Arm GNU Toolchain arm-none-eabi\13.2 Rel1\lib\gcc\arm-none-eabi\13.2.1\thumb\v6-m\nofp\libc_nano.a(libc_a-isattyr.o)
                0x08003dc8                _isatty_r
 .text          0x08003dec        0x0 C:\Program Files (x86)\Arm GNU Toolchain arm-none-eabi\13.2 Rel1\lib\gcc\arm-none-eabi\13.2.1\thumb\v6-m\nofp\libc_nano.a(libc_a-lseekr.o)
 .text._lseek_r
                0x08003dec       0x28 C:\Program Files (x86)\Arm GNU Toolchain arm-none-eabi\13.2 Rel1\lib\gcc\arm-none-eabi\13.2.1\thumb\v6-m\nofp\libc_nano.a(libc_a-lseekr.o)
                0x08003dec                _lseek_r
 .text          0x08003e14        0x0 C:\Program Files (x86)\Arm GNU Toolchain arm-none-eabi\13.2 Rel1\lib\gcc\arm-none-eabi\13.2.1\thumb\v6-m\nofp\libc_nano.a(libc_a-readr.o)
 .text._read_r  0x08003e14       0x28 C:\Program Files (x86)\Arm GNU Toolchain arm-none-eabi\13.2 Rel1\lib\gcc\arm-none-eabi\13.2.1\thumb\v6-m\nofp\libc_nano.a(libc_a-readr.o)
                0x08003e14                _read_r
 .text          0x08003e3c        0x0 C:\Program Files (x86)\Arm GNU Toolchain arm-none-eabi\13.2 Rel1\lib\gcc\arm-none-eabi\13.2.1\thumb\v6-m\nofp\libc_nano.a(libc_a-sbrkr.o)
 .text._sbrk_r  0x08003e3c       0x24 C:\Program Files (x86)\Arm GNU Toolchain arm-none-eabi\13.2 Rel1\lib\gcc\arm-none-eabi\13.2.1\thumb\v6-m\nofp\libc_nano.a(libc_a-sbrkr.o)
                0x08003e3c                _sbrk_r
 .text          0x08003e60        0x0 C:\Program Files (x86)\Arm GNU Toolchain arm-none-eabi\13.2 Rel1\lib\gcc\arm-none-eabi\13.2.1\thumb\v6-m\nofp\libc_nano.a(libc_a-writer.o)
 .text._write_r
                0x08003e60       0x28 C:\Program Files (x86)\Arm GNU Toolchain arm-none-eabi\13.2 Rel1\lib\gcc\arm-none-eabi\13.2.1\thumb\v6-m\nofp\libc_nano.a(libc_a-writer.o)
                0x08003e60                _write_r
 .text          0x08003e88        0x0 C:\Program Files (x86)\Arm GNU Toolchain arm-none-eabi\13.2 Rel1\lib\gcc\arm-none-eabi\13.2.1\thumb\v6-m\nofp\libc_nano.a(libc_a-memchr-stub.o)
 .text.memchr   0x08003e88       0x16 C:\Program Files (x86)\Arm GNU Toolchain arm-none-eabi\13.2 Rel1\lib\gcc\arm-none-eabi\13.2.1\thumb\v6-m\nofp\libc_nano.a(libc_a-memchr-stub.o)
                0x08003e88                memchr
 .text          0x08003e9e        0x0 C:\Program Files (x86)\Arm GNU Toolchain arm-none-eabi\13.2 Rel1\lib\gcc\arm-none-eabi\13.2.1\thumb\v6-m\nofp\libc_nano.a(libc_a-memcpy-stub.o)
 .text.memcpy   0x08003e9e       0x12 C:\Program Files (x86)\Arm GNU Toolchain arm-none-eabi\13.2 Rel1\lib\gcc\arm-none-eabi\13.2.1\thumb\v6-m\nofp\libc_nano.a(libc_a-memcpy-stub.o)
                0x08003e9e                memcpy
 .text          0x08003eb0        0x0 C:\Program Files (x86)\Arm GNU Toolchain arm-none-eabi\13.2 Rel1\lib\gcc\arm-none-eabi\13.2.1\thumb\v6-m\nofp\libc_nano.a(libc_a-reallocr.o)
 .text._realloc_r
                0x08003eb0       0x60 C:\Program Files (x86)\Arm GNU Toolchain arm-none-eabi\13.2 Rel1\lib\gcc\arm-none-eabi\13.2.1\thumb\v6-m\nofp\libc_nano.a(libc_a-reallocr.o)
                0x08003eb0                _realloc_r
 .text          0x08003f10        0x0 C:\Program Files (x86)\Arm GNU Toolchain arm-none-eabi\13.2 Rel1\lib\gcc\arm-none-eabi\13.2.1\thumb\v6-m\nofp\libc_nano.a(libc_a-msizer.o)
 .text._malloc_usable_size_r
                0x08003f10       0x10 C:\Program Files (x86)\Arm GNU Toolchain arm-none-eabi\13.2 Rel1\lib\gcc\arm-none-eabi\13.2.1\thumb\v6-m\nofp\libc_nano.a(libc_a-msizer.o)
                0x08003f10                _malloc_usable_size_r
 .text          0x08003f20       0x14 C:\Program Files (x86)\Arm GNU Toolchain arm-none-eabi\13.2 Rel1\lib\gcc\arm-none-eabi\13.2.1\thumb\v6-m\nofp\libgcc.a(_thumb1_case_shi.o)
                0x08003f20                __gnu_thumb1_case_shi
 *(.rodata*)
 .rodata        0x08003f34       0xca main.o
 *fill*         0x08003ffe        0x2 
 .rodata        0x08004000       0x19 UART2.o
 *fill*         0x08004019        0x3 
 .rodata        0x0800401c       0x7c startup.o
 .rodata        0x08004098       0x48 pwm.o
 .rodata.__aeabi_fdiv
                0x080040e0       0x7c C:\Program Files (x86)\Arm GNU Toolchain arm-none-eabi\13.2 Rel1\lib\gcc\arm-none-eabi\13.2.1\thumb\v6-m\nofp\libgcc.a(divsf3.o)
 .rodata.__aeabi_ddiv
                0x0800415c       0x40 C:\Program Files (x86)\Arm GNU Toolchain arm-none-eabi\13.2 Rel1\lib\gcc\arm-none-eabi\13.2.1\thumb\v6-m\nofp\libgcc.a(divdf3.o)
 .rodata._vfprintf_r.str1.1
                0x0800419c       0x33 C:\Program Files (x86)\Arm GNU Toolchain arm-none-eabi\13.2 Rel1\lib\gcc\arm-none-eabi\13.2.1\thumb\v6-m\nofp\libc_nano.a(libc_a-nano-vfprintf.o)
                                 0x11 (size before relaxing)
 .rodata._printf_i.str1.1
                0x080041cf       0x22 C:\Program Files (x86)\Arm GNU Toolchain arm-none-eabi\13.2 Rel1\lib\gcc\arm-none-eabi\13.2.1\thumb\v6-m\nofp\libc_nano.a(libc_a-nano-vfprintf_i.o)
                0x080041f4                        . = ALIGN (0x4)
 *fill*         0x080041cf        0x1 
                0x080041d0                        PROVIDE (__init_array_start = .)
 *(SORT_BY_NAME(.init_array.*))
 *(.init_array)
                0x080041d0                        PROVIDE (__init_array_end = .)
                0x080041d0                        . = ALIGN (0x4)
                0x080041d0                        _etext = .

.glue_7         0x080041d0        0x0
 .glue_7        0x080041d0        0x0 linker stubs

.glue_7t        0x080041d0        0x0
 .glue_7t       0x080041d0        0x0 linker stubs

.vfp11_veneer   0x080041d0        0x0
 .vfp11_veneer  0x080041d0        0x0 linker stubs

.v4_bx          0x080041d0        0x0
 .v4_bx         0x080041d0        0x0 linker stubs

.iplt           0x080041d0        0x0
 .iplt          0x080041d0        0x0 main.o

.rel.dyn        0x080041d0        0x0
 .rel.iplt      0x080041d0        0x0 main.o

.data           0x20000000       0x80 load address 0x080041d0
                0x20000000                        . = ALIGN (0x4)
                0x20000000                        _data = .
 *(.data*)
 .data          0x20000000        0x0 main.o
 .data          0x20000000        0x0 adc.o
 .data          0x20000000        0x0 serial.o
 .data          0x20000000        0x4 UART2.o
                0x20000000                setup
 .data          0x20000004        0x0 startup.o
 .data          0x20000004        0x4 newlib_stubs.o
                0x20000004                environ
 .data          0x20000008       0x10 pwm.o
                0x20000008                pwmleft
                0x2000000c                pwmright
                0x20000010                sideinput
                0x20000014                forwardinput
 .data          0x20000018        0x0 init.o
 .data          0x20000018        0x0 Period.o
 .data          0x20000018        0xc sweep.o
                0x20000018                x
                0x2000001c                y
                0x20000020                flag
 .data          0x20000024        0x0 C:\Program Files (x86)\Arm GNU Toolchain arm-none-eabi\13.2 Rel1\lib\gcc\arm-none-eabi\13.2.1\thumb\v6-m\nofp\libnosys.a(errno.o)
 .data          0x20000024        0x0 C:\Program Files (x86)\Arm GNU Toolchain arm-none-eabi\13.2 Rel1\lib\gcc\arm-none-eabi\13.2.1\thumb\v6-m\nofp\libgcc.a(_divsi3.o)
 .data          0x20000024        0x0 C:\Program Files (x86)\Arm GNU Toolchain arm-none-eabi\13.2 Rel1\lib\gcc\arm-none-eabi\13.2.1\thumb\v6-m\nofp\libgcc.a(_dvmd_tls.o)
 .data          0x20000024        0x0 C:\Program Files (x86)\Arm GNU Toolchain arm-none-eabi\13.2 Rel1\lib\gcc\arm-none-eabi\13.2.1\thumb\v6-m\nofp\libgcc.a(divsf3.o)
 .data          0x20000024        0x0 C:\Program Files (x86)\Arm GNU Toolchain arm-none-eabi\13.2 Rel1\lib\gcc\arm-none-eabi\13.2.1\thumb\v6-m\nofp\libgcc.a(fixsfsi.o)
 .data          0x20000024        0x0 C:\Program Files (x86)\Arm GNU Toolchain arm-none-eabi\13.2 Rel1\lib\gcc\arm-none-eabi\13.2.1\thumb\v6-m\nofp\libgcc.a(divdf3.o)
 .data          0x20000024        0x0 C:\Program Files (x86)\Arm GNU Toolchain arm-none-eabi\13.2 Rel1\lib\gcc\arm-none-eabi\13.2.1\thumb\v6-m\nofp\libgcc.a(floatsidf.o)
 .data          0x20000024        0x0 C:\Program Files (x86)\Arm GNU Toolchain arm-none-eabi\13.2 Rel1\lib\gcc\arm-none-eabi\13.2.1\thumb\v6-m\nofp\libgcc.a(truncdfsf2.o)
 .data          0x20000024        0x0 C:\Program Files (x86)\Arm GNU Toolchain arm-none-eabi\13.2 Rel1\lib\gcc\arm-none-eabi\13.2.1\thumb\v6-m\nofp\libgcc.a(_udivsi3.o)
 .data          0x20000024        0x0 C:\Program Files (x86)\Arm GNU Toolchain arm-none-eabi\13.2 Rel1\lib\gcc\arm-none-eabi\13.2.1\thumb\v6-m\nofp\libgcc.a(_clzsi2.o)
 .data          0x20000024        0x0 C:\Program Files (x86)\Arm GNU Toolchain arm-none-eabi\13.2 Rel1\lib\gcc\arm-none-eabi\13.2.1\thumb\v6-m\nofp\libc_nano.a(libc_a-printf.o)
 .data          0x20000024        0x0 C:\Program Files (x86)\Arm GNU Toolchain arm-none-eabi\13.2 Rel1\lib\gcc\arm-none-eabi\13.2.1\thumb\v6-m\nofp\libc_nano.a(libc_a-puts.o)
 .data          0x20000024        0x0 C:\Program Files (x86)\Arm GNU Toolchain arm-none-eabi\13.2 Rel1\lib\gcc\arm-none-eabi\13.2.1\thumb\v6-m\nofp\libc_nano.a(libc_a-wbuf.o)
 .data          0x20000024        0x0 C:\Program Files (x86)\Arm GNU Toolchain arm-none-eabi\13.2 Rel1\lib\gcc\arm-none-eabi\13.2.1\thumb\v6-m\nofp\libc_nano.a(libc_a-wsetup.o)
 .data          0x20000024        0x0 C:\Program Files (x86)\Arm GNU Toolchain arm-none-eabi\13.2 Rel1\lib\gcc\arm-none-eabi\13.2.1\thumb\v6-m\nofp\libc_nano.a(libc_a-impure.o)
 .data._impure_ptr
                0x20000024        0x4 C:\Program Files (x86)\Arm GNU Toolchain arm-none-eabi\13.2 Rel1\lib\gcc\arm-none-eabi\13.2.1\thumb\v6-m\nofp\libc_nano.a(libc_a-impure.o)
                0x20000024                _impure_ptr
 .data._impure_data
                0x20000028       0x4c C:\Program Files (x86)\Arm GNU Toolchain arm-none-eabi\13.2 Rel1\lib\gcc\arm-none-eabi\13.2.1\thumb\v6-m\nofp\libc_nano.a(libc_a-impure.o)
                0x20000028                _impure_data
 .data          0x20000074        0x0 C:\Program Files (x86)\Arm GNU Toolchain arm-none-eabi\13.2 Rel1\lib\gcc\arm-none-eabi\13.2.1\thumb\v6-m\nofp\libc_nano.a(libc_a-lock.o)
 .data          0x20000074        0x0 C:\Program Files (x86)\Arm GNU Toolchain arm-none-eabi\13.2 Rel1\lib\gcc\arm-none-eabi\13.2.1\thumb\v6-m\nofp\libc_nano.a(libc_a-freer.o)
 .data          0x20000074        0x0 C:\Program Files (x86)\Arm GNU Toolchain arm-none-eabi\13.2 Rel1\lib\gcc\arm-none-eabi\13.2.1\thumb\v6-m\nofp\libc_nano.a(libc_a-mallocr.o)
 .data          0x20000074        0x0 C:\Program Files (x86)\Arm GNU Toolchain arm-none-eabi\13.2 Rel1\lib\gcc\arm-none-eabi\13.2.1\thumb\v6-m\nofp\libc_nano.a(libc_a-mlock.o)
 .data          0x20000074        0x0 C:\Program Files (x86)\Arm GNU Toolchain arm-none-eabi\13.2 Rel1\lib\gcc\arm-none-eabi\13.2.1\thumb\v6-m\nofp\libc_nano.a(libc_a-nano-vfprintf.o)
 .data          0x20000074        0x0 C:\Program Files (x86)\Arm GNU Toolchain arm-none-eabi\13.2 Rel1\lib\gcc\arm-none-eabi\13.2.1\thumb\v6-m\nofp\libc_nano.a(libc_a-nano-vfprintf_i.o)
 .data          0x20000074        0x0 C:\Program Files (x86)\Arm GNU Toolchain arm-none-eabi\13.2 Rel1\lib\gcc\arm-none-eabi\13.2.1\thumb\v6-m\nofp\libc_nano.a(libc_a-fflush.o)
 .data          0x20000074        0x0 C:\Program Files (x86)\Arm GNU Toolchain arm-none-eabi\13.2 Rel1\lib\gcc\arm-none-eabi\13.2.1\thumb\v6-m\nofp\libc_nano.a(libc_a-findfp.o)
 .data.__sglue  0x20000074        0xc C:\Program Files (x86)\Arm GNU Toolchain arm-none-eabi\13.2 Rel1\lib\gcc\arm-none-eabi\13.2.1\thumb\v6-m\nofp\libc_nano.a(libc_a-findfp.o)
                0x20000074                __sglue
 .data          0x20000080        0x0 C:\Program Files (x86)\Arm GNU Toolchain arm-none-eabi\13.2 Rel1\lib\gcc\arm-none-eabi\13.2.1\thumb\v6-m\nofp\libc_nano.a(libc_a-fvwrite.o)
 .data          0x20000080        0x0 C:\Program Files (x86)\Arm GNU Toolchain arm-none-eabi\13.2 Rel1\lib\gcc\arm-none-eabi\13.2.1\thumb\v6-m\nofp\libc_nano.a(libc_a-fwalk.o)
 .data          0x20000080        0x0 C:\Program Files (x86)\Arm GNU Toolchain arm-none-eabi\13.2 Rel1\lib\gcc\arm-none-eabi\13.2.1\thumb\v6-m\nofp\libc_nano.a(libc_a-makebuf.o)
 .data          0x20000080        0x0 C:\Program Files (x86)\Arm GNU Toolchain arm-none-eabi\13.2 Rel1\lib\gcc\arm-none-eabi\13.2.1\thumb\v6-m\nofp\libc_nano.a(libc_a-stdio.o)
 .data          0x20000080        0x0 C:\Program Files (x86)\Arm GNU Toolchain arm-none-eabi\13.2 Rel1\lib\gcc\arm-none-eabi\13.2.1\thumb\v6-m\nofp\libc_nano.a(libc_a-memmove.o)
 .data          0x20000080        0x0 C:\Program Files (x86)\Arm GNU Toolchain arm-none-eabi\13.2 Rel1\lib\gcc\arm-none-eabi\13.2.1\thumb\v6-m\nofp\libc_nano.a(libc_a-memset.o)
 .data          0x20000080        0x0 C:\Program Files (x86)\Arm GNU Toolchain arm-none-eabi\13.2 Rel1\lib\gcc\arm-none-eabi\13.2.1\thumb\v6-m\nofp\libc_nano.a(libc_a-closer.o)
 .data          0x20000080        0x0 C:\Program Files (x86)\Arm GNU Toolchain arm-none-eabi\13.2 Rel1\lib\gcc\arm-none-eabi\13.2.1\thumb\v6-m\nofp\libc_nano.a(libc_a-fstatr.o)
 .data          0x20000080        0x0 C:\Program Files (x86)\Arm GNU Toolchain arm-none-eabi\13.2 Rel1\lib\gcc\arm-none-eabi\13.2.1\thumb\v6-m\nofp\libc_nano.a(libc_a-isattyr.o)
 .data          0x20000080        0x0 C:\Program Files (x86)\Arm GNU Toolchain arm-none-eabi\13.2 Rel1\lib\gcc\arm-none-eabi\13.2.1\thumb\v6-m\nofp\libc_nano.a(libc_a-lseekr.o)
 .data          0x20000080        0x0 C:\Program Files (x86)\Arm GNU Toolchain arm-none-eabi\13.2 Rel1\lib\gcc\arm-none-eabi\13.2.1\thumb\v6-m\nofp\libc_nano.a(libc_a-readr.o)
 .data          0x20000080        0x0 C:\Program Files (x86)\Arm GNU Toolchain arm-none-eabi\13.2 Rel1\lib\gcc\arm-none-eabi\13.2.1\thumb\v6-m\nofp\libc_nano.a(libc_a-sbrkr.o)
 .data          0x20000080        0x0 C:\Program Files (x86)\Arm GNU Toolchain arm-none-eabi\13.2 Rel1\lib\gcc\arm-none-eabi\13.2.1\thumb\v6-m\nofp\libc_nano.a(libc_a-writer.o)
 .data          0x20000080        0x0 C:\Program Files (x86)\Arm GNU Toolchain arm-none-eabi\13.2 Rel1\lib\gcc\arm-none-eabi\13.2.1\thumb\v6-m\nofp\libc_nano.a(libc_a-memchr-stub.o)
 .data          0x20000080        0x0 C:\Program Files (x86)\Arm GNU Toolchain arm-none-eabi\13.2 Rel1\lib\gcc\arm-none-eabi\13.2.1\thumb\v6-m\nofp\libc_nano.a(libc_a-memcpy-stub.o)
 .data          0x20000080        0x0 C:\Program Files (x86)\Arm GNU Toolchain arm-none-eabi\13.2 Rel1\lib\gcc\arm-none-eabi\13.2.1\thumb\v6-m\nofp\libc_nano.a(libc_a-reallocr.o)
 .data          0x20000080        0x0 C:\Program Files (x86)\Arm GNU Toolchain arm-none-eabi\13.2 Rel1\lib\gcc\arm-none-eabi\13.2.1\thumb\v6-m\nofp\libc_nano.a(libc_a-msizer.o)
 .data          0x20000080        0x0 C:\Program Files (x86)\Arm GNU Toolchain arm-none-eabi\13.2 Rel1\lib\gcc\arm-none-eabi\13.2.1\thumb\v6-m\nofp\libgcc.a(_thumb1_case_shi.o)
                0x20000080                        . = ALIGN (0x4)
                0x20000080                        _edata = .

.igot.plt       0x20000080        0x0 load address 0x08004250
 .igot.plt      0x20000080        0x0 main.o

.bss            0x20000080      0x2c0 load address 0x08004250
                0x20000080                        _bss = .
 *(.bss*)
 .bss           0x20000080        0x4 main.o
                0x20000080                sweep
 .bss           0x20000084        0x0 adc.o
 .bss           0x20000084       0xa8 serial.o
                0x20000084                placeholder
                0x20000088                ComRXBuffer
                0x200000d4                ComTXBuffer
                0x20000120                ComOpen
                0x20000124                ComError
                0x20000128                ComBusy
 .bss           0x2000012c       0xac UART2.o
                0x2000012c                ComRXBuffer2
                0x20000178                ComTXBuffer2
                0x200001c4                ComOpen2
                0x200001c8                ComError2
                0x200001cc                ComBusy2
                0x200001d0                reading
                0x200001d4                new
 .bss           0x200001d8        0x0 startup.o
 .bss           0x200001d8        0x8 newlib_stubs.o
                0x200001d8                __env
 .bss           0x200001e0        0x4 pwm.o
                0x200001e0                Count
 .bss           0x200001e4        0x0 init.o
 .bss           0x200001e4        0x0 Period.o
 .bss           0x200001e4        0xc sweep.o
                0x200001e4                secondsPassed
                0x200001e8                ms
                0x200001ec                count
 .bss           0x200001f0        0x0 C:\Program Files (x86)\Arm GNU Toolchain arm-none-eabi\13.2 Rel1\lib\gcc\arm-none-eabi\13.2.1\thumb\v6-m\nofp\libnosys.a(errno.o)
 .bss.errno     0x200001f0        0x4 C:\Program Files (x86)\Arm GNU Toolchain arm-none-eabi\13.2 Rel1\lib\gcc\arm-none-eabi\13.2.1\thumb\v6-m\nofp\libnosys.a(errno.o)
                0x200001f0                errno
 .bss           0x200001f4        0x0 C:\Program Files (x86)\Arm GNU Toolchain arm-none-eabi\13.2 Rel1\lib\gcc\arm-none-eabi\13.2.1\thumb\v6-m\nofp\libgcc.a(_divsi3.o)
 .bss           0x200001f4        0x0 C:\Program Files (x86)\Arm GNU Toolchain arm-none-eabi\13.2 Rel1\lib\gcc\arm-none-eabi\13.2.1\thumb\v6-m\nofp\libgcc.a(_dvmd_tls.o)
 .bss           0x200001f4        0x0 C:\Program Files (x86)\Arm GNU Toolchain arm-none-eabi\13.2 Rel1\lib\gcc\arm-none-eabi\13.2.1\thumb\v6-m\nofp\libgcc.a(divsf3.o)
 .bss           0x200001f4        0x0 C:\Program Files (x86)\Arm GNU Toolchain arm-none-eabi\13.2 Rel1\lib\gcc\arm-none-eabi\13.2.1\thumb\v6-m\nofp\libgcc.a(fixsfsi.o)
 .bss           0x200001f4        0x0 C:\Program Files (x86)\Arm GNU Toolchain arm-none-eabi\13.2 Rel1\lib\gcc\arm-none-eabi\13.2.1\thumb\v6-m\nofp\libgcc.a(divdf3.o)
 .bss           0x200001f4        0x0 C:\Program Files (x86)\Arm GNU Toolchain arm-none-eabi\13.2 Rel1\lib\gcc\arm-none-eabi\13.2.1\thumb\v6-m\nofp\libgcc.a(floatsidf.o)
 .bss           0x200001f4        0x0 C:\Program Files (x86)\Arm GNU Toolchain arm-none-eabi\13.2 Rel1\lib\gcc\arm-none-eabi\13.2.1\thumb\v6-m\nofp\libgcc.a(truncdfsf2.o)
 .bss           0x200001f4        0x0 C:\Program Files (x86)\Arm GNU Toolchain arm-none-eabi\13.2 Rel1\lib\gcc\arm-none-eabi\13.2.1\thumb\v6-m\nofp\libgcc.a(_udivsi3.o)
 .bss           0x200001f4        0x0 C:\Program Files (x86)\Arm GNU Toolchain arm-none-eabi\13.2 Rel1\lib\gcc\arm-none-eabi\13.2.1\thumb\v6-m\nofp\libgcc.a(_clzsi2.o)
 .bss           0x200001f4        0x0 C:\Program Files (x86)\Arm GNU Toolchain arm-none-eabi\13.2 Rel1\lib\gcc\arm-none-eabi\13.2.1\thumb\v6-m\nofp\libc_nano.a(libc_a-printf.o)
 .bss           0x200001f4        0x0 C:\Program Files (x86)\Arm GNU Toolchain arm-none-eabi\13.2 Rel1\lib\gcc\arm-none-eabi\13.2.1\thumb\v6-m\nofp\libc_nano.a(libc_a-puts.o)
 .bss           0x200001f4        0x0 C:\Program Files (x86)\Arm GNU Toolchain arm-none-eabi\13.2 Rel1\lib\gcc\arm-none-eabi\13.2.1\thumb\v6-m\nofp\libc_nano.a(libc_a-wbuf.o)
 .bss           0x200001f4        0x0 C:\Program Files (x86)\Arm GNU Toolchain arm-none-eabi\13.2 Rel1\lib\gcc\arm-none-eabi\13.2.1\thumb\v6-m\nofp\libc_nano.a(libc_a-wsetup.o)
 .bss           0x200001f4        0x0 C:\Program Files (x86)\Arm GNU Toolchain arm-none-eabi\13.2 Rel1\lib\gcc\arm-none-eabi\13.2.1\thumb\v6-m\nofp\libc_nano.a(libc_a-impure.o)
 .bss           0x200001f4        0x0 C:\Program Files (x86)\Arm GNU Toolchain arm-none-eabi\13.2 Rel1\lib\gcc\arm-none-eabi\13.2.1\thumb\v6-m\nofp\libc_nano.a(libc_a-lock.o)
 .bss.__lock___arc4random_mutex
                0x200001f4        0x1 C:\Program Files (x86)\Arm GNU Toolchain arm-none-eabi\13.2 Rel1\lib\gcc\arm-none-eabi\13.2.1\thumb\v6-m\nofp\libc_nano.a(libc_a-lock.o)
                0x200001f4                __lock___arc4random_mutex
 .bss.__lock___dd_hash_mutex
                0x200001f5        0x1 C:\Program Files (x86)\Arm GNU Toolchain arm-none-eabi\13.2 Rel1\lib\gcc\arm-none-eabi\13.2.1\thumb\v6-m\nofp\libc_nano.a(libc_a-lock.o)
                0x200001f5                __lock___dd_hash_mutex
 .bss.__lock___tz_mutex
                0x200001f6        0x1 C:\Program Files (x86)\Arm GNU Toolchain arm-none-eabi\13.2 Rel1\lib\gcc\arm-none-eabi\13.2.1\thumb\v6-m\nofp\libc_nano.a(libc_a-lock.o)
                0x200001f6                __lock___tz_mutex
 .bss.__lock___env_recursive_mutex
                0x200001f7        0x1 C:\Program Files (x86)\Arm GNU Toolchain arm-none-eabi\13.2 Rel1\lib\gcc\arm-none-eabi\13.2.1\thumb\v6-m\nofp\libc_nano.a(libc_a-lock.o)
                0x200001f7                __lock___env_recursive_mutex
 .bss.__lock___malloc_recursive_mutex
                0x200001f8        0x1 C:\Program Files (x86)\Arm GNU Toolchain arm-none-eabi\13.2 Rel1\lib\gcc\arm-none-eabi\13.2.1\thumb\v6-m\nofp\libc_nano.a(libc_a-lock.o)
                0x200001f8                __lock___malloc_recursive_mutex
 .bss.__lock___at_quick_exit_mutex
                0x200001f9        0x1 C:\Program Files (x86)\Arm GNU Toolchain arm-none-eabi\13.2 Rel1\lib\gcc\arm-none-eabi\13.2.1\thumb\v6-m\nofp\libc_nano.a(libc_a-lock.o)
                0x200001f9                __lock___at_quick_exit_mutex
 .bss.__lock___atexit_recursive_mutex
                0x200001fa        0x1 C:\Program Files (x86)\Arm GNU Toolchain arm-none-eabi\13.2 Rel1\lib\gcc\arm-none-eabi\13.2.1\thumb\v6-m\nofp\libc_nano.a(libc_a-lock.o)
                0x200001fa                __lock___atexit_recursive_mutex
 .bss.__lock___sfp_recursive_mutex
                0x200001fb        0x1 C:\Program Files (x86)\Arm GNU Toolchain arm-none-eabi\13.2 Rel1\lib\gcc\arm-none-eabi\13.2.1\thumb\v6-m\nofp\libc_nano.a(libc_a-lock.o)
                0x200001fb                __lock___sfp_recursive_mutex
 .bss           0x200001fc        0x0 C:\Program Files (x86)\Arm GNU Toolchain arm-none-eabi\13.2 Rel1\lib\gcc\arm-none-eabi\13.2.1\thumb\v6-m\nofp\libc_nano.a(libc_a-freer.o)
 .bss           0x200001fc        0x0 C:\Program Files (x86)\Arm GNU Toolchain arm-none-eabi\13.2 Rel1\lib\gcc\arm-none-eabi\13.2.1\thumb\v6-m\nofp\libc_nano.a(libc_a-mallocr.o)
 .bss.__malloc_sbrk_start
                0x200001fc        0x4 C:\Program Files (x86)\Arm GNU Toolchain arm-none-eabi\13.2 Rel1\lib\gcc\arm-none-eabi\13.2.1\thumb\v6-m\nofp\libc_nano.a(libc_a-mallocr.o)
                0x200001fc                __malloc_sbrk_start
 .bss.__malloc_free_list
                0x20000200        0x4 C:\Program Files (x86)\Arm GNU Toolchain arm-none-eabi\13.2 Rel1\lib\gcc\arm-none-eabi\13.2.1\thumb\v6-m\nofp\libc_nano.a(libc_a-mallocr.o)
                0x20000200                __malloc_free_list
 .bss           0x20000204        0x0 C:\Program Files (x86)\Arm GNU Toolchain arm-none-eabi\13.2 Rel1\lib\gcc\arm-none-eabi\13.2.1\thumb\v6-m\nofp\libc_nano.a(libc_a-mlock.o)
 .bss           0x20000204        0x0 C:\Program Files (x86)\Arm GNU Toolchain arm-none-eabi\13.2 Rel1\lib\gcc\arm-none-eabi\13.2.1\thumb\v6-m\nofp\libc_nano.a(libc_a-nano-vfprintf.o)
 .bss           0x20000204        0x0 C:\Program Files (x86)\Arm GNU Toolchain arm-none-eabi\13.2 Rel1\lib\gcc\arm-none-eabi\13.2.1\thumb\v6-m\nofp\libc_nano.a(libc_a-nano-vfprintf_i.o)
 .bss           0x20000204        0x0 C:\Program Files (x86)\Arm GNU Toolchain arm-none-eabi\13.2 Rel1\lib\gcc\arm-none-eabi\13.2.1\thumb\v6-m\nofp\libc_nano.a(libc_a-fflush.o)
 .bss           0x20000204        0x0 C:\Program Files (x86)\Arm GNU Toolchain arm-none-eabi\13.2 Rel1\lib\gcc\arm-none-eabi\13.2.1\thumb\v6-m\nofp\libc_nano.a(libc_a-findfp.o)
 .bss.__sf      0x20000204      0x138 C:\Program Files (x86)\Arm GNU Toolchain arm-none-eabi\13.2 Rel1\lib\gcc\arm-none-eabi\13.2.1\thumb\v6-m\nofp\libc_nano.a(libc_a-findfp.o)
                0x20000204                __sf
 .bss.__stdio_exit_handler
                0x2000033c        0x4 C:\Program Files (x86)\Arm GNU Toolchain arm-none-eabi\13.2 Rel1\lib\gcc\arm-none-eabi\13.2.1\thumb\v6-m\nofp\libc_nano.a(libc_a-findfp.o)
                0x2000033c                __stdio_exit_handler
 .bss           0x20000340        0x0 C:\Program Files (x86)\Arm GNU Toolchain arm-none-eabi\13.2 Rel1\lib\gcc\arm-none-eabi\13.2.1\thumb\v6-m\nofp\libc_nano.a(libc_a-fvwrite.o)
 .bss           0x20000340        0x0 C:\Program Files (x86)\Arm GNU Toolchain arm-none-eabi\13.2 Rel1\lib\gcc\arm-none-eabi\13.2.1\thumb\v6-m\nofp\libc_nano.a(libc_a-fwalk.o)
 .bss           0x20000340        0x0 C:\Program Files (x86)\Arm GNU Toolchain arm-none-eabi\13.2 Rel1\lib\gcc\arm-none-eabi\13.2.1\thumb\v6-m\nofp\libc_nano.a(libc_a-makebuf.o)
 .bss           0x20000340        0x0 C:\Program Files (x86)\Arm GNU Toolchain arm-none-eabi\13.2 Rel1\lib\gcc\arm-none-eabi\13.2.1\thumb\v6-m\nofp\libc_nano.a(libc_a-stdio.o)
 .bss           0x20000340        0x0 C:\Program Files (x86)\Arm GNU Toolchain arm-none-eabi\13.2 Rel1\lib\gcc\arm-none-eabi\13.2.1\thumb\v6-m\nofp\libc_nano.a(libc_a-memmove.o)
 .bss           0x20000340        0x0 C:\Program Files (x86)\Arm GNU Toolchain arm-none-eabi\13.2 Rel1\lib\gcc\arm-none-eabi\13.2.1\thumb\v6-m\nofp\libc_nano.a(libc_a-memset.o)
 .bss           0x20000340        0x0 C:\Program Files (x86)\Arm GNU Toolchain arm-none-eabi\13.2 Rel1\lib\gcc\arm-none-eabi\13.2.1\thumb\v6-m\nofp\libc_nano.a(libc_a-closer.o)
 .bss           0x20000340        0x0 C:\Program Files (x86)\Arm GNU Toolchain arm-none-eabi\13.2 Rel1\lib\gcc\arm-none-eabi\13.2.1\thumb\v6-m\nofp\libc_nano.a(libc_a-fstatr.o)
 .bss           0x20000340        0x0 C:\Program Files (x86)\Arm GNU Toolchain arm-none-eabi\13.2 Rel1\lib\gcc\arm-none-eabi\13.2.1\thumb\v6-m\nofp\libc_nano.a(libc_a-isattyr.o)
 .bss           0x20000340        0x0 C:\Program Files (x86)\Arm GNU Toolchain arm-none-eabi\13.2 Rel1\lib\gcc\arm-none-eabi\13.2.1\thumb\v6-m\nofp\libc_nano.a(libc_a-lseekr.o)
 .bss           0x20000340        0x0 C:\Program Files (x86)\Arm GNU Toolchain arm-none-eabi\13.2 Rel1\lib\gcc\arm-none-eabi\13.2.1\thumb\v6-m\nofp\libc_nano.a(libc_a-readr.o)
 .bss           0x20000340        0x0 C:\Program Files (x86)\Arm GNU Toolchain arm-none-eabi\13.2 Rel1\lib\gcc\arm-none-eabi\13.2.1\thumb\v6-m\nofp\libc_nano.a(libc_a-sbrkr.o)
 .bss           0x20000340        0x0 C:\Program Files (x86)\Arm GNU Toolchain arm-none-eabi\13.2 Rel1\lib\gcc\arm-none-eabi\13.2.1\thumb\v6-m\nofp\libc_nano.a(libc_a-writer.o)
 .bss           0x20000340        0x0 C:\Program Files (x86)\Arm GNU Toolchain arm-none-eabi\13.2 Rel1\lib\gcc\arm-none-eabi\13.2.1\thumb\v6-m\nofp\libc_nano.a(libc_a-memchr-stub.o)
 .bss           0x20000340        0x0 C:\Program Files (x86)\Arm GNU Toolchain arm-none-eabi\13.2 Rel1\lib\gcc\arm-none-eabi\13.2.1\thumb\v6-m\nofp\libc_nano.a(libc_a-memcpy-stub.o)
 .bss           0x20000340        0x0 C:\Program Files (x86)\Arm GNU Toolchain arm-none-eabi\13.2 Rel1\lib\gcc\arm-none-eabi\13.2.1\thumb\v6-m\nofp\libc_nano.a(libc_a-reallocr.o)
 .bss           0x20000340        0x0 C:\Program Files (x86)\Arm GNU Toolchain arm-none-eabi\13.2 Rel1\lib\gcc\arm-none-eabi\13.2.1\thumb\v6-m\nofp\libc_nano.a(libc_a-msizer.o)
 .bss           0x20000340        0x0 C:\Program Files (x86)\Arm GNU Toolchain arm-none-eabi\13.2 Rel1\lib\gcc\arm-none-eabi\13.2.1\thumb\v6-m\nofp\libgcc.a(_thumb1_case_shi.o)
 *(COMMON)
                0x20000340                        . = ALIGN (0x4)
                0x20000340                        _ebss = .
                [!provide]                        PROVIDE (end = .)
                0x20000340                        PROVIDE (_HeapStart = .)
                0x20002000                        PROVIDE (_StackTop = (ORIGIN (ram) + LENGTH (ram)))
OUTPUT(main.elf elf32-littlearm)
LOAD linker stubs

.debug_info     0x00000000     0x2d5c
 .debug_info    0x00000000      0x1ee main.o
 .debug_info    0x000001ee      0x2d8 adc.o
 .debug_info    0x000004c6      0x7c7 serial.o
 .debug_info    0x00000c8d      0x961 UART2.o
 .debug_info    0x000015ee      0x391 startup.o
 .debug_info    0x0000197f      0x704 newlib_stubs.o
 .debug_info    0x00002083      0x36d pwm.o
 .debug_info    0x000023f0      0x489 init.o
 .debug_info    0x00002879      0x27c Period.o
 .debug_info    0x00002af5      0x267 sweep.o

.debug_abbrev   0x00000000      0xfa9
 .debug_abbrev  0x00000000       0xfa main.o
 .debug_abbrev  0x000000fa      0x113 adc.o
 .debug_abbrev  0x0000020d      0x235 serial.o
 .debug_abbrev  0x00000442      0x322 UART2.o
 .debug_abbrev  0x00000764      0x1c2 startup.o
 .debug_abbrev  0x00000926      0x1b3 newlib_stubs.o
 .debug_abbrev  0x00000ad9      0x130 pwm.o
 .debug_abbrev  0x00000c09      0x107 init.o
 .debug_abbrev  0x00000d10      0x15e Period.o
 .debug_abbrev  0x00000e6e      0x13b sweep.o

.debug_aranges  0x00000000      0x148
 .debug_aranges
                0x00000000       0x20 main.o
 .debug_aranges
                0x00000020       0x20 adc.o
 .debug_aranges
                0x00000040       0x20 serial.o
 .debug_aranges
                0x00000060       0x20 UART2.o
 .debug_aranges
                0x00000080       0x28 startup.o
 .debug_aranges
                0x000000a8       0x20 newlib_stubs.o
 .debug_aranges
                0x000000c8       0x20 pwm.o
 .debug_aranges
                0x000000e8       0x20 init.o
 .debug_aranges
                0x00000108       0x20 Period.o
 .debug_aranges
                0x00000128       0x20 sweep.o

.debug_line     0x00000000     0x1deb
 .debug_line    0x00000000      0x138 main.o
 .debug_line    0x00000138      0x1e2 adc.o
 .debug_line    0x0000031a      0x527 serial.o
 .debug_line    0x00000841      0x643 UART2.o
 .debug_line    0x00000e84      0x2c1 startup.o
 .debug_line    0x00001145      0x2e3 newlib_stubs.o
 .debug_line    0x00001428      0x2ab pwm.o
 .debug_line    0x000016d3      0x25b init.o
 .debug_line    0x0000192e      0x27e Period.o
 .debug_line    0x00001bac      0x23f sweep.o

.debug_str      0x00000000      0xa07
 .debug_str     0x00000000      0xa07 main.o
                                0x1e1 (size before relaxing)
 .debug_str     0x00000a07      0x234 adc.o
 .debug_str     0x00000a07      0x391 serial.o
 .debug_str     0x00000a07      0x421 UART2.o
 .debug_str     0x00000a07      0x2b9 startup.o
 .debug_str     0x00000a07      0x3aa newlib_stubs.o
 .debug_str     0x00000a07      0x223 pwm.o
 .debug_str     0x00000a07      0x28d init.o
 .debug_str     0x00000a07      0x1d9 Period.o
 .debug_str     0x00000a07      0x1be sweep.o

.comment        0x00000000       0x44
 .comment       0x00000000       0x44 main.o
                                 0x45 (size before relaxing)
 .comment       0x00000044       0x45 adc.o
 .comment       0x00000044       0x45 serial.o
 .comment       0x00000044       0x45 UART2.o
 .comment       0x00000044       0x45 startup.o
 .comment       0x00000044       0x45 newlib_stubs.o
 .comment       0x00000044       0x45 pwm.o
 .comment       0x00000044       0x45 init.o
 .comment       0x00000044       0x45 Period.o
 .comment       0x00000044       0x45 sweep.o

.ARM.attributes
                0x00000000       0x2c
 .ARM.attributes
                0x00000000       0x2c main.o
 .ARM.attributes
                0x0000002c       0x2c adc.o
 .ARM.attributes
                0x00000058       0x2c serial.o
 .ARM.attributes
                0x00000084       0x2c UART2.o
 .ARM.attributes
                0x000000b0       0x2c startup.o
 .ARM.attributes
                0x000000dc       0x2c newlib_stubs.o
 .ARM.attributes
                0x00000108       0x2c pwm.o
 .ARM.attributes
                0x00000134       0x2c init.o
 .ARM.attributes
                0x00000160       0x2c Period.o
 .ARM.attributes
                0x0000018c       0x2c sweep.o
 .ARM.attributes
                0x000001b8       0x2c C:\Program Files (x86)\Arm GNU Toolchain arm-none-eabi\13.2 Rel1\lib\gcc\arm-none-eabi\13.2.1\thumb\v6-m\nofp\libnosys.a(errno.o)
 .ARM.attributes
                0x000001e4       0x1e C:\Program Files (x86)\Arm GNU Toolchain arm-none-eabi\13.2 Rel1\lib\gcc\arm-none-eabi\13.2.1\thumb\v6-m\nofp\libgcc.a(_divsi3.o)
 .ARM.attributes
                0x00000202       0x1e C:\Program Files (x86)\Arm GNU Toolchain arm-none-eabi\13.2 Rel1\lib\gcc\arm-none-eabi\13.2.1\thumb\v6-m\nofp\libgcc.a(_dvmd_tls.o)
 .ARM.attributes
                0x00000220       0x2c C:\Program Files (x86)\Arm GNU Toolchain arm-none-eabi\13.2 Rel1\lib\gcc\arm-none-eabi\13.2.1\thumb\v6-m\nofp\libgcc.a(divsf3.o)
 .ARM.attributes
                0x0000024c       0x2c C:\Program Files (x86)\Arm GNU Toolchain arm-none-eabi\13.2 Rel1\lib\gcc\arm-none-eabi\13.2.1\thumb\v6-m\nofp\libgcc.a(fixsfsi.o)
 .ARM.attributes
                0x00000278       0x2c C:\Program Files (x86)\Arm GNU Toolchain arm-none-eabi\13.2 Rel1\lib\gcc\arm-none-eabi\13.2.1\thumb\v6-m\nofp\libgcc.a(divdf3.o)
 .ARM.attributes
                0x000002a4       0x2c C:\Program Files (x86)\Arm GNU Toolchain arm-none-eabi\13.2 Rel1\lib\gcc\arm-none-eabi\13.2.1\thumb\v6-m\nofp\libgcc.a(floatsidf.o)
 .ARM.attributes
                0x000002d0       0x2c C:\Program Files (x86)\Arm GNU Toolchain arm-none-eabi\13.2 Rel1\lib\gcc\arm-none-eabi\13.2.1\thumb\v6-m\nofp\libgcc.a(truncdfsf2.o)
 .ARM.attributes
                0x000002fc       0x1e C:\Program Files (x86)\Arm GNU Toolchain arm-none-eabi\13.2 Rel1\lib\gcc\arm-none-eabi\13.2.1\thumb\v6-m\nofp\libgcc.a(_udivsi3.o)
 .ARM.attributes
                0x0000031a       0x1e C:\Program Files (x86)\Arm GNU Toolchain arm-none-eabi\13.2 Rel1\lib\gcc\arm-none-eabi\13.2.1\thumb\v6-m\nofp\libgcc.a(_clzsi2.o)
 .ARM.attributes
                0x00000338       0x2c C:\Program Files (x86)\Arm GNU Toolchain arm-none-eabi\13.2 Rel1\lib\gcc\arm-none-eabi\13.2.1\thumb\v6-m\nofp\libc_nano.a(libc_a-printf.o)
 .ARM.attributes
                0x00000364       0x2c C:\Program Files (x86)\Arm GNU Toolchain arm-none-eabi\13.2 Rel1\lib\gcc\arm-none-eabi\13.2.1\thumb\v6-m\nofp\libc_nano.a(libc_a-puts.o)
 .ARM.attributes
                0x00000390       0x2c C:\Program Files (x86)\Arm GNU Toolchain arm-none-eabi\13.2 Rel1\lib\gcc\arm-none-eabi\13.2.1\thumb\v6-m\nofp\libc_nano.a(libc_a-wbuf.o)
 .ARM.attributes
                0x000003bc       0x2c C:\Program Files (x86)\Arm GNU Toolchain arm-none-eabi\13.2 Rel1\lib\gcc\arm-none-eabi\13.2.1\thumb\v6-m\nofp\libc_nano.a(libc_a-wsetup.o)
 .ARM.attributes
                0x000003e8       0x2c C:\Program Files (x86)\Arm GNU Toolchain arm-none-eabi\13.2 Rel1\lib\gcc\arm-none-eabi\13.2.1\thumb\v6-m\nofp\libc_nano.a(libc_a-impure.o)
 .ARM.attributes
                0x00000414       0x2c C:\Program Files (x86)\Arm GNU Toolchain arm-none-eabi\13.2 Rel1\lib\gcc\arm-none-eabi\13.2.1\thumb\v6-m\nofp\libc_nano.a(libc_a-lock.o)
 .ARM.attributes
                0x00000440       0x2c C:\Program Files (x86)\Arm GNU Toolchain arm-none-eabi\13.2 Rel1\lib\gcc\arm-none-eabi\13.2.1\thumb\v6-m\nofp\libc_nano.a(libc_a-freer.o)
 .ARM.attributes
                0x0000046c       0x2c C:\Program Files (x86)\Arm GNU Toolchain arm-none-eabi\13.2 Rel1\lib\gcc\arm-none-eabi\13.2.1\thumb\v6-m\nofp\libc_nano.a(libc_a-mallocr.o)
 .ARM.attributes
                0x00000498       0x2c C:\Program Files (x86)\Arm GNU Toolchain arm-none-eabi\13.2 Rel1\lib\gcc\arm-none-eabi\13.2.1\thumb\v6-m\nofp\libc_nano.a(libc_a-mlock.o)
 .ARM.attributes
                0x000004c4       0x2c C:\Program Files (x86)\Arm GNU Toolchain arm-none-eabi\13.2 Rel1\lib\gcc\arm-none-eabi\13.2.1\thumb\v6-m\nofp\libc_nano.a(libc_a-nano-vfprintf.o)
 .ARM.attributes
                0x000004f0       0x2c C:\Program Files (x86)\Arm GNU Toolchain arm-none-eabi\13.2 Rel1\lib\gcc\arm-none-eabi\13.2.1\thumb\v6-m\nofp\libc_nano.a(libc_a-nano-vfprintf_i.o)
 .ARM.attributes
                0x0000051c       0x2c C:\Program Files (x86)\Arm GNU Toolchain arm-none-eabi\13.2 Rel1\lib\gcc\arm-none-eabi\13.2.1\thumb\v6-m\nofp\libc_nano.a(libc_a-fflush.o)
 .ARM.attributes
                0x00000548       0x2c C:\Program Files (x86)\Arm GNU Toolchain arm-none-eabi\13.2 Rel1\lib\gcc\arm-none-eabi\13.2.1\thumb\v6-m\nofp\libc_nano.a(libc_a-findfp.o)
 .ARM.attributes
                0x00000574       0x2c C:\Program Files (x86)\Arm GNU Toolchain arm-none-eabi\13.2 Rel1\lib\gcc\arm-none-eabi\13.2.1\thumb\v6-m\nofp\libc_nano.a(libc_a-fvwrite.o)
 .ARM.attributes
                0x000005a0       0x2c C:\Program Files (x86)\Arm GNU Toolchain arm-none-eabi\13.2 Rel1\lib\gcc\arm-none-eabi\13.2.1\thumb\v6-m\nofp\libc_nano.a(libc_a-fwalk.o)
 .ARM.attributes
                0x000005cc       0x2c C:\Program Files (x86)\Arm GNU Toolchain arm-none-eabi\13.2 Rel1\lib\gcc\arm-none-eabi\13.2.1\thumb\v6-m\nofp\libc_nano.a(libc_a-makebuf.o)
 .ARM.attributes
                0x000005f8       0x2c C:\Program Files (x86)\Arm GNU Toolchain arm-none-eabi\13.2 Rel1\lib\gcc\arm-none-eabi\13.2.1\thumb\v6-m\nofp\libc_nano.a(libc_a-stdio.o)
 .ARM.attributes
                0x00000624       0x2c C:\Program Files (x86)\Arm GNU Toolchain arm-none-eabi\13.2 Rel1\lib\gcc\arm-none-eabi\13.2.1\thumb\v6-m\nofp\libc_nano.a(libc_a-memmove.o)
 .ARM.attributes
                0x00000650       0x2c C:\Program Files (x86)\Arm GNU Toolchain arm-none-eabi\13.2 Rel1\lib\gcc\arm-none-eabi\13.2.1\thumb\v6-m\nofp\libc_nano.a(libc_a-memset.o)
 .ARM.attributes
                0x0000067c       0x2c C:\Program Files (x86)\Arm GNU Toolchain arm-none-eabi\13.2 Rel1\lib\gcc\arm-none-eabi\13.2.1\thumb\v6-m\nofp\libc_nano.a(libc_a-closer.o)
 .ARM.attributes
                0x000006a8       0x2c C:\Program Files (x86)\Arm GNU Toolchain arm-none-eabi\13.2 Rel1\lib\gcc\arm-none-eabi\13.2.1\thumb\v6-m\nofp\libc_nano.a(libc_a-fstatr.o)
 .ARM.attributes
                0x000006d4       0x2c C:\Program Files (x86)\Arm GNU Toolchain arm-none-eabi\13.2 Rel1\lib\gcc\arm-none-eabi\13.2.1\thumb\v6-m\nofp\libc_nano.a(libc_a-isattyr.o)
 .ARM.attributes
                0x00000700       0x2c C:\Program Files (x86)\Arm GNU Toolchain arm-none-eabi\13.2 Rel1\lib\gcc\arm-none-eabi\13.2.1\thumb\v6-m\nofp\libc_nano.a(libc_a-lseekr.o)
 .ARM.attributes
                0x0000072c       0x2c C:\Program Files (x86)\Arm GNU Toolchain arm-none-eabi\13.2 Rel1\lib\gcc\arm-none-eabi\13.2.1\thumb\v6-m\nofp\libc_nano.a(libc_a-readr.o)
 .ARM.attributes
                0x00000758       0x2c C:\Program Files (x86)\Arm GNU Toolchain arm-none-eabi\13.2 Rel1\lib\gcc\arm-none-eabi\13.2.1\thumb\v6-m\nofp\libc_nano.a(libc_a-sbrkr.o)
 .ARM.attributes
                0x00000784       0x2c C:\Program Files (x86)\Arm GNU Toolchain arm-none-eabi\13.2 Rel1\lib\gcc\arm-none-eabi\13.2.1\thumb\v6-m\nofp\libc_nano.a(libc_a-writer.o)
 .ARM.attributes
                0x000007b0       0x2c C:\Program Files (x86)\Arm GNU Toolchain arm-none-eabi\13.2 Rel1\lib\gcc\arm-none-eabi\13.2.1\thumb\v6-m\nofp\libc_nano.a(libc_a-memchr-stub.o)
 .ARM.attributes
                0x000007dc       0x2c C:\Program Files (x86)\Arm GNU Toolchain arm-none-eabi\13.2 Rel1\lib\gcc\arm-none-eabi\13.2.1\thumb\v6-m\nofp\libc_nano.a(libc_a-memcpy-stub.o)
 .ARM.attributes
                0x00000808       0x2c C:\Program Files (x86)\Arm GNU Toolchain arm-none-eabi\13.2 Rel1\lib\gcc\arm-none-eabi\13.2.1\thumb\v6-m\nofp\libc_nano.a(libc_a-reallocr.o)
 .ARM.attributes
                0x00000834       0x2c C:\Program Files (x86)\Arm GNU Toolchain arm-none-eabi\13.2 Rel1\lib\gcc\arm-none-eabi\13.2.1\thumb\v6-m\nofp\libc_nano.a(libc_a-msizer.o)
 .ARM.attributes
                0x00000860       0x1e C:\Program Files (x86)\Arm GNU Toolchain arm-none-eabi\13.2 Rel1\lib\gcc\arm-none-eabi\13.2.1\thumb\v6-m\nofp\libgcc.a(_thumb1_case_shi.o)

.debug_frame    0x00000000     0x1404
 .debug_frame   0x00000000       0x4c main.o
 .debug_frame   0x0000004c       0x4c adc.o
 .debug_frame   0x00000098      0x204 serial.o
 .debug_frame   0x0000029c      0x2f0 UART2.o
 .debug_frame   0x0000058c       0x94 startup.o
 .debug_frame   0x00000620      0x228 newlib_stubs.o
 .debug_frame   0x00000848      0x12c pwm.o
 .debug_frame   0x00000974       0x2c init.o
 .debug_frame   0x000009a0       0x70 Period.o
 .debug_frame   0x00000a10       0x68 sweep.o
 .debug_frame   0x00000a78       0x20 C:\Program Files (x86)\Arm GNU Toolchain arm-none-eabi\13.2 Rel1\lib\gcc\arm-none-eabi\13.2.1\thumb\v6-m\nofp\libgcc.a(_divsi3.o)
 .debug_frame   0x00000a98       0x38 C:\Program Files (x86)\Arm GNU Toolchain arm-none-eabi\13.2 Rel1\lib\gcc\arm-none-eabi\13.2.1\thumb\v6-m\nofp\libgcc.a(divsf3.o)
 .debug_frame   0x00000ad0       0x20 C:\Program Files (x86)\Arm GNU Toolchain arm-none-eabi\13.2 Rel1\lib\gcc\arm-none-eabi\13.2.1\thumb\v6-m\nofp\libgcc.a(fixsfsi.o)
 .debug_frame   0x00000af0       0x3c C:\Program Files (x86)\Arm GNU Toolchain arm-none-eabi\13.2 Rel1\lib\gcc\arm-none-eabi\13.2.1\thumb\v6-m\nofp\libgcc.a(divdf3.o)
 .debug_frame   0x00000b2c       0x2c C:\Program Files (x86)\Arm GNU Toolchain arm-none-eabi\13.2 Rel1\lib\gcc\arm-none-eabi\13.2.1\thumb\v6-m\nofp\libgcc.a(floatsidf.o)
 .debug_frame   0x00000b58       0x30 C:\Program Files (x86)\Arm GNU Toolchain arm-none-eabi\13.2 Rel1\lib\gcc\arm-none-eabi\13.2.1\thumb\v6-m\nofp\libgcc.a(truncdfsf2.o)
 .debug_frame   0x00000b88       0x20 C:\Program Files (x86)\Arm GNU Toolchain arm-none-eabi\13.2 Rel1\lib\gcc\arm-none-eabi\13.2.1\thumb\v6-m\nofp\libgcc.a(_udivsi3.o)
 .debug_frame   0x00000ba8       0x4c C:\Program Files (x86)\Arm GNU Toolchain arm-none-eabi\13.2 Rel1\lib\gcc\arm-none-eabi\13.2.1\thumb\v6-m\nofp\libc_nano.a(libc_a-printf.o)
 .debug_frame   0x00000bf4       0x44 C:\Program Files (x86)\Arm GNU Toolchain arm-none-eabi\13.2 Rel1\lib\gcc\arm-none-eabi\13.2.1\thumb\v6-m\nofp\libc_nano.a(libc_a-puts.o)
 .debug_frame   0x00000c38       0x48 C:\Program Files (x86)\Arm GNU Toolchain arm-none-eabi\13.2 Rel1\lib\gcc\arm-none-eabi\13.2.1\thumb\v6-m\nofp\libc_nano.a(libc_a-wbuf.o)
 .debug_frame   0x00000c80       0x2c C:\Program Files (x86)\Arm GNU Toolchain arm-none-eabi\13.2 Rel1\lib\gcc\arm-none-eabi\13.2.1\thumb\v6-m\nofp\libc_nano.a(libc_a-wsetup.o)
 .debug_frame   0x00000cac       0xb0 C:\Program Files (x86)\Arm GNU Toolchain arm-none-eabi\13.2 Rel1\lib\gcc\arm-none-eabi\13.2.1\thumb\v6-m\nofp\libc_nano.a(libc_a-lock.o)
 .debug_frame   0x00000d5c       0x2c C:\Program Files (x86)\Arm GNU Toolchain arm-none-eabi\13.2 Rel1\lib\gcc\arm-none-eabi\13.2.1\thumb\v6-m\nofp\libc_nano.a(libc_a-freer.o)
 .debug_frame   0x00000d88       0x50 C:\Program Files (x86)\Arm GNU Toolchain arm-none-eabi\13.2 Rel1\lib\gcc\arm-none-eabi\13.2.1\thumb\v6-m\nofp\libc_nano.a(libc_a-mallocr.o)
 .debug_frame   0x00000dd8       0x40 C:\Program Files (x86)\Arm GNU Toolchain arm-none-eabi\13.2 Rel1\lib\gcc\arm-none-eabi\13.2.1\thumb\v6-m\nofp\libc_nano.a(libc_a-mlock.o)
 .debug_frame   0x00000e18       0x9c C:\Program Files (x86)\Arm GNU Toolchain arm-none-eabi\13.2 Rel1\lib\gcc\arm-none-eabi\13.2.1\thumb\v6-m\nofp\libc_nano.a(libc_a-nano-vfprintf.o)
 .debug_frame   0x00000eb4       0x54 C:\Program Files (x86)\Arm GNU Toolchain arm-none-eabi\13.2 Rel1\lib\gcc\arm-none-eabi\13.2.1\thumb\v6-m\nofp\libc_nano.a(libc_a-nano-vfprintf_i.o)
 .debug_frame   0x00000f08       0x68 C:\Program Files (x86)\Arm GNU Toolchain arm-none-eabi\13.2 Rel1\lib\gcc\arm-none-eabi\13.2.1\thumb\v6-m\nofp\libc_nano.a(libc_a-fflush.o)
 .debug_frame   0x00000f70      0x138 C:\Program Files (x86)\Arm GNU Toolchain arm-none-eabi\13.2 Rel1\lib\gcc\arm-none-eabi\13.2.1\thumb\v6-m\nofp\libc_nano.a(libc_a-findfp.o)
 .debug_frame   0x000010a8       0x30 C:\Program Files (x86)\Arm GNU Toolchain arm-none-eabi\13.2 Rel1\lib\gcc\arm-none-eabi\13.2.1\thumb\v6-m\nofp\libc_nano.a(libc_a-fvwrite.o)
 .debug_frame   0x000010d8       0x34 C:\Program Files (x86)\Arm GNU Toolchain arm-none-eabi\13.2 Rel1\lib\gcc\arm-none-eabi\13.2.1\thumb\v6-m\nofp\libc_nano.a(libc_a-fwalk.o)
 .debug_frame   0x0000110c       0x50 C:\Program Files (x86)\Arm GNU Toolchain arm-none-eabi\13.2 Rel1\lib\gcc\arm-none-eabi\13.2.1\thumb\v6-m\nofp\libc_nano.a(libc_a-makebuf.o)
 .debug_frame   0x0000115c       0x90 C:\Program Files (x86)\Arm GNU Toolchain arm-none-eabi\13.2 Rel1\lib\gcc\arm-none-eabi\13.2.1\thumb\v6-m\nofp\libc_nano.a(libc_a-stdio.o)
 .debug_frame   0x000011ec       0x28 C:\Program Files (x86)\Arm GNU Toolchain arm-none-eabi\13.2 Rel1\lib\gcc\arm-none-eabi\13.2.1\thumb\v6-m\nofp\libc_nano.a(libc_a-memmove.o)
 .debug_frame   0x00001214       0x20 C:\Program Files (x86)\Arm GNU Toolchain arm-none-eabi\13.2 Rel1\lib\gcc\arm-none-eabi\13.2.1\thumb\v6-m\nofp\libc_nano.a(libc_a-memset.o)
 .debug_frame   0x00001234       0x2c C:\Program Files (x86)\Arm GNU Toolchain arm-none-eabi\13.2 Rel1\lib\gcc\arm-none-eabi\13.2.1\thumb\v6-m\nofp\libc_nano.a(libc_a-closer.o)
 .debug_frame   0x00001260       0x2c C:\Program Files (x86)\Arm GNU Toolchain arm-none-eabi\13.2 Rel1\lib\gcc\arm-none-eabi\13.2.1\thumb\v6-m\nofp\libc_nano.a(libc_a-fstatr.o)
 .debug_frame   0x0000128c       0x2c C:\Program Files (x86)\Arm GNU Toolchain arm-none-eabi\13.2 Rel1\lib\gcc\arm-none-eabi\13.2.1\thumb\v6-m\nofp\libc_nano.a(libc_a-isattyr.o)
 .debug_frame   0x000012b8       0x2c C:\Program Files (x86)\Arm GNU Toolchain arm-none-eabi\13.2 Rel1\lib\gcc\arm-none-eabi\13.2.1\thumb\v6-m\nofp\libc_nano.a(libc_a-lseekr.o)
 .debug_frame   0x000012e4       0x2c C:\Program Files (x86)\Arm GNU Toolchain arm-none-eabi\13.2 Rel1\lib\gcc\arm-none-eabi\13.2.1\thumb\v6-m\nofp\libc_nano.a(libc_a-readr.o)
 .debug_frame   0x00001310       0x2c C:\Program Files (x86)\Arm GNU Toolchain arm-none-eabi\13.2 Rel1\lib\gcc\arm-none-eabi\13.2.1\thumb\v6-m\nofp\libc_nano.a(libc_a-sbrkr.o)
 .debug_frame   0x0000133c       0x2c C:\Program Files (x86)\Arm GNU Toolchain arm-none-eabi\13.2 Rel1\lib\gcc\arm-none-eabi\13.2.1\thumb\v6-m\nofp\libc_nano.a(libc_a-writer.o)
 .debug_frame   0x00001368       0x20 C:\Program Files (x86)\Arm GNU Toolchain arm-none-eabi\13.2 Rel1\lib\gcc\arm-none-eabi\13.2.1\thumb\v6-m\nofp\libc_nano.a(libc_a-memchr-stub.o)
 .debug_frame   0x00001388       0x28 C:\Program Files (x86)\Arm GNU Toolchain arm-none-eabi\13.2 Rel1\lib\gcc\arm-none-eabi\13.2.1\thumb\v6-m\nofp\libc_nano.a(libc_a-memcpy-stub.o)
 .debug_frame   0x000013b0       0x34 C:\Program Files (x86)\Arm GNU Toolchain arm-none-eabi\13.2 Rel1\lib\gcc\arm-none-eabi\13.2.1\thumb\v6-m\nofp\libc_nano.a(libc_a-reallocr.o)
 .debug_frame   0x000013e4       0x20 C:\Program Files (x86)\Arm GNU Toolchain arm-none-eabi\13.2 Rel1\lib\gcc\arm-none-eabi\13.2.1\thumb\v6-m\nofp\libc_nano.a(libc_a-msizer.o)

.debug_rnglists
                0x00000000       0x1a
 .debug_rnglists
                0x00000000       0x1a startup.o

.debug_line_str
                0x00000000       0xc9
 .debug_line_str
                0x00000000       0xc9 C:\Program Files (x86)\Arm GNU Toolchain arm-none-eabi\13.2 Rel1\lib\gcc\arm-none-eabi\13.2.1\thumb\v6-m\nofp\libgcc.a(_divsi3.o)
 .debug_line_str
                0x000000c9       0xc9 C:\Program Files (x86)\Arm GNU Toolchain arm-none-eabi\13.2 Rel1\lib\gcc\arm-none-eabi\13.2.1\thumb\v6-m\nofp\libgcc.a(_dvmd_tls.o)
 .debug_line_str
                0x000000c9       0xc9 C:\Program Files (x86)\Arm GNU Toolchain arm-none-eabi\13.2 Rel1\lib\gcc\arm-none-eabi\13.2.1\thumb\v6-m\nofp\libgcc.a(_udivsi3.o)
 .debug_line_str
                0x000000c9       0xc9 C:\Program Files (x86)\Arm GNU Toolchain arm-none-eabi\13.2 Rel1\lib\gcc\arm-none-eabi\13.2.1\thumb\v6-m\nofp\libgcc.a(_clzsi2.o)
 .debug_line_str
                0x000000c9       0xc9 C:\Program Files (x86)\Arm GNU Toolchain arm-none-eabi\13.2 Rel1\lib\gcc\arm-none-eabi\13.2.1\thumb\v6-m\nofp\libgcc.a(_thumb1_case_shi.o)

Cross Reference Table

Symbol                                            File
ADC_COMP_Handler                                  startup.o
ComBusy                                           serial.o
ComBusy2                                          UART2.o
ComError                                          serial.o
ComError2                                         UART2.o
ComOpen                                           serial.o
ComOpen2                                          UART2.o
ComRXBuffer                                       serial.o
ComRXBuffer2                                      UART2.o
ComTXBuffer                                       serial.o
ComTXBuffer2                                      UART2.o
Count                                             pwm.o
DMA_CH1_Handler                                   startup.o
DMA_CH2_3_Handler                                 startup.o
DMA_CH4_5_6_7_Handler                             startup.o
Default_Handler                                   startup.o
EXTI0_1_Handler                                   startup.o
EXTI2_3_Handler                                   startup.o
EXTI4_15_Handler                                  startup.o
FLASH_Handler                                     startup.o
FourOff                                           pwm.o
FourOn                                            pwm.o
GetBuf                                            serial.o
GetBuf2                                           UART2.o
GetBufCount                                       serial.o
GetBufCount2                                      UART2.o
GetPeriod                                         Period.o
Hard_Fault_Handler                                startup.o
Hardware_Init                                     init.o
                                                  main.o
I2C1_Handler                                      startup.o
I2C2_Handler                                      startup.o
LPTIM1_Handler                                    startup.o
LPUART1_Handler                                   startup.o
NMI_Handler                                       startup.o
OneOff                                            pwm.o
OneOn                                             pwm.o
PVD_Handler                                       startup.o
PendSV_Handler                                    startup.o
PutBuf                                            serial.o
PutBuf2                                           UART2.o
RCC_Handler                                       startup.o
RTC_Handler                                       startup.o
ReadCom                                           serial.o
ReadCom2                                          UART2.o
ReadInt2                                          UART2.o
                                                  main.o
ReceivedBytes2                                    UART2.o
ReceivedInt2                                      UART2.o
                                                  main.o
ResetInit                                         startup.o
SPI1_Handler                                      startup.o
SPI2_Handler                                      startup.o
SVC_Handler                                       startup.o
SendATCommand                                     UART2.o
                                                  main.o
SysTick_Handler                                   startup.o
TIM21_Handler                                     startup.o
TIM22_Handler                                     sweep.o
                                                  startup.o
TIM2_Handler                                      pwm.o
                                                  startup.o
TIM6_Handler                                      startup.o
ThreeOff                                          pwm.o
ThreeOn                                           pwm.o
TwoOff                                            pwm.o
TwoOn                                             pwm.o
USART1_Handler                                    serial.o
USART2_Handler                                    UART2.o
Vectors                                           startup.o
WWDG_Handler                                      startup.o
WriteCom                                          serial.o
WriteCom2                                         UART2.o
_HeapStart                                        newlib_stubs.o
_StackTop                                         newlib_stubs.o
                                                  startup.o
__aeabi_d2f                                       C:\Program Files (x86)\Arm GNU Toolchain arm-none-eabi\13.2 Rel1\lib\gcc\arm-none-eabi\13.2.1\thumb\v6-m\nofp\libgcc.a(truncdfsf2.o)
                                                  Period.o
__aeabi_ddiv                                      C:\Program Files (x86)\Arm GNU Toolchain arm-none-eabi\13.2 Rel1\lib\gcc\arm-none-eabi\13.2.1\thumb\v6-m\nofp\libgcc.a(divdf3.o)
                                                  Period.o
__aeabi_f2iz                                      C:\Program Files (x86)\Arm GNU Toolchain arm-none-eabi\13.2 Rel1\lib\gcc\arm-none-eabi\13.2.1\thumb\v6-m\nofp\libgcc.a(fixsfsi.o)
                                                  Period.o
__aeabi_fdiv                                      C:\Program Files (x86)\Arm GNU Toolchain arm-none-eabi\13.2 Rel1\lib\gcc\arm-none-eabi\13.2.1\thumb\v6-m\nofp\libgcc.a(divsf3.o)
                                                  Period.o
__aeabi_i2d                                       C:\Program Files (x86)\Arm GNU Toolchain arm-none-eabi\13.2 Rel1\lib\gcc\arm-none-eabi\13.2.1\thumb\v6-m\nofp\libgcc.a(floatsidf.o)
                                                  Period.o
__aeabi_idiv                                      C:\Program Files (x86)\Arm GNU Toolchain arm-none-eabi\13.2 Rel1\lib\gcc\arm-none-eabi\13.2.1\thumb\v6-m\nofp\libgcc.a(_divsi3.o)
                                                  C:\Program Files (x86)\Arm GNU Toolchain arm-none-eabi\13.2 Rel1\lib\gcc\arm-none-eabi\13.2.1\thumb\v6-m\nofp\libc_nano.a(libc_a-fvwrite.o)
                                                  pwm.o
                                                  UART2.o
                                                  serial.o
                                                  main.o
__aeabi_idiv0                                     C:\Program Files (x86)\Arm GNU Toolchain arm-none-eabi\13.2 Rel1\lib\gcc\arm-none-eabi\13.2.1\thumb\v6-m\nofp\libgcc.a(_dvmd_tls.o)
                                                  C:\Program Files (x86)\Arm GNU Toolchain arm-none-eabi\13.2 Rel1\lib\gcc\arm-none-eabi\13.2.1\thumb\v6-m\nofp\libgcc.a(_udivsi3.o)
                                                  C:\Program Files (x86)\Arm GNU Toolchain arm-none-eabi\13.2 Rel1\lib\gcc\arm-none-eabi\13.2.1\thumb\v6-m\nofp\libgcc.a(_divsi3.o)
__aeabi_idivmod                                   C:\Program Files (x86)\Arm GNU Toolchain arm-none-eabi\13.2 Rel1\lib\gcc\arm-none-eabi\13.2.1\thumb\v6-m\nofp\libgcc.a(_divsi3.o)
                                                  C:\Program Files (x86)\Arm GNU Toolchain arm-none-eabi\13.2 Rel1\lib\gcc\arm-none-eabi\13.2.1\thumb\v6-m\nofp\libc_nano.a(libc_a-fvwrite.o)
                                                  pwm.o
                                                  main.o
__aeabi_ldiv0                                     C:\Program Files (x86)\Arm GNU Toolchain arm-none-eabi\13.2 Rel1\lib\gcc\arm-none-eabi\13.2.1\thumb\v6-m\nofp\libgcc.a(_dvmd_tls.o)
__aeabi_uidiv                                     C:\Program Files (x86)\Arm GNU Toolchain arm-none-eabi\13.2 Rel1\lib\gcc\arm-none-eabi\13.2.1\thumb\v6-m\nofp\libgcc.a(_udivsi3.o)
__aeabi_uidivmod                                  C:\Program Files (x86)\Arm GNU Toolchain arm-none-eabi\13.2 Rel1\lib\gcc\arm-none-eabi\13.2.1\thumb\v6-m\nofp\libgcc.a(_udivsi3.o)
                                                  C:\Program Files (x86)\Arm GNU Toolchain arm-none-eabi\13.2 Rel1\lib\gcc\arm-none-eabi\13.2.1\thumb\v6-m\nofp\libc_nano.a(libc_a-nano-vfprintf_i.o)
                                                  C:\Program Files (x86)\Arm GNU Toolchain arm-none-eabi\13.2 Rel1\lib\gcc\arm-none-eabi\13.2.1\thumb\v6-m\nofp\libgcc.a(divdf3.o)
__clzsi2                                          C:\Program Files (x86)\Arm GNU Toolchain arm-none-eabi\13.2 Rel1\lib\gcc\arm-none-eabi\13.2.1\thumb\v6-m\nofp\libgcc.a(_clzsi2.o)
                                                  C:\Program Files (x86)\Arm GNU Toolchain arm-none-eabi\13.2 Rel1\lib\gcc\arm-none-eabi\13.2.1\thumb\v6-m\nofp\libgcc.a(floatsidf.o)
                                                  C:\Program Files (x86)\Arm GNU Toolchain arm-none-eabi\13.2 Rel1\lib\gcc\arm-none-eabi\13.2.1\thumb\v6-m\nofp\libgcc.a(divdf3.o)
                                                  C:\Program Files (x86)\Arm GNU Toolchain arm-none-eabi\13.2 Rel1\lib\gcc\arm-none-eabi\13.2.1\thumb\v6-m\nofp\libgcc.a(divsf3.o)
__divsi3                                          C:\Program Files (x86)\Arm GNU Toolchain arm-none-eabi\13.2 Rel1\lib\gcc\arm-none-eabi\13.2.1\thumb\v6-m\nofp\libgcc.a(_divsi3.o)
__env                                             newlib_stubs.o
__fp_lock_all                                     C:\Program Files (x86)\Arm GNU Toolchain arm-none-eabi\13.2 Rel1\lib\gcc\arm-none-eabi\13.2.1\thumb\v6-m\nofp\libc_nano.a(libc_a-findfp.o)
__fp_unlock_all                                   C:\Program Files (x86)\Arm GNU Toolchain arm-none-eabi\13.2 Rel1\lib\gcc\arm-none-eabi\13.2.1\thumb\v6-m\nofp\libc_nano.a(libc_a-findfp.o)
__gnu_thumb1_case_shi                             C:\Program Files (x86)\Arm GNU Toolchain arm-none-eabi\13.2 Rel1\lib\gcc\arm-none-eabi\13.2.1\thumb\v6-m\nofp\libgcc.a(_thumb1_case_shi.o)
                                                  C:\Program Files (x86)\Arm GNU Toolchain arm-none-eabi\13.2 Rel1\lib\gcc\arm-none-eabi\13.2.1\thumb\v6-m\nofp\libc_nano.a(libc_a-nano-vfprintf_i.o)
__init_array_end                                  startup.o
__init_array_start                                startup.o
__lock___arc4random_mutex                         C:\Program Files (x86)\Arm GNU Toolchain arm-none-eabi\13.2 Rel1\lib\gcc\arm-none-eabi\13.2.1\thumb\v6-m\nofp\libc_nano.a(libc_a-lock.o)
__lock___at_quick_exit_mutex                      C:\Program Files (x86)\Arm GNU Toolchain arm-none-eabi\13.2 Rel1\lib\gcc\arm-none-eabi\13.2.1\thumb\v6-m\nofp\libc_nano.a(libc_a-lock.o)
__lock___atexit_recursive_mutex                   C:\Program Files (x86)\Arm GNU Toolchain arm-none-eabi\13.2 Rel1\lib\gcc\arm-none-eabi\13.2.1\thumb\v6-m\nofp\libc_nano.a(libc_a-lock.o)
__lock___dd_hash_mutex                            C:\Program Files (x86)\Arm GNU Toolchain arm-none-eabi\13.2 Rel1\lib\gcc\arm-none-eabi\13.2.1\thumb\v6-m\nofp\libc_nano.a(libc_a-lock.o)
__lock___env_recursive_mutex                      C:\Program Files (x86)\Arm GNU Toolchain arm-none-eabi\13.2 Rel1\lib\gcc\arm-none-eabi\13.2.1\thumb\v6-m\nofp\libc_nano.a(libc_a-lock.o)
__lock___malloc_recursive_mutex                   C:\Program Files (x86)\Arm GNU Toolchain arm-none-eabi\13.2 Rel1\lib\gcc\arm-none-eabi\13.2.1\thumb\v6-m\nofp\libc_nano.a(libc_a-lock.o)
                                                  C:\Program Files (x86)\Arm GNU Toolchain arm-none-eabi\13.2 Rel1\lib\gcc\arm-none-eabi\13.2.1\thumb\v6-m\nofp\libc_nano.a(libc_a-mlock.o)
__lock___sfp_recursive_mutex                      C:\Program Files (x86)\Arm GNU Toolchain arm-none-eabi\13.2 Rel1\lib\gcc\arm-none-eabi\13.2.1\thumb\v6-m\nofp\libc_nano.a(libc_a-lock.o)
                                                  C:\Program Files (x86)\Arm GNU Toolchain arm-none-eabi\13.2 Rel1\lib\gcc\arm-none-eabi\13.2.1\thumb\v6-m\nofp\libc_nano.a(libc_a-findfp.o)
__lock___tz_mutex                                 C:\Program Files (x86)\Arm GNU Toolchain arm-none-eabi\13.2 Rel1\lib\gcc\arm-none-eabi\13.2.1\thumb\v6-m\nofp\libc_nano.a(libc_a-lock.o)
__malloc_free_list                                C:\Program Files (x86)\Arm GNU Toolchain arm-none-eabi\13.2 Rel1\lib\gcc\arm-none-eabi\13.2.1\thumb\v6-m\nofp\libc_nano.a(libc_a-mallocr.o)
                                                  C:\Program Files (x86)\Arm GNU Toolchain arm-none-eabi\13.2 Rel1\lib\gcc\arm-none-eabi\13.2.1\thumb\v6-m\nofp\libc_nano.a(libc_a-freer.o)
__malloc_lock                                     C:\Program Files (x86)\Arm GNU Toolchain arm-none-eabi\13.2 Rel1\lib\gcc\arm-none-eabi\13.2.1\thumb\v6-m\nofp\libc_nano.a(libc_a-mlock.o)
                                                  C:\Program Files (x86)\Arm GNU Toolchain arm-none-eabi\13.2 Rel1\lib\gcc\arm-none-eabi\13.2.1\thumb\v6-m\nofp\libc_nano.a(libc_a-mallocr.o)
                                                  C:\Program Files (x86)\Arm GNU Toolchain arm-none-eabi\13.2 Rel1\lib\gcc\arm-none-eabi\13.2.1\thumb\v6-m\nofp\libc_nano.a(libc_a-freer.o)
__malloc_sbrk_start                               C:\Program Files (x86)\Arm GNU Toolchain arm-none-eabi\13.2 Rel1\lib\gcc\arm-none-eabi\13.2.1\thumb\v6-m\nofp\libc_nano.a(libc_a-mallocr.o)
__malloc_unlock                                   C:\Program Files (x86)\Arm GNU Toolchain arm-none-eabi\13.2 Rel1\lib\gcc\arm-none-eabi\13.2.1\thumb\v6-m\nofp\libc_nano.a(libc_a-mlock.o)
                                                  C:\Program Files (x86)\Arm GNU Toolchain arm-none-eabi\13.2 Rel1\lib\gcc\arm-none-eabi\13.2.1\thumb\v6-m\nofp\libc_nano.a(libc_a-mallocr.o)
                                                  C:\Program Files (x86)\Arm GNU Toolchain arm-none-eabi\13.2 Rel1\lib\gcc\arm-none-eabi\13.2.1\thumb\v6-m\nofp\libc_nano.a(libc_a-freer.o)
__retarget_lock_acquire                           C:\Program Files (x86)\Arm GNU Toolchain arm-none-eabi\13.2 Rel1\lib\gcc\arm-none-eabi\13.2.1\thumb\v6-m\nofp\libc_nano.a(libc_a-lock.o)
__retarget_lock_acquire_recursive                 C:\Program Files (x86)\Arm GNU Toolchain arm-none-eabi\13.2 Rel1\lib\gcc\arm-none-eabi\13.2.1\thumb\v6-m\nofp\libc_nano.a(libc_a-lock.o)
                                                  C:\Program Files (x86)\Arm GNU Toolchain arm-none-eabi\13.2 Rel1\lib\gcc\arm-none-eabi\13.2.1\thumb\v6-m\nofp\libc_nano.a(libc_a-findfp.o)
                                                  C:\Program Files (x86)\Arm GNU Toolchain arm-none-eabi\13.2 Rel1\lib\gcc\arm-none-eabi\13.2.1\thumb\v6-m\nofp\libc_nano.a(libc_a-fflush.o)
                                                  C:\Program Files (x86)\Arm GNU Toolchain arm-none-eabi\13.2 Rel1\lib\gcc\arm-none-eabi\13.2.1\thumb\v6-m\nofp\libc_nano.a(libc_a-nano-vfprintf.o)
                                                  C:\Program Files (x86)\Arm GNU Toolchain arm-none-eabi\13.2 Rel1\lib\gcc\arm-none-eabi\13.2.1\thumb\v6-m\nofp\libc_nano.a(libc_a-mlock.o)
                                                  C:\Program Files (x86)\Arm GNU Toolchain arm-none-eabi\13.2 Rel1\lib\gcc\arm-none-eabi\13.2.1\thumb\v6-m\nofp\libc_nano.a(libc_a-puts.o)
__retarget_lock_close                             C:\Program Files (x86)\Arm GNU Toolchain arm-none-eabi\13.2 Rel1\lib\gcc\arm-none-eabi\13.2.1\thumb\v6-m\nofp\libc_nano.a(libc_a-lock.o)
__retarget_lock_close_recursive                   C:\Program Files (x86)\Arm GNU Toolchain arm-none-eabi\13.2 Rel1\lib\gcc\arm-none-eabi\13.2.1\thumb\v6-m\nofp\libc_nano.a(libc_a-lock.o)
__retarget_lock_init                              C:\Program Files (x86)\Arm GNU Toolchain arm-none-eabi\13.2 Rel1\lib\gcc\arm-none-eabi\13.2.1\thumb\v6-m\nofp\libc_nano.a(libc_a-lock.o)
__retarget_lock_init_recursive                    C:\Program Files (x86)\Arm GNU Toolchain arm-none-eabi\13.2 Rel1\lib\gcc\arm-none-eabi\13.2.1\thumb\v6-m\nofp\libc_nano.a(libc_a-lock.o)
                                                  C:\Program Files (x86)\Arm GNU Toolchain arm-none-eabi\13.2 Rel1\lib\gcc\arm-none-eabi\13.2.1\thumb\v6-m\nofp\libc_nano.a(libc_a-findfp.o)
__retarget_lock_release                           C:\Program Files (x86)\Arm GNU Toolchain arm-none-eabi\13.2 Rel1\lib\gcc\arm-none-eabi\13.2.1\thumb\v6-m\nofp\libc_nano.a(libc_a-lock.o)
__retarget_lock_release_recursive                 C:\Program Files (x86)\Arm GNU Toolchain arm-none-eabi\13.2 Rel1\lib\gcc\arm-none-eabi\13.2.1\thumb\v6-m\nofp\libc_nano.a(libc_a-lock.o)
                                                  C:\Program Files (x86)\Arm GNU Toolchain arm-none-eabi\13.2 Rel1\lib\gcc\arm-none-eabi\13.2.1\thumb\v6-m\nofp\libc_nano.a(libc_a-findfp.o)
                                                  C:\Program Files (x86)\Arm GNU Toolchain arm-none-eabi\13.2 Rel1\lib\gcc\arm-none-eabi\13.2.1\thumb\v6-m\nofp\libc_nano.a(libc_a-fflush.o)
                                                  C:\Program Files (x86)\Arm GNU Toolchain arm-none-eabi\13.2 Rel1\lib\gcc\arm-none-eabi\13.2.1\thumb\v6-m\nofp\libc_nano.a(libc_a-nano-vfprintf.o)
                                                  C:\Program Files (x86)\Arm GNU Toolchain arm-none-eabi\13.2 Rel1\lib\gcc\arm-none-eabi\13.2.1\thumb\v6-m\nofp\libc_nano.a(libc_a-mlock.o)
                                                  C:\Program Files (x86)\Arm GNU Toolchain arm-none-eabi\13.2 Rel1\lib\gcc\arm-none-eabi\13.2.1\thumb\v6-m\nofp\libc_nano.a(libc_a-puts.o)