Archive member included to satisfy reference by file (symbol)

/usr/lib/arm-none-eabi/newlib/thumb/v6-m/nofp/libnosys.a(errno.o)
                              newlib_stubs.o (errno)
/usr/lib/gcc/arm-none-eabi/12.2.1/thumb/v6-m/nofp/libgcc.a(_divsi3.o)
                              main.o (__aeabi_idiv)
/usr/lib/gcc/arm-none-eabi/12.2.1/thumb/v6-m/nofp/libgcc.a(_dvmd_tls.o)
                              /usr/lib/gcc/arm-none-eabi/12.2.1/thumb/v6-m/nofp/libgcc.a(_divsi3.o) (__aeabi_idiv0)
/usr/lib/arm-none-eabi/newlib/thumb/v6-m/nofp/libc_nano.a(lib_a-printf.o)
                              main.o (printf)
/usr/lib/arm-none-eabi/newlib/thumb/v6-m/nofp/libc_nano.a(lib_a-putchar.o)
                              main.o (putchar)
/usr/lib/arm-none-eabi/newlib/thumb/v6-m/nofp/libc_nano.a(lib_a-puts.o)
                              main.o (puts)
/usr/lib/arm-none-eabi/newlib/thumb/v6-m/nofp/libc_nano.a(lib_a-sprintf.o)
                              main.o (sprintf)
/usr/lib/arm-none-eabi/newlib/thumb/v6-m/nofp/libc_nano.a(lib_a-wbuf.o)
                              /usr/lib/arm-none-eabi/newlib/thumb/v6-m/nofp/libc_nano.a(lib_a-puts.o) (__swbuf_r)
/usr/lib/arm-none-eabi/newlib/thumb/v6-m/nofp/libc_nano.a(lib_a-wsetup.o)
                              /usr/lib/arm-none-eabi/newlib/thumb/v6-m/nofp/libc_nano.a(lib_a-puts.o) (__swsetup_r)
/usr/lib/arm-none-eabi/newlib/thumb/v6-m/nofp/libc_nano.a(lib_a-fflush.o)
                              /usr/lib/arm-none-eabi/newlib/thumb/v6-m/nofp/libc_nano.a(lib_a-wbuf.o) (_fflush_r)
/usr/lib/arm-none-eabi/newlib/thumb/v6-m/nofp/libc_nano.a(lib_a-findfp.o)
                              /usr/lib/arm-none-eabi/newlib/thumb/v6-m/nofp/libc_nano.a(lib_a-printf.o) (__sinit)
/usr/lib/arm-none-eabi/newlib/thumb/v6-m/nofp/libc_nano.a(lib_a-fwalk.o)
                              /usr/lib/arm-none-eabi/newlib/thumb/v6-m/nofp/libc_nano.a(lib_a-findfp.o) (_fwalk)
/usr/lib/arm-none-eabi/newlib/thumb/v6-m/nofp/libc_nano.a(lib_a-impure.o)
                              /usr/lib/arm-none-eabi/newlib/thumb/v6-m/nofp/libc_nano.a(lib_a-fflush.o) (_global_impure_ptr)
/usr/lib/arm-none-eabi/newlib/thumb/v6-m/nofp/libc_nano.a(lib_a-makebuf.o)
                              /usr/lib/arm-none-eabi/newlib/thumb/v6-m/nofp/libc_nano.a(lib_a-wsetup.o) (__smakebuf_r)
/usr/lib/arm-none-eabi/newlib/thumb/v6-m/nofp/libc_nano.a(lib_a-memset.o)
                              /usr/lib/arm-none-eabi/newlib/thumb/v6-m/nofp/libc_nano.a(lib_a-findfp.o) (memset)
/usr/lib/arm-none-eabi/newlib/thumb/v6-m/nofp/libc_nano.a(lib_a-nano-freer.o)
                              /usr/lib/arm-none-eabi/newlib/thumb/v6-m/nofp/libc_nano.a(lib_a-wsetup.o) (_free_r)
/usr/lib/arm-none-eabi/newlib/thumb/v6-m/nofp/libc_nano.a(lib_a-nano-mallocr.o)
                              /usr/lib/arm-none-eabi/newlib/thumb/v6-m/nofp/libc_nano.a(lib_a-findfp.o) (_malloc_r)
/usr/lib/arm-none-eabi/newlib/thumb/v6-m/nofp/libc_nano.a(lib_a-nano-svfprintf.o)
                              /usr/lib/arm-none-eabi/newlib/thumb/v6-m/nofp/libc_nano.a(lib_a-sprintf.o) (_svfprintf_r)
/usr/lib/arm-none-eabi/newlib/thumb/v6-m/nofp/libc_nano.a(lib_a-nano-vfprintf.o)
                              /usr/lib/arm-none-eabi/newlib/thumb/v6-m/nofp/libc_nano.a(lib_a-printf.o) (_vfprintf_r)
/usr/lib/arm-none-eabi/newlib/thumb/v6-m/nofp/libc_nano.a(lib_a-nano-vfprintf_i.o)
                              /usr/lib/arm-none-eabi/newlib/thumb/v6-m/nofp/libc_nano.a(lib_a-nano-svfprintf.o) (_printf_i)
/usr/lib/arm-none-eabi/newlib/thumb/v6-m/nofp/libc_nano.a(lib_a-putc.o)
                              /usr/lib/arm-none-eabi/newlib/thumb/v6-m/nofp/libc_nano.a(lib_a-putchar.o) (_putc_r)
/usr/lib/arm-none-eabi/newlib/thumb/v6-m/nofp/libc_nano.a(lib_a-sbrkr.o)
                              /usr/lib/arm-none-eabi/newlib/thumb/v6-m/nofp/libc_nano.a(lib_a-nano-mallocr.o) (_sbrk_r)
/usr/lib/arm-none-eabi/newlib/thumb/v6-m/nofp/libc_nano.a(lib_a-stdio.o)
                              /usr/lib/arm-none-eabi/newlib/thumb/v6-m/nofp/libc_nano.a(lib_a-findfp.o) (__sread)
/usr/lib/arm-none-eabi/newlib/thumb/v6-m/nofp/libc_nano.a(lib_a-writer.o)
                              /usr/lib/arm-none-eabi/newlib/thumb/v6-m/nofp/libc_nano.a(lib_a-stdio.o) (_write_r)
/usr/lib/arm-none-eabi/newlib/thumb/v6-m/nofp/libc_nano.a(lib_a-closer.o)
                              /usr/lib/arm-none-eabi/newlib/thumb/v6-m/nofp/libc_nano.a(lib_a-stdio.o) (_close_r)
/usr/lib/arm-none-eabi/newlib/thumb/v6-m/nofp/libc_nano.a(lib_a-fstatr.o)
                              /usr/lib/arm-none-eabi/newlib/thumb/v6-m/nofp/libc_nano.a(lib_a-makebuf.o) (_fstat_r)
/usr/lib/arm-none-eabi/newlib/thumb/v6-m/nofp/libc_nano.a(lib_a-fvwrite.o)
                              /usr/lib/arm-none-eabi/newlib/thumb/v6-m/nofp/libc_nano.a(lib_a-nano-vfprintf.o) (__sfvwrite_r)
/usr/lib/arm-none-eabi/newlib/thumb/v6-m/nofp/libc_nano.a(lib_a-isattyr.o)
[...]
Memory Configuration

Name             Origin             Length             Attributes
flash            0x0000000008000000 0x0000000000010000
ram              0x0000000020000000 0x0000000000002000
*default*        0x0000000000000000 0xffffffffffffffff

Linker script and memory map

LOAD main.o
LOAD serial.o
LOAD UART2.o
LOAD startup.o
LOAD newlib_stubs.o
LOAD /usr/lib/arm-none-eabi/newlib/thumb/v6-m/nofp/libnosys.a
LOAD /usr/lib/gcc/arm-none-eabi/12.2.1/thumb/v6-m/nofp/libgcc.a
START GROUP
LOAD /usr/lib/gcc/arm-none-eabi/12.2.1/thumb/v6-m/nofp/libgcc.a
LOAD /usr/lib/arm-none-eabi/newlib/thumb/v6-m/nofp/libc_nano.a
LOAD /usr/lib/arm-none-eabi/newlib/thumb/v6-m/nofp/libm.a
END GROUP

.text           0x0000000008000000     0x3800
 *(.vectors)
 .vectors       0x0000000008000000       0xb8 startup.o
                0x0000000008000000                Vectors
 *(.after_vectors*)
 .after_vectors
                0x00000000080000b8       0x28 startup.o
                0x00000000080000b8                ResetInit
 *(.text*)
 .text          0x00000000080000e0      0x2a8 main.o
                0x00000000080000e0                Delay_us
                0x0000000008000140                waitms
                0x000000000800018c                Hardware_Init
                0x0000000008000218                SendATCommand
                0x0000000008000290                main
 .text          0x0000000008000388      0x5b4 serial.o
                0x0000000008000388                ReadCom
                0x00000000080003fc                WriteCom
                0x000000000800049c                initUART
                0x00000000080005ec                USART1_Handler
                0x0000000008000618                usart_rx
                0x0000000008000648                usart_tx
                0x00000000080006b0                PutBuf
                0x0000000008000712                GetBuf
                0x0000000008000768                GetBufCount
                0x000000000800077c                eputs
                0x00000000080007b8                eputc
                0x00000000080007d6                egetc
                0x00000000080007f0                egets
                0x000000000800087c                egetc_echo
                0x00000000080008a2                egets_echo
 .text          0x000000000800093c      0x5c8 UART2.o
                0x000000000800093c                ReadCom2
                0x00000000080009b0                WriteCom2
                0x0000000008000a50                initUART2
                0x0000000008000b9c                USART2_Handler
                0x0000000008000bc8                usart_rx2
                0x0000000008000bf8                usart_tx2
                0x0000000008000c60                PutBuf2
                0x0000000008000cc2                GetBuf2
                0x0000000008000d18                GetBufCount2
                0x0000000008000d2c                eputs2
                0x0000000008000d68                eputc2
                0x0000000008000d86                egetc2
                0x0000000008000da0                egets2
                0x0000000008000e2c                ReceivedBytes2
                0x0000000008000e44                egetc_echo2
                0x0000000008000e6a                egets_echo2
 .text          0x0000000008000f04      0x1a8 startup.o
                0x0000000008000f7c                initClock
                0x0000000008001084                FLASH_Handler
                0x0000000008001084                EXTI2_3_Handler
                0x0000000008001084                TIM21_Handler
                0x0000000008001084                SysTick_Handler
                0x0000000008001084                I2C1_Handler
                0x0000000008001084                PendSV_Handler
                0x0000000008001084                NMI_Handler
                0x0000000008001084                WWDG_Handler
                0x0000000008001084                RTC_Handler
                0x0000000008001084                EXTI4_15_Handler
                0x0000000008001084                TIM2_Handler
                0x0000000008001084                DMA_CH4_5_6_7_Handler
                0x0000000008001084                Default_Handler
                0x0000000008001084                LPUART1_Handler
                0x0000000008001084                EXTI0_1_Handler
                0x0000000008001084                DMA_CH1_Handler
                0x0000000008001084                SPI2_Handler
                0x0000000008001084                DMA_CH2_3_Handler
                0x0000000008001084                I2C2_Handler
                0x0000000008001084                SVC_Handler
                0x0000000008001084                LPTIM1_Handler
                0x0000000008001084                SPI1_Handler
                0x0000000008001084                RCC_Handler
                0x0000000008001084                PVD_Handler
                0x0000000008001084                TIM22_Handler
                0x0000000008001084                TIM6_Handler
                0x0000000008001084                ADC_COMP_Handler
                0x0000000008001098                Hard_Fault_Handler
 .text          0x00000000080010ac      0x29c newlib_stubs.o
                0x00000000080010ac                _exit
                0x00000000080010b6                _close
                0x00000000080010ca                _execve
                0x00000000080010ec                _fork
                0x0000000008001104                _fstat
                0x0000000008001120                _getpid
                0x000000000800112c                _kill
                0x000000000800114c                _link
                0x000000000800116c                _lseek
                0x0000000008001182                _stat
                0x000000000800119e                _times
                0x00000000080011b2                _unlink
                0x00000000080011d0                _wait
                0x00000000080011f0                _isatty
                0x0000000008001218                _sbrk
                0x000000000800127c                _read
                0x00000000080012f4                _write
 .text          0x0000000008001348        0x0 /usr/lib/arm-none-eabi/newlib/thumb/v6-m/nofp/libnosys.a(errno.o)
 .text          0x0000000008001348      0x1d4 /usr/lib/gcc/arm-none-eabi/12.2.1/thumb/v6-m/nofp/libgcc.a(_divsi3.o)
                0x0000000008001348                __aeabi_idiv
                0x0000000008001348                __divsi3
                0x0000000008001514                __aeabi_idivmod
 .text          0x000000000800151c        0x4 /usr/lib/gcc/arm-none-eabi/12.2.1/thumb/v6-m/nofp/libgcc.a(_dvmd_tls.o)
                0x000000000800151c                __aeabi_ldiv0
                0x000000000800151c                __aeabi_idiv0
 .text          0x0000000008001520       0x68 /usr/lib/arm-none-eabi/newlib/thumb/v6-m/nofp/libc_nano.a(lib_a-printf.o)
                0x0000000008001520                _printf_r
                0x0000000008001520                _iprintf_r
                0x0000000008001550                printf
                0x0000000008001550                iprintf
 .text          0x0000000008001588       0x50 /usr/lib/arm-none-eabi/newlib/thumb/v6-m/nofp/libc_nano.a(lib_a-putchar.o)
                0x0000000008001588                _putchar_r
                0x00000000080015ac                putchar
 .text          0x00000000080015d8       0xf0 /usr/lib/arm-none-eabi/newlib/thumb/v6-m/nofp/libc_nano.a(lib_a-puts.o)
                0x00000000080015d8                _puts_r
                0x00000000080016b4                puts
 .text          0x00000000080016c8       0x78 /usr/lib/arm-none-eabi/newlib/thumb/v6-m/nofp/libc_nano.a(lib_a-sprintf.o)
                0x00000000080016c8                _siprintf_r
                0x00000000080016c8                _sprintf_r
                0x0000000008001700                sprintf
                0x0000000008001700                siprintf
 .text          0x0000000008001740       0xec /usr/lib/arm-none-eabi/newlib/thumb/v6-m/nofp/libc_nano.a(lib_a-wbuf.o)
                0x0000000008001740                __swbuf_r
                0x0000000008001814                __swbuf
 .text          0x000000000800182c      0x10c /usr/lib/arm-none-eabi/newlib/thumb/v6-m/nofp/libc_nano.a(lib_a-wsetup.o)
                0x000000000800182c                __swsetup_r
 .text          0x0000000008001938      0x200 /usr/lib/arm-none-eabi/newlib/thumb/v6-m/nofp/libc_nano.a(lib_a-fflush.o)
                0x0000000008001938                __sflush_r
                0x0000000008001a54                _fflush_r
                0x0000000008001ab0                fflush
 .text          0x0000000008001b38      0x268 /usr/lib/arm-none-eabi/newlib/thumb/v6-m/nofp/libc_nano.a(lib_a-findfp.o)
                0x0000000008001b3c                _cleanup_r
                0x0000000008001b50                __sfmoreglue
                0x0000000008001b80                __sfp
                0x0000000008001d38                _cleanup
                0x0000000008001d50                __sinit
                0x0000000008001d60                __sfp_lock_acquire
                0x0000000008001d64                __sfp_lock_release
                0x0000000008001d68                __sinit_lock_acquire
                0x0000000008001d6c                __sinit_lock_release
                0x0000000008001d70                __fp_lock_all
                0x0000000008001d88                __fp_unlock_all
 .text          0x0000000008001da0       0x88 /usr/lib/arm-none-eabi/newlib/thumb/v6-m/nofp/libc_nano.a(lib_a-fwalk.o)
                0x0000000008001da0                _fwalk
                0x0000000008001de0                _fwalk_reent
 .text          0x0000000008001e28        0x0 /usr/lib/arm-none-eabi/newlib/thumb/v6-m/nofp/libc_nano.a(lib_a-impure.o)
 .text          0x0000000008001e28      0x10c /usr/lib/arm-none-eabi/newlib/thumb/v6-m/nofp/libc_nano.a(lib_a-makebuf.o)
                0x0000000008001e28                __smakebuf_r
                0x0000000008001ee0                __swhatbuf_r
 .text          0x0000000008001f34       0xa8 /usr/lib/arm-none-eabi/newlib/thumb/v6-m/nofp/libc_nano.a(lib_a-memset.o)
                0x0000000008001f34                memset
 .text          0x0000000008001fdc       0xc0 /usr/lib/arm-none-eabi/newlib/thumb/v6-m/nofp/libc_nano.a(lib_a-nano-freer.o)
                0x0000000008001fdc                _free_r
 .text          0x000000000800209c       0xc4 /usr/lib/arm-none-eabi/newlib/thumb/v6-m/nofp/libc_nano.a(lib_a-nano-mallocr.o)
                0x000000000800209c                _malloc_r
 .text          0x0000000008002160      0x428 /usr/lib/arm-none-eabi/newlib/thumb/v6-m/nofp/libc_nano.a(lib_a-nano-svfprintf.o)
                0x0000000008002160                __ssputs_r
                0x0000000008002238                __ssprint_r
                0x000000000800234c                _svfprintf_r
                0x000000000800234c                _svfiprintf_r
 .text          0x0000000008002588      0x344 /usr/lib/arm-none-eabi/newlib/thumb/v6-m/nofp/libc_nano.a(lib_a-nano-vfprintf.o)
                0x00000000080025b0                __sfputs_r
                0x00000000080025dc                __sprint_r
                0x00000000080025f8                _vfiprintf_r
                0x00000000080025f8                _vfprintf_r
                0x00000000080028b4                vfiprintf
                0x00000000080028b4                vfprintf
 .text          0x00000000080028cc      0x3c4 /usr/lib/arm-none-eabi/newlib/thumb/v6-m/nofp/libc_nano.a(lib_a-nano-vfprintf_i.o)
                0x00000000080028cc                _printf_common
                0x0000000008002a08                _printf_i
 .text          0x0000000008002c90       0xf8 /usr/lib/arm-none-eabi/newlib/thumb/v6-m/nofp/libc_nano.a(lib_a-putc.o)
                0x0000000008002c90                _putc_r
                0x0000000008002d08                putc
 .text          0x0000000008002d88       0x24 /usr/lib/arm-none-eabi/newlib/thumb/v6-m/nofp/libc_nano.a(lib_a-sbrkr.o)
                0x0000000008002d88                _sbrk_r
 .text          0x0000000008002dac       0xa4 /usr/lib/arm-none-eabi/newlib/thumb/v6-m/nofp/libc_nano.a(lib_a-stdio.o)
                0x0000000008002dac                __sread
                0x0000000008002dd4                __seofread
                0x0000000008002dd8                __swrite
                0x0000000008002e18                __sseek
                0x0000000008002e44                __sclose
 .text          0x0000000008002e50       0x28 /usr/lib/arm-none-eabi/newlib/thumb/v6-m/nofp/libc_nano.a(lib_a-writer.o)
                0x0000000008002e50                _write_r
 .text          0x0000000008002e78       0x24 /usr/lib/arm-none-eabi/newlib/thumb/v6-m/nofp/libc_nano.a(lib_a-closer.o)
                0x0000000008002e78                _close_r
 .text          0x0000000008002e9c       0x28 /usr/lib/arm-none-eabi/newlib/thumb/v6-m/nofp/libc_nano.a(lib_a-fstatr.o)
                0x0000000008002e9c                _fstat_r
 .text          0x0000000008002ec4      0x2f4 /usr/lib/arm-none-eabi/newlib/thumb/v6-m/nofp/libc_nano.a(lib_a-fvwrite.o)
                0x0000000008002ec4                __sfvwrite_r
 .text          0x00000000080031b8       0x24 /usr/lib/arm-none-eabi/newlib/thumb/v6-m/nofp/libc_nano.a(lib_a-isattyr.o)
                0x00000000080031b8                _isatty_r
 .text          0x00000000080031dc       0x28 /usr/lib/arm-none-eabi/newlib/thumb/v6-m/nofp/libc_nano.a(lib_a-lseekr.o)
                0x00000000080031dc                _lseek_r
 .text          0x0000000008003204       0x74 /usr/lib/arm-none-eabi/newlib/thumb/v6-m/nofp/libc_nano.a(lib_a-memchr-stub.o)
                0x0000000008003204                memchr
 .text          0x0000000008003278       0xa4 /usr/lib/arm-none-eabi/newlib/thumb/v6-m/nofp/libc_nano.a(lib_a-memcpy-stub.o)
                0x0000000008003278                memcpy
 .text          0x000000000800331c       0xac /usr/lib/arm-none-eabi/newlib/thumb/v6-m/nofp/libc_nano.a(lib_a-memmove.o)
                0x000000000800331c                memmove
 .text          0x00000000080033c8        0x8 /usr/lib/arm-none-eabi/newlib/thumb/v6-m/nofp/libc_nano.a(lib_a-mlock.o)
                0x00000000080033c8                __malloc_lock
                0x00000000080033cc                __malloc_unlock
 .text          0x00000000080033d0       0x50 /usr/lib/arm-none-eabi/newlib/thumb/v6-m/nofp/libc_nano.a(lib_a-nano-reallocr.o)
                0x00000000080033d0                _realloc_r
 .text          0x0000000008003420       0x28 /usr/lib/arm-none-eabi/newlib/thumb/v6-m/nofp/libc_nano.a(lib_a-readr.o)
                0x0000000008003420                _read_r
 .text          0x0000000008003448       0x14 /usr/lib/arm-none-eabi/newlib/thumb/v6-m/nofp/libc_nano.a(lib_a-nano-msizer.o)
                0x0000000008003448                _malloc_usable_size_r
 .text          0x000000000800345c      0x114 /usr/lib/gcc/arm-none-eabi/12.2.1/thumb/v6-m/nofp/libgcc.a(_udivsi3.o)
                0x000000000800345c                __udivsi3
                0x000000000800345c                __aeabi_uidiv
                0x0000000008003568                __aeabi_uidivmod
 *(.rodata*)
 .rodata        0x0000000008003570       0xef main.o
 *fill*         0x000000000800365f        0x1 
 .rodata        0x0000000008003660       0x7c startup.o
 .rodata        0x00000000080036dc       0x60 /usr/lib/arm-none-eabi/newlib/thumb/v6-m/nofp/libc_nano.a(lib_a-findfp.o)
                0x00000000080036dc                __sf_fake_stderr
                0x00000000080036fc                __sf_fake_stdout
                0x000000000800371c                __sf_fake_stdin
 .rodata        0x000000000800373c        0x4 /usr/lib/arm-none-eabi/newlib/thumb/v6-m/nofp/libc_nano.a(lib_a-impure.o)
                0x000000000800373c                _global_impure_ptr
 .rodata.str1.4
                0x0000000008003740       0x13 /usr/lib/arm-none-eabi/newlib/thumb/v6-m/nofp/libc_nano.a(lib_a-nano-svfprintf.o)
 .rodata.str1.4
                0x0000000008003753       0x13 /usr/lib/arm-none-eabi/newlib/thumb/v6-m/nofp/libc_nano.a(lib_a-nano-vfprintf.o)
 *fill*         0x0000000008003753        0x1 
 .rodata.str1.4
                0x0000000008003754       0x25 /usr/lib/arm-none-eabi/newlib/thumb/v6-m/nofp/libc_nano.a(lib_a-nano-vfprintf_i.o)
 *fill*         0x0000000008003779        0x3 
 .rodata        0x000000000800377c       0x84 /usr/lib/arm-none-eabi/newlib/thumb/v6-m/nofp/libc_nano.a(lib_a-nano-vfprintf_i.o)
                0x0000000008003800                . = ALIGN (0x4)
                0x0000000008003800                PROVIDE (__init_array_start = .)
 *(SORT_BY_NAME(.init_array.*))
 *(.init_array)
                0x0000000008003800                PROVIDE (__init_array_end = .)
                0x0000000008003800                . = ALIGN (0x4)
                0x0000000008003800                _etext = .

.glue_7         0x0000000008003800        0x0
 .glue_7        0x0000000008003800        0x0 linker stubs

.glue_7t        0x0000000008003800        0x0
 .glue_7t       0x0000000008003800        0x0 linker stubs

.vfp11_veneer   0x0000000008003800        0x0
 .vfp11_veneer  0x0000000008003800        0x0 linker stubs

.v4_bx          0x0000000008003800        0x0
 .v4_bx         0x0000000008003800        0x0 linker stubs

.iplt           0x0000000008003800        0x0
 .iplt          0x0000000008003800        0x0 main.o

.rel.dyn        0x0000000008003800        0x0
 .rel.iplt      0x0000000008003800        0x0 main.o

.data           0x0000000020000000       0x68 load address 0x0000000008003800
                0x0000000020000000                . = ALIGN (0x4)
                0x0000000020000000                _data = .
 *(.data*)
 .data          0x0000000020000000        0x0 main.o
 .data          0x0000000020000000        0x0 serial.o
 .data          0x0000000020000000        0x0 UART2.o
 .data          0x0000000020000000        0x0 startup.o
 .data          0x0000000020000000        0x4 newlib_stubs.o
                0x0000000020000000                environ
 .data          0x0000000020000004        0x0 /usr/lib/arm-none-eabi/newlib/thumb/v6-m/nofp/libnosys.a(errno.o)
 .data          0x0000000020000004        0x0 /usr/lib/gcc/arm-none-eabi/12.2.1/thumb/v6-m/nofp/libgcc.a(_divsi3.o)
 .data          0x0000000020000004        0x0 /usr/lib/gcc/arm-none-eabi/12.2.1/thumb/v6-m/nofp/libgcc.a(_dvmd_tls.o)
 .data          0x0000000020000004        0x0 /usr/lib/arm-none-eabi/newlib/thumb/v6-m/nofp/libc_nano.a(lib_a-printf.o)
 .data          0x0000000020000004        0x0 /usr/lib/arm-none-eabi/newlib/thumb/v6-m/nofp/libc_nano.a(lib_a-putchar.o)
 .data          0x0000000020000004        0x0 /usr/lib/arm-none-eabi/newlib/thumb/v6-m/nofp/libc_nano.a(lib_a-puts.o)
 .data          0x0000000020000004        0x0 /usr/lib/arm-none-eabi/newlib/thumb/v6-m/nofp/libc_nano.a(lib_a-sprintf.o)
 .data          0x0000000020000004        0x0 /usr/lib/arm-none-eabi/newlib/thumb/v6-m/nofp/libc_nano.a(lib_a-wbuf.o)
 .data          0x0000000020000004        0x0 /usr/lib/arm-none-eabi/newlib/thumb/v6-m/nofp/libc_nano.a(lib_a-wsetup.o)
 .data          0x0000000020000004        0x0 /usr/lib/arm-none-eabi/newlib/thumb/v6-m/nofp/libc_nano.a(lib_a-fflush.o)
 .data          0x0000000020000004        0x0 /usr/lib/arm-none-eabi/newlib/thumb/v6-m/nofp/libc_nano.a(lib_a-findfp.o)
 .data          0x0000000020000004        0x0 /usr/lib/arm-none-eabi/newlib/thumb/v6-m/nofp/libc_nano.a(lib_a-fwalk.o)
 .data          0x0000000020000004       0x64 /usr/lib/arm-none-eabi/newlib/thumb/v6-m/nofp/libc_nano.a(lib_a-impure.o)
                0x0000000020000004                _impure_ptr
 .data          0x0000000020000068        0x0 /usr/lib/arm-none-eabi/newlib/thumb/v6-m/nofp/libc_nano.a(lib_a-makebuf.o)
 .data          0x0000000020000068        0x0 /usr/lib/arm-none-eabi/newlib/thumb/v6-m/nofp/libc_nano.a(lib_a-memset.o)
 .data          0x0000000020000068        0x0 /usr/lib/arm-none-eabi/newlib/thumb/v6-m/nofp/libc_nano.a(lib_a-nano-freer.o)
 .data          0x0000000020000068        0x0 /usr/lib/arm-none-eabi/newlib/thumb/v6-m/nofp/libc_nano.a(lib_a-nano-mallocr.o)
 .data          0x0000000020000068        0x0 /usr/lib/arm-none-eabi/newlib/thumb/v6-m/nofp/libc_nano.a(lib_a-nano-svfprintf.o)
 .data          0x0000000020000068        0x0 /usr/lib/arm-none-eabi/newlib/thumb/v6-m/nofp/libc_nano.a(lib_a-nano-vfprintf.o)
 .data          0x0000000020000068        0x0 /usr/lib/arm-none-eabi/newlib/thumb/v6-m/nofp/libc_nano.a(lib_a-nano-vfprintf_i.o)
 .data          0x0000000020000068        0x0 /usr/lib/arm-none-eabi/newlib/thumb/v6-m/nofp/libc_nano.a(lib_a-putc.o)
 .data          0x0000000020000068        0x0 /usr/lib/arm-none-eabi/newlib/thumb/v6-m/nofp/libc_nano.a(lib_a-sbrkr.o)
 .data          0x0000000020000068        0x0 /usr/lib/arm-none-eabi/newlib/thumb/v6-m/nofp/libc_nano.a(lib_a-stdio.o)
 .data          0x0000000020000068        0x0 /usr/lib/arm-none-eabi/newlib/thumb/v6-m/nofp/libc_nano.a(lib_a-writer.o)
 .data          0x0000000020000068        0x0 /usr/lib/arm-none-eabi/newlib/thumb/v6-m/nofp/libc_nano.a(lib_a-closer.o)
 .data          0x0000000020000068        0x0 /usr/lib/arm-none-eabi/newlib/thumb/v6-m/nofp/libc_nano.a(lib_a-fstatr.o)
 .data          0x0000000020000068        0x0 /usr/lib/arm-none-eabi/newlib/thumb/v6-m/nofp/libc_nano.a(lib_a-fvwrite.o)
 .data          0x0000000020000068        0x0 /usr/lib/arm-none-eabi/newlib/thumb/v6-m/nofp/libc_nano.a(lib_a-isattyr.o)
 .data          0x0000000020000068        0x0 /usr/lib/arm-none-eabi/newlib/thumb/v6-m/nofp/libc_nano.a(lib_a-lseekr.o)
 .data          0x0000000020000068        0x0 /usr/lib/arm-none-eabi/newlib/thumb/v6-m/nofp/libc_nano.a(lib_a-memchr-stub.o)
 .data          0x0000000020000068        0x0 /usr/lib/arm-none-eabi/newlib/thumb/v6-m/nofp/libc_nano.a(lib_a-memcpy-stub.o)
 .data          0x0000000020000068        0x0 /usr/lib/arm-none-eabi/newlib/thumb/v6-m/nofp/libc_nano.a(lib_a-memmove.o)
 .data          0x0000000020000068        0x0 /usr/lib/arm-none-eabi/newlib/thumb/v6-m/nofp/libc_nano.a(lib_a-mlock.o)
 .data          0x0000000020000068        0x0 /usr/lib/arm-none-eabi/newlib/thumb/v6-m/nofp/libc_nano.a(lib_a-nano-reallocr.o)
 .data          0x0000000020000068        0x0 /usr/lib/arm-none-eabi/newlib/thumb/v6-m/nofp/libc_nano.a(lib_a-readr.o)
 .data          0x0000000020000068        0x0 /usr/lib/arm-none-eabi/newlib/thumb/v6-m/nofp/libc_nano.a(lib_a-nano-msizer.o)
 .data          0x0000000020000068        0x0 /usr/lib/gcc/arm-none-eabi/12.2.1/thumb/v6-m/nofp/libgcc.a(_udivsi3.o)
                0x0000000020000068                . = ALIGN (0x4)
                0x0000000020000068                _edata = .

.igot.plt       0x0000000020000068        0x0 load address 0x0000000008003868
 .igot.plt      0x0000000020000068        0x0 main.o

.bss            0x0000000020000068      0x15c load address 0x0000000008003868
                0x0000000020000068                _bss = .
 *(.bss*)
 .bss           0x0000000020000068        0x0 main.o
 .bss           0x0000000020000068       0xa4 serial.o
                0x0000000020000068                ComRXBuffer
                0x00000000200000b4                ComTXBuffer
                0x0000000020000100                ComOpen
                0x0000000020000104                ComError
                0x0000000020000108                ComBusy
 .bss           0x000000002000010c       0xa4 UART2.o
                0x000000002000010c                ComRXBuffer2
                0x0000000020000158                ComTXBuffer2
                0x00000000200001a4                ComOpen2
                0x00000000200001a8                ComError2
                0x00000000200001ac                ComBusy2
 .bss           0x00000000200001b0        0x0 startup.o
 .bss           0x00000000200001b0        0x8 newlib_stubs.o
                0x00000000200001b0                __env
 .bss           0x00000000200001b8        0x4 /usr/lib/arm-none-eabi/newlib/thumb/v6-m/nofp/libnosys.a(errno.o)
                0x00000000200001b8                errno
 .bss           0x00000000200001bc        0x0 /usr/lib/gcc/arm-none-eabi/12.2.1/thumb/v6-m/nofp/libgcc.a(_divsi3.o)
 .bss           0x00000000200001bc        0x0 /usr/lib/gcc/arm-none-eabi/12.2.1/thumb/v6-m/nofp/libgcc.a(_dvmd_tls.o)
 .bss           0x00000000200001bc        0x0 /usr/lib/arm-none-eabi/newlib/thumb/v6-m/nofp/libc_nano.a(lib_a-printf.o)
 .bss           0x00000000200001bc        0x0 /usr/lib/arm-none-eabi/newlib/thumb/v6-m/nofp/libc_nano.a(lib_a-putchar.o)
 .bss           0x00000000200001bc        0x0 /usr/lib/arm-none-eabi/newlib/thumb/v6-m/nofp/libc_nano.a(lib_a-puts.o)
 .bss           0x00000000200001bc        0x0 /usr/lib/arm-none-eabi/newlib/thumb/v6-m/nofp/libc_nano.a(lib_a-sprintf.o)
 .bss           0x00000000200001bc        0x0 /usr/lib/arm-none-eabi/newlib/thumb/v6-m/nofp/libc_nano.a(lib_a-wbuf.o)
 .bss           0x00000000200001bc        0x0 /usr/lib/arm-none-eabi/newlib/thumb/v6-m/nofp/libc_nano.a(lib_a-wsetup.o)
 .bss           0x00000000200001bc        0x0 /usr/lib/arm-none-eabi/newlib/thumb/v6-m/nofp/libc_nano.a(lib_a-fflush.o)
 .bss           0x00000000200001bc        0x0 /usr/lib/arm-none-eabi/newlib/thumb/v6-m/nofp/libc_nano.a(lib_a-findfp.o)
 .bss           0x00000000200001bc        0x0 /usr/lib/arm-none-eabi/newlib/thumb/v6-m/nofp/libc_nano.a(lib_a-fwalk.o)
 .bss           0x00000000200001bc        0x0 /usr/lib/arm-none-eabi/newlib/thumb/v6-m/nofp/libc_nano.a(lib_a-impure.o)
 .bss           0x00000000200001bc        0x0 /usr/lib/arm-none-eabi/newlib/thumb/v6-m/nofp/libc_nano.a(lib_a-makebuf.o)
 .bss           0x00000000200001bc        0x0 /usr/lib/arm-none-eabi/newlib/thumb/v6-m/nofp/libc_nano.a(lib_a-memset.o)
 .bss           0x00000000200001bc        0x0 /usr/lib/arm-none-eabi/newlib/thumb/v6-m/nofp/libc_nano.a(lib_a-nano-freer.o)
 .bss           0x00000000200001bc        0x8 /usr/lib/arm-none-eabi/newlib/thumb/v6-m/nofp/libc_nano.a(lib_a-nano-mallocr.o)
                0x00000000200001bc                __malloc_free_list
                0x00000000200001c0                __malloc_sbrk_start
 .bss           0x00000000200001c4        0x0 /usr/lib/arm-none-eabi/newlib/thumb/v6-m/nofp/libc_nano.a(lib_a-nano-svfprintf.o)
 .bss           0x00000000200001c4        0x0 /usr/lib/arm-none-eabi/newlib/thumb/v6-m/nofp/libc_nano.a(lib_a-nano-vfprintf.o)
 .bss           0x00000000200001c4        0x0 /usr/lib/arm-none-eabi/newlib/thumb/v6-m/nofp/libc_nano.a(lib_a-nano-vfprintf_i.o)
 .bss           0x00000000200001c4        0x0 /usr/lib/arm-none-eabi/newlib/thumb/v6-m/nofp/libc_nano.a(lib_a-putc.o)
 .bss           0x00000000200001c4        0x0 /usr/lib/arm-none-eabi/newlib/thumb/v6-m/nofp/libc_nano.a(lib_a-sbrkr.o)
 .bss           0x00000000200001c4        0x0 /usr/lib/arm-none-eabi/newlib/thumb/v6-m/nofp/libc_nano.a(lib_a-stdio.o)
 .bss           0x00000000200001c4        0x0 /usr/lib/arm-none-eabi/newlib/thumb/v6-m/nofp/libc_nano.a(lib_a-writer.o)
 .bss           0x00000000200001c4        0x0 /usr/lib/arm-none-eabi/newlib/thumb/v6-m/nofp/libc_nano.a(lib_a-closer.o)
 .bss           0x00000000200001c4        0x0 /usr/lib/arm-none-eabi/newlib/thumb/v6-m/nofp/libc_nano.a(lib_a-fstatr.o)
 .bss           0x00000000200001c4        0x0 /usr/lib/arm-none-eabi/newlib/thumb/v6-m/nofp/libc_nano.a(lib_a-fvwrite.o)
 .bss           0x00000000200001c4        0x0 /usr/lib/arm-none-eabi/newlib/thumb/v6-m/nofp/libc_nano.a(lib_a-isattyr.o)
 .bss           0x00000000200001c4        0x0 /usr/lib/arm-none-eabi/newlib/thumb/v6-m/nofp/libc_nano.a(lib_a-lseekr.o)
 .bss           0x00000000200001c4        0x0 /usr/lib/arm-none-eabi/newlib/thumb/v6-m/nofp/libc_nano.a(lib_a-memchr-stub.o)
 .bss           0x00000000200001c4        0x0 /usr/lib/arm-none-eabi/newlib/thumb/v6-m/nofp/libc_nano.a(lib_a-memcpy-stub.o)
 .bss           0x00000000200001c4        0x0 /usr/lib/arm-none-eabi/newlib/thumb/v6-m/nofp/libc_nano.a(lib_a-memmove.o)
 .bss           0x00000000200001c4        0x0 /usr/lib/arm-none-eabi/newlib/thumb/v6-m/nofp/libc_nano.a(lib_a-mlock.o)
 .bss           0x00000000200001c4        0x0 /usr/lib/arm-none-eabi/newlib/thumb/v6-m/nofp/libc_nano.a(lib_a-nano-reallocr.o)
 .bss           0x00000000200001c4        0x0 /usr/lib/arm-none-eabi/newlib/thumb/v6-m/nofp/libc_nano.a(lib_a-readr.o)
 .bss           0x00000000200001c4        0x0 /usr/lib/arm-none-eabi/newlib/thumb/v6-m/nofp/libc_nano.a(lib_a-nano-msizer.o)
 .bss           0x00000000200001c4        0x0 /usr/lib/gcc/arm-none-eabi/12.2.1/thumb/v6-m/nofp/libgcc.a(_udivsi3.o)
 *(COMMON)
                0x00000000200001c4                . = ALIGN (0x4)
                0x00000000200001c4                _ebss = .
                [!provide]                        PROVIDE (end = .)
                0x00000000200001c4                PROVIDE (_HeapStart = .)
                0x0000000020002000                PROVIDE (_StackTop = (ORIGIN (ram) + LENGTH (ram)))
OUTPUT(main.elf elf32-littlearm)
LOAD linker stubs

.debug_info     0x0000000000000000    0x14dac
 .debug_info    0x0000000000000000      0x42f main.o
 .debug_info    0x000000000000042f      0x792 serial.o
 .debug_info    0x0000000000000bc1      0x7a8 UART2.o
 .debug_info    0x0000000000001369      0x385 startup.o
 .debug_info    0x00000000000016ee      0x704 newlib_stubs.o
 .debug_info    0x0000000000001df2       0x37 /usr/lib/arm-none-eabi/newlib/thumb/v6-m/nofp/libnosys.a(errno.o)
 .debug_info    0x0000000000001e29       0x45 /usr/lib/gcc/arm-none-eabi/12.2.1/thumb/v6-m/nofp/libgcc.a(_divsi3.o)
 .debug_info    0x0000000000001e6e       0x39 /usr/lib/gcc/arm-none-eabi/12.2.1/thumb/v6-m/nofp/libgcc.a(_dvmd_tls.o)
 .debug_info    0x0000000000001ea7      0x8fd /usr/lib/arm-none-eabi/newlib/thumb/v6-m/nofp/libc_nano.a(lib_a-printf.o)
 .debug_info    0x00000000000027a4      0x87b /usr/lib/arm-none-eabi/newlib/thumb/v6-m/nofp/libc_nano.a(lib_a-putchar.o)
 .debug_info    0x000000000000301f      0xa56 /usr/lib/arm-none-eabi/newlib/thumb/v6-m/nofp/libc_nano.a(lib_a-puts.o)
 .debug_info    0x0000000000003a75      0x926 /usr/lib/arm-none-eabi/newlib/thumb/v6-m/nofp/libc_nano.a(lib_a-sprintf.o)
 .debug_info    0x000000000000439b      0x998 /usr/lib/arm-none-eabi/newlib/thumb/v6-m/nofp/libc_nano.a(lib_a-wbuf.o)
 .debug_info    0x0000000000004d33      0x902 /usr/lib/arm-none-eabi/newlib/thumb/v6-m/nofp/libc_nano.a(lib_a-wsetup.o)
 .debug_info    0x0000000000005635      0xb34 /usr/lib/arm-none-eabi/newlib/thumb/v6-m/nofp/libc_nano.a(lib_a-fflush.o)
 .debug_info    0x0000000000006169      0xfb2 /usr/lib/arm-none-eabi/newlib/thumb/v6-m/nofp/libc_nano.a(lib_a-findfp.o)
 .debug_info    0x000000000000711b      0x900 /usr/lib/arm-none-eabi/newlib/thumb/v6-m/nofp/libc_nano.a(lib_a-fwalk.o)
 .debug_info    0x0000000000007a1b      0x863 /usr/lib/arm-none-eabi/newlib/thumb/v6-m/nofp/libc_nano.a(lib_a-impure.o)
 .debug_info    0x000000000000827e      0xc8c /usr/lib/arm-none-eabi/newlib/thumb/v6-m/nofp/libc_nano.a(lib_a-makebuf.o)
 .debug_info    0x0000000000008f0a      0x13d /usr/lib/arm-none-eabi/newlib/thumb/v6-m/nofp/libc_nano.a(lib_a-memset.o)
 .debug_info    0x0000000000009047      0x928 /usr/lib/arm-none-eabi/newlib/thumb/v6-m/nofp/libc_nano.a(lib_a-nano-freer.o)
 .debug_info    0x000000000000996f      0xa09 /usr/lib/arm-none-eabi/newlib/thumb/v6-m/nofp/libc_nano.a(lib_a-nano-mallocr.o)
 .debug_info    0x000000000000a378     0x10e0 /usr/lib/arm-none-eabi/newlib/thumb/v6-m/nofp/libc_nano.a(lib_a-nano-svfprintf.o)
 .debug_info    0x000000000000b458     0x117b /usr/lib/arm-none-eabi/newlib/thumb/v6-m/nofp/libc_nano.a(lib_a-nano-vfprintf.o)
 .debug_info    0x000000000000c5d3      0xeb3 /usr/lib/arm-none-eabi/newlib/thumb/v6-m/nofp/libc_nano.a(lib_a-nano-vfprintf_i.o)
 .debug_info    0x000000000000d486      0xa64 /usr/lib/arm-none-eabi/newlib/thumb/v6-m/nofp/libc_nano.a(lib_a-putc.o)
 .debug_info    0x000000000000deea      0x828 /usr/lib/arm-none-eabi/newlib/thumb/v6-m/nofp/libc_nano.a(lib_a-sbrkr.o)
 .debug_info    0x000000000000e712      0xac1 /usr/lib/arm-none-eabi/newlib/thumb/v6-m/nofp/libc_nano.a(lib_a-stdio.o)
 .debug_info    0x000000000000f1d3      0x85a /usr/lib/arm-none-eabi/newlib/thumb/v6-m/nofp/libc_nano.a(lib_a-writer.o)
 .debug_info    0x000000000000fa2d      0x805 /usr/lib/arm-none-eabi/newlib/thumb/v6-m/nofp/libc_nano.a(lib_a-closer.o)
 .debug_info    0x0000000000010232      0xa1d /usr/lib/arm-none-eabi/newlib/thumb/v6-m/nofp/libc_nano.a(lib_a-fstatr.o)
 .debug_info    0x0000000000010c4f      0xb5d /usr/lib/arm-none-eabi/newlib/thumb/v6-m/nofp/libc_nano.a(lib_a-fvwrite.o)
 .debug_info    0x00000000000117ac      0x805 /usr/lib/arm-none-eabi/newlib/thumb/v6-m/nofp/libc_nano.a(lib_a-isattyr.o)
 .debug_info    0x0000000000011fb1      0x83b /usr/lib/arm-none-eabi/newlib/thumb/v6-m/nofp/libc_nano.a(lib_a-lseekr.o)
 .debug_info    0x00000000000127ec      0x14e /usr/lib/arm-none-eabi/newlib/thumb/v6-m/nofp/libc_nano.a(lib_a-memchr-stub.o)
 .debug_info    0x000000000001293a      0x15c /usr/lib/arm-none-eabi/newlib/thumb/v6-m/nofp/libc_nano.a(lib_a-memcpy-stub.o)
 .debug_info    0x0000000000012a96      0x152 /usr/lib/arm-none-eabi/newlib/thumb/v6-m/nofp/libc_nano.a(lib_a-memmove.o)
 .debug_info    0x0000000000012be8      0x7dc /usr/lib/arm-none-eabi/newlib/thumb/v6-m/nofp/libc_nano.a(lib_a-mlock.o)
 .debug_info    0x00000000000133c4      0x910 /usr/lib/arm-none-eabi/newlib/thumb/v6-m/nofp/libc_nano.a(lib_a-nano-reallocr.o)
 .debug_info    0x0000000000013cd4      0x853 /usr/lib/arm-none-eabi/newlib/thumb/v6-m/nofp/libc_nano.a(lib_a-readr.o)
 .debug_info    0x0000000000014527      0x840 /usr/lib/arm-none-eabi/newlib/thumb/v6-m/nofp/libc_nano.a(lib_a-nano-msizer.o)
 .debug_info    0x0000000000014d67       0x45 /usr/lib/gcc/arm-none-eabi/12.2.1/thumb/v6-m/nofp/libgcc.a(_udivsi3.o)

.debug_abbrev   0x0000000000000000     0x49d2
 .debug_abbrev  0x0000000000000000      0x197 main.o
 .debug_abbrev  0x0000000000000197      0x208 serial.o
 .debug_abbrev  0x000000000000039f      0x21b UART2.o
 .debug_abbrev  0x00000000000005ba      0x1c2 startup.o
 .debug_abbrev  0x000000000000077c      0x1b3 newlib_stubs.o
 .debug_abbrev  0x000000000000092f       0x2e /usr/lib/arm-none-eabi/newlib/thumb/v6-m/nofp/libnosys.a(errno.o)
 .debug_abbrev  0x000000000000095d       0x21 /usr/lib/gcc/arm-none-eabi/12.2.1/thumb/v6-m/nofp/libgcc.a(_divsi3.o)
 .debug_abbrev  0x000000000000097e       0x1f /usr/lib/gcc/arm-none-eabi/12.2.1/thumb/v6-m/nofp/libgcc.a(_dvmd_tls.o)
 .debug_abbrev  0x000000000000099d      0x23e /usr/lib/arm-none-eabi/newlib/thumb/v6-m/nofp/libc_nano.a(lib_a-printf.o)
 .debug_abbrev  0x0000000000000bdb      0x1f4 /usr/lib/arm-none-eabi/newlib/thumb/v6-m/nofp/libc_nano.a(lib_a-putchar.o)
 .debug_abbrev  0x0000000000000dcf      0x279 /usr/lib/arm-none-eabi/newlib/thumb/v6-m/nofp/libc_nano.a(lib_a-puts.o)
 .debug_abbrev  0x0000000000001048      0x213 /usr/lib/arm-none-eabi/newlib/thumb/v6-m/nofp/libc_nano.a(lib_a-sprintf.o)
 .debug_abbrev  0x000000000000125b      0x211 /usr/lib/arm-none-eabi/newlib/thumb/v6-m/nofp/libc_nano.a(lib_a-wbuf.o)
 .debug_abbrev  0x000000000000146c      0x1d4 /usr/lib/arm-none-eabi/newlib/thumb/v6-m/nofp/libc_nano.a(lib_a-wsetup.o)
 .debug_abbrev  0x0000000000001640      0x2ba /usr/lib/arm-none-eabi/newlib/thumb/v6-m/nofp/libc_nano.a(lib_a-fflush.o)
 .debug_abbrev  0x00000000000018fa      0x3bc /usr/lib/arm-none-eabi/newlib/thumb/v6-m/nofp/libc_nano.a(lib_a-findfp.o)
 .debug_abbrev  0x0000000000001cb6      0x197 /usr/lib/arm-none-eabi/newlib/thumb/v6-m/nofp/libc_nano.a(lib_a-fwalk.o)
 .debug_abbrev  0x0000000000001e4d      0x151 /usr/lib/arm-none-eabi/newlib/thumb/v6-m/nofp/libc_nano.a(lib_a-impure.o)
 .debug_abbrev  0x0000000000001f9e      0x290 /usr/lib/arm-none-eabi/newlib/thumb/v6-m/nofp/libc_nano.a(lib_a-makebuf.o)
 .debug_abbrev  0x000000000000222e       0xb4 /usr/lib/arm-none-eabi/newlib/thumb/v6-m/nofp/libc_nano.a(lib_a-memset.o)
 .debug_abbrev  0x00000000000022e2      0x232 /usr/lib/arm-none-eabi/newlib/thumb/v6-m/nofp/libc_nano.a(lib_a-nano-freer.o)
 .debug_abbrev  0x0000000000002514      0x297 /usr/lib/arm-none-eabi/newlib/thumb/v6-m/nofp/libc_nano.a(lib_a-nano-mallocr.o)
 .debug_abbrev  0x00000000000027ab      0x2ca /usr/lib/arm-none-eabi/newlib/thumb/v6-m/nofp/libc_nano.a(lib_a-nano-svfprintf.o)
 .debug_abbrev  0x0000000000002a75      0x330 /usr/lib/arm-none-eabi/newlib/thumb/v6-m/nofp/libc_nano.a(lib_a-nano-vfprintf.o)
 .debug_abbrev  0x0000000000002da5      0x292 /usr/lib/arm-none-eabi/newlib/thumb/v6-m/nofp/libc_nano.a(lib_a-nano-vfprintf_i.o)
 .debug_abbrev  0x0000000000003037      0x243 /usr/lib/arm-none-eabi/newlib/thumb/v6-m/nofp/libc_nano.a(lib_a-putc.o)
 .debug_abbrev  0x000000000000327a      0x1d6 /usr/lib/arm-none-eabi/newlib/thumb/v6-m/nofp/libc_nano.a(lib_a-sbrkr.o)
 .debug_abbrev  0x0000000000003450      0x1db /usr/lib/arm-none-eabi/newlib/thumb/v6-m/nofp/libc_nano.a(lib_a-stdio.o)
 .debug_abbrev  0x000000000000362b      0x1b0 /usr/lib/arm-none-eabi/newlib/thumb/v6-m/nofp/libc_nano.a(lib_a-writer.o)
 .debug_abbrev  0x00000000000037db      0x1ab /usr/lib/arm-none-eabi/newlib/thumb/v6-m/nofp/libc_nano.a(lib_a-closer.o)
 .debug_abbrev  0x0000000000003986      0x1bf /usr/lib/arm-none-eabi/newlib/thumb/v6-m/nofp/libc_nano.a(lib_a-fstatr.o)
 .debug_abbrev  0x0000000000003b45      0x20f /usr/lib/arm-none-eabi/newlib/thumb/v6-m/nofp/libc_nano.a(lib_a-fvwrite.o)
 .debug_abbrev  0x0000000000003d54      0x1ab /usr/lib/arm-none-eabi/newlib/thumb/v6-m/nofp/libc_nano.a(lib_a-isattyr.o)
 .debug_abbrev  0x0000000000003eff      0x1bf /usr/lib/arm-none-eabi/newlib/thumb/v6-m/nofp/libc_nano.a(lib_a-lseekr.o)
 .debug_abbrev  0x00000000000040be       0xd4 /usr/lib/arm-none-eabi/newlib/thumb/v6-m/nofp/libc_nano.a(lib_a-memchr-stub.o)
 .debug_abbrev  0x0000000000004192       0xc7 /usr/lib/arm-none-eabi/newlib/thumb/v6-m/nofp/libc_nano.a(lib_a-memcpy-stub.o)
 .debug_abbrev  0x0000000000004259       0xc0 /usr/lib/arm-none-eabi/newlib/thumb/v6-m/nofp/libc_nano.a(lib_a-memmove.o)
 .debug_abbrev  0x0000000000004319      0x189 /usr/lib/arm-none-eabi/newlib/thumb/v6-m/nofp/libc_nano.a(lib_a-mlock.o)
 .debug_abbrev  0x00000000000044a2      0x1d3 /usr/lib/arm-none-eabi/newlib/thumb/v6-m/nofp/libc_nano.a(lib_a-nano-reallocr.o)
 .debug_abbrev  0x0000000000004675      0x1ab /usr/lib/arm-none-eabi/newlib/thumb/v6-m/nofp/libc_nano.a(lib_a-readr.o)
 .debug_abbrev  0x0000000000004820      0x191 /usr/lib/arm-none-eabi/newlib/thumb/v6-m/nofp/libc_nano.a(lib_a-nano-msizer.o)
 .debug_abbrev  0x00000000000049b1       0x21 /usr/lib/gcc/arm-none-eabi/12.2.1/thumb/v6-m/nofp/libgcc.a(_udivsi3.o)

.debug_aranges  0x0000000000000000      0x538
 .debug_aranges
                0x0000000000000000       0x20 main.o
 .debug_aranges
                0x0000000000000020       0x20 serial.o
 .debug_aranges
                0x0000000000000040       0x20 UART2.o
 .debug_aranges
                0x0000000000000060       0x28 startup.o
 .debug_aranges
                0x0000000000000088       0x20 newlib_stubs.o
 .debug_aranges
                0x00000000000000a8       0x18 /usr/lib/arm-none-eabi/newlib/thumb/v6-m/nofp/libnosys.a(errno.o)
 .debug_aranges
                0x00000000000000c0       0x20 /usr/lib/gcc/arm-none-eabi/12.2.1/thumb/v6-m/nofp/libgcc.a(_divsi3.o)
 .debug_aranges
                0x00000000000000e0       0x20 /usr/lib/gcc/arm-none-eabi/12.2.1/thumb/v6-m/nofp/libgcc.a(_dvmd_tls.o)
 .debug_aranges
                0x0000000000000100       0x20 /usr/lib/arm-none-eabi/newlib/thumb/v6-m/nofp/libc_nano.a(lib_a-printf.o)
 .debug_aranges
                0x0000000000000120       0x20 /usr/lib/arm-none-eabi/newlib/thumb/v6-m/nofp/libc_nano.a(lib_a-putchar.o)
 .debug_aranges
                0x0000000000000140       0x20 /usr/lib/arm-none-eabi/newlib/thumb/v6-m/nofp/libc_nano.a(lib_a-puts.o)
 .debug_aranges
                0x0000000000000160       0x20 /usr/lib/arm-none-eabi/newlib/thumb/v6-m/nofp/libc_nano.a(lib_a-sprintf.o)
 .debug_aranges
                0x0000000000000180       0x20 /usr/lib/arm-none-eabi/newlib/thumb/v6-m/nofp/libc_nano.a(lib_a-wbuf.o)
 .debug_aranges
                0x00000000000001a0       0x20 /usr/lib/arm-none-eabi/newlib/thumb/v6-m/nofp/libc_nano.a(lib_a-wsetup.o)
 .debug_aranges
                0x00000000000001c0       0x20 /usr/lib/arm-none-eabi/newlib/thumb/v6-m/nofp/libc_nano.a(lib_a-fflush.o)
 .debug_aranges
                0x00000000000001e0       0x20 /usr/lib/arm-none-eabi/newlib/thumb/v6-m/nofp/libc_nano.a(lib_a-findfp.o)
 .debug_aranges
                0x0000000000000200       0x20 /usr/lib/arm-none-eabi/newlib/thumb/v6-m/nofp/libc_nano.a(lib_a-fwalk.o)
 .debug_aranges
                0x0000000000000220       0x18 /usr/lib/arm-none-eabi/newlib/thumb/v6-m/nofp/libc_nano.a(lib_a-impure.o)
 .debug_aranges
                0x0000000000000238       0x20 /usr/lib/arm-none-eabi/newlib/thumb/v6-m/nofp/libc_nano.a(lib_a-makebuf.o)
 .debug_aranges
                0x0000000000000258       0x20 /usr/lib/arm-none-eabi/newlib/thumb/v6-m/nofp/libc_nano.a(lib_a-memset.o)
 .debug_aranges
                0x0000000000000278       0x20 /usr/lib/arm-none-eabi/newlib/thumb/v6-m/nofp/libc_nano.a(lib_a-nano-freer.o)
 .debug_aranges
                0x0000000000000298       0x20 /usr/lib/arm-none-eabi/newlib/thumb/v6-m/nofp/libc_nano.a(lib_a-nano-mallocr.o)
 .debug_aranges
                0x00000000000002b8       0x20 /usr/lib/arm-none-eabi/newlib/thumb/v6-m/nofp/libc_nano.a(lib_a-nano-svfprintf.o)
 .debug_aranges
                0x00000000000002d8       0x20 /usr/lib/arm-none-eabi/newlib/thumb/v6-m/nofp/libc_nano.a(lib_a-nano-vfprintf.o)
 .debug_aranges
                0x00000000000002f8       0x20 /usr/lib/arm-none-eabi/newlib/thumb/v6-m/nofp/libc_nano.a(lib_a-nano-vfprintf_i.o)
 .debug_aranges
                0x0000000000000318       0x20 /usr/lib/arm-none-eabi/newlib/thumb/v6-m/nofp/libc_nano.a(lib_a-putc.o)
 .debug_aranges
                0x0000000000000338       0x20 /usr/lib/arm-none-eabi/newlib/thumb/v6-m/nofp/libc_nano.a(lib_a-sbrkr.o)
 .debug_aranges
                0x0000000000000358       0x20 /usr/lib/arm-none-eabi/newlib/thumb/v6-m/nofp/libc_nano.a(lib_a-stdio.o)
 .debug_aranges
                0x0000000000000378       0x20 /usr/lib/arm-none-eabi/newlib/thumb/v6-m/nofp/libc_nano.a(lib_a-writer.o)
 .debug_aranges
                0x0000000000000398       0x20 /usr/lib/arm-none-eabi/newlib/thumb/v6-m/nofp/libc_nano.a(lib_a-closer.o)
 .debug_aranges
                0x00000000000003b8       0x20 /usr/lib/arm-none-eabi/newlib/thumb/v6-m/nofp/libc_nano.a(lib_a-fstatr.o)
 .debug_aranges
                0x00000000000003d8       0x20 /usr/lib/arm-none-eabi/newlib/thumb/v6-m/nofp/libc_nano.a(lib_a-fvwrite.o)
 .debug_aranges
                0x00000000000003f8       0x20 /usr/lib/arm-none-eabi/newlib/thumb/v6-m/nofp/libc_nano.a(lib_a-isattyr.o)
 .debug_aranges
                0x0000000000000418       0x20 /usr/lib/arm-none-eabi/newlib/thumb/v6-m/nofp/libc_nano.a(lib_a-lseekr.o)
 .debug_aranges
                0x0000000000000438       0x20 /usr/lib/arm-none-eabi/newlib/thumb/v6-m/nofp/libc_nano.a(lib_a-memchr-stub.o)
 .debug_aranges
                0x0000000000000458       0x20 /usr/lib/arm-none-eabi/newlib/thumb/v6-m/nofp/libc_nano.a(lib_a-memcpy-stub.o)
 .debug_aranges
                0x0000000000000478       0x20 /usr/lib/arm-none-eabi/newlib/thumb/v6-m/nofp/libc_nano.a(lib_a-memmove.o)
 .debug_aranges
                0x0000000000000498       0x20 /usr/lib/arm-none-eabi/newlib/thumb/v6-m/nofp/libc_nano.a(lib_a-mlock.o)
 .debug_aranges
                0x00000000000004b8       0x20 /usr/lib/arm-none-eabi/newlib/thumb/v6-m/nofp/libc_nano.a(lib_a-nano-reallocr.o)
 .debug_aranges
                0x00000000000004d8       0x20 /usr/lib/arm-none-eabi/newlib/thumb/v6-m/nofp/libc_nano.a(lib_a-readr.o)
 .debug_aranges
                0x00000000000004f8       0x20 /usr/lib/arm-none-eabi/newlib/thumb/v6-m/nofp/libc_nano.a(lib_a-nano-msizer.o)
 .debug_aranges
                0x0000000000000518       0x20 /usr/lib/gcc/arm-none-eabi/12.2.1/thumb/v6-m/nofp/libgcc.a(_udivsi3.o)

.debug_line     0x0000000000000000     0x6f47
 .debug_line    0x0000000000000000      0x1c3 main.o
 .debug_line    0x00000000000001c3      0x459 serial.o
 .debug_line    0x000000000000061c      0x444 UART2.o
 .debug_line    0x0000000000000a60      0x228 startup.o
 .debug_line    0x0000000000000c88      0x25a newlib_stubs.o
 .debug_line    0x0000000000000ee2       0x4f /usr/lib/arm-none-eabi/newlib/thumb/v6-m/nofp/libnosys.a(errno.o)
 .debug_line    0x0000000000000f31       0x5d /usr/lib/gcc/arm-none-eabi/12.2.1/thumb/v6-m/nofp/libgcc.a(_divsi3.o)
 .debug_line    0x0000000000000f8e       0x4a /usr/lib/gcc/arm-none-eabi/12.2.1/thumb/v6-m/nofp/libgcc.a(_dvmd_tls.o)
 .debug_line    0x0000000000000fd8      0x21f /usr/lib/arm-none-eabi/newlib/thumb/v6-m/nofp/libc_nano.a(lib_a-printf.o)
 .debug_line    0x00000000000011f7      0x1c9 /usr/lib/arm-none-eabi/newlib/thumb/v6-m/nofp/libc_nano.a(lib_a-putchar.o)
 .debug_line    0x00000000000013c0      0x341 /usr/lib/arm-none-eabi/newlib/thumb/v6-m/nofp/libc_nano.a(lib_a-puts.o)
 .debug_line    0x0000000000001701      0x20e /usr/lib/arm-none-eabi/newlib/thumb/v6-m/nofp/libc_nano.a(lib_a-sprintf.o)
 .debug_line    0x000000000000190f      0x2c1 /usr/lib/arm-none-eabi/newlib/thumb/v6-m/nofp/libc_nano.a(lib_a-wbuf.o)
 .debug_line    0x0000000000001bd0      0x35c /usr/lib/arm-none-eabi/newlib/thumb/v6-m/nofp/libc_nano.a(lib_a-wsetup.o)
 .debug_line    0x0000000000001f2c      0x499 /usr/lib/arm-none-eabi/newlib/thumb/v6-m/nofp/libc_nano.a(lib_a-fflush.o)
 .debug_line    0x00000000000023c5      0x619 /usr/lib/arm-none-eabi/newlib/thumb/v6-m/nofp/libc_nano.a(lib_a-findfp.o)
 .debug_line    0x00000000000029de      0x268 /usr/lib/arm-none-eabi/newlib/thumb/v6-m/nofp/libc_nano.a(lib_a-fwalk.o)
 .debug_line    0x0000000000002c46       0xe4 /usr/lib/arm-none-eabi/newlib/thumb/v6-m/nofp/libc_nano.a(lib_a-impure.o)
 .debug_line    0x0000000000002d2a      0x346 /usr/lib/arm-none-eabi/newlib/thumb/v6-m/nofp/libc_nano.a(lib_a-makebuf.o)
 .debug_line    0x0000000000003070      0x1ce /usr/lib/arm-none-eabi/newlib/thumb/v6-m/nofp/libc_nano.a(lib_a-memset.o)
 .debug_line    0x000000000000323e      0x2d0 /usr/lib/arm-none-eabi/newlib/thumb/v6-m/nofp/libc_nano.a(lib_a-nano-freer.o)
 .debug_line    0x000000000000350e      0x2ca /usr/lib/arm-none-eabi/newlib/thumb/v6-m/nofp/libc_nano.a(lib_a-nano-mallocr.o)
 .debug_line    0x00000000000037d8      0x8be /usr/lib/arm-none-eabi/newlib/thumb/v6-m/nofp/libc_nano.a(lib_a-nano-svfprintf.o)
 .debug_line    0x0000000000004096      0x736 /usr/lib/arm-none-eabi/newlib/thumb/v6-m/nofp/libc_nano.a(lib_a-nano-vfprintf.o)
 .debug_line    0x00000000000047cc      0x718 /usr/lib/arm-none-eabi/newlib/thumb/v6-m/nofp/libc_nano.a(lib_a-nano-vfprintf_i.o)
 .debug_line    0x0000000000004ee4      0x2fb /usr/lib/arm-none-eabi/newlib/thumb/v6-m/nofp/libc_nano.a(lib_a-putc.o)
 .debug_line    0x00000000000051df      0x183 /usr/lib/arm-none-eabi/newlib/thumb/v6-m/nofp/libc_nano.a(lib_a-sbrkr.o)
 .debug_line    0x0000000000005362      0x238 /usr/lib/arm-none-eabi/newlib/thumb/v6-m/nofp/libc_nano.a(lib_a-stdio.o)
 .debug_line    0x000000000000559a      0x17e /usr/lib/arm-none-eabi/newlib/thumb/v6-m/nofp/libc_nano.a(lib_a-writer.o)
 .debug_line    0x0000000000005718      0x183 /usr/lib/arm-none-eabi/newlib/thumb/v6-m/nofp/libc_nano.a(lib_a-closer.o)
 .debug_line    0x000000000000589b      0x1fc /usr/lib/arm-none-eabi/newlib/thumb/v6-m/nofp/libc_nano.a(lib_a-fstatr.o)
 .debug_line    0x0000000000005a97      0x648 /usr/lib/arm-none-eabi/newlib/thumb/v6-m/nofp/libc_nano.a(lib_a-fvwrite.o)
 .debug_line    0x00000000000060df      0x184 /usr/lib/arm-none-eabi/newlib/thumb/v6-m/nofp/libc_nano.a(lib_a-isattyr.o)
 .debug_line    0x0000000000006263      0x17e /usr/lib/arm-none-eabi/newlib/thumb/v6-m/nofp/libc_nano.a(lib_a-lseekr.o)
 .debug_line    0x00000000000063e1      0x1b1 /usr/lib/arm-none-eabi/newlib/thumb/v6-m/nofp/libc_nano.a(lib_a-memchr-stub.o)
 .debug_line    0x0000000000006592      0x1b5 /usr/lib/arm-none-eabi/newlib/thumb/v6-m/nofp/libc_nano.a(lib_a-memcpy-stub.o)
 .debug_line    0x0000000000006747      0x1e1 /usr/lib/arm-none-eabi/newlib/thumb/v6-m/nofp/libc_nano.a(lib_a-memmove.o)
 .debug_line    0x0000000000006928      0x13e /usr/lib/arm-none-eabi/newlib/thumb/v6-m/nofp/libc_nano.a(lib_a-mlock.o)
 .debug_line    0x0000000000006a66      0x1ab /usr/lib/arm-none-eabi/newlib/thumb/v6-m/nofp/libc_nano.a(lib_a-nano-reallocr.o)
 .debug_line    0x0000000000006c11      0x17d /usr/lib/arm-none-eabi/newlib/thumb/v6-m/nofp/libc_nano.a(lib_a-readr.o)
 .debug_line    0x0000000000006d8e      0x163 /usr/lib/arm-none-eabi/newlib/thumb/v6-m/nofp/libc_nano.a(lib_a-nano-msizer.o)
 .debug_line    0x0000000000006ef1       0x56 /usr/lib/gcc/arm-none-eabi/12.2.1/thumb/v6-m/nofp/libgcc.a(_udivsi3.o)

.debug_str      0x0000000000000000     0x1cd0
 .debug_str     0x0000000000000000      0x251 main.o
                                        0x29a (size before relaxing)
 .debug_str     0x0000000000000251      0x185 serial.o
                                        0x39a (size before relaxing)
 .debug_str     0x00000000000003d6       0xc2 UART2.o
                                        0x3ab (size before relaxing)
 .debug_str     0x0000000000000498       0xe8 startup.o
                                        0x2db (size before relaxing)
 .debug_str     0x0000000000000580      0x22a newlib_stubs.o
                                        0x3d7 (size before relaxing)
 .debug_str     0x00000000000007aa       0xe4 /usr/lib/arm-none-eabi/newlib/thumb/v6-m/nofp/libnosys.a(errno.o)
                                         0xea (size before relaxing)
 .debug_str     0x000000000000088e       0xc9 /usr/lib/gcc/arm-none-eabi/12.2.1/thumb/v6-m/nofp/libgcc.a(_divsi3.o)
 .debug_str     0x0000000000000957       0x1c /usr/lib/gcc/arm-none-eabi/12.2.1/thumb/v6-m/nofp/libgcc.a(_dvmd_tls.o)
                                         0xbf (size before relaxing)
 .debug_str     0x0000000000000973      0x419 /usr/lib/arm-none-eabi/newlib/thumb/v6-m/nofp/libc_nano.a(lib_a-printf.o)
                                        0x544 (size before relaxing)
 .debug_str     0x0000000000000d8c       0x4f /usr/lib/arm-none-eabi/newlib/thumb/v6-m/nofp/libc_nano.a(lib_a-putchar.o)
                                        0x523 (size before relaxing)
 .debug_str     0x0000000000000ddb       0xa8 /usr/lib/arm-none-eabi/newlib/thumb/v6-m/nofp/libc_nano.a(lib_a-puts.o)
                                        0x58c (size before relaxing)
 .debug_str     0x0000000000000e83       0x4c /usr/lib/arm-none-eabi/newlib/thumb/v6-m/nofp/libc_nano.a(lib_a-sprintf.o)
                                        0x545 (size before relaxing)
 .debug_str     0x0000000000000ecf       0x43 /usr/lib/arm-none-eabi/newlib/thumb/v6-m/nofp/libc_nano.a(lib_a-wbuf.o)
                                        0x57b (size before relaxing)
 .debug_str     0x0000000000000f12       0x48 /usr/lib/arm-none-eabi/newlib/thumb/v6-m/nofp/libc_nano.a(lib_a-wsetup.o)
                                        0x576 (size before relaxing)
 .debug_str     0x0000000000000f5a       0x76 /usr/lib/arm-none-eabi/newlib/thumb/v6-m/nofp/libc_nano.a(lib_a-fflush.o)
                                        0x5b7 (size before relaxing)
 .debug_str     0x0000000000000fd0      0x1db /usr/lib/arm-none-eabi/newlib/thumb/v6-m/nofp/libc_nano.a(lib_a-findfp.o)
                                        0x730 (size before relaxing)
 .debug_str     0x00000000000011ab       0x41 /usr/lib/arm-none-eabi/newlib/thumb/v6-m/nofp/libc_nano.a(lib_a-fwalk.o)
                                        0x51d (size before relaxing)
 .debug_str     0x00000000000011ec       0x9c /usr/lib/arm-none-eabi/newlib/thumb/v6-m/nofp/libc_nano.a(lib_a-impure.o)
                                        0x557 (size before relaxing)
 .debug_str     0x0000000000001288       0x6c /usr/lib/arm-none-eabi/newlib/thumb/v6-m/nofp/libc_nano.a(lib_a-makebuf.o)
                                        0x699 (size before relaxing)
 .debug_str     0x00000000000012f4       0xa6 /usr/lib/arm-none-eabi/newlib/thumb/v6-m/nofp/libc_nano.a(lib_a-memset.o)
                                        0x1b9 (size before relaxing)
 .debug_str     0x000000000000139a      0x112 /usr/lib/arm-none-eabi/newlib/thumb/v6-m/nofp/libc_nano.a(lib_a-nano-freer.o)
                                        0x58e (size before relaxing)
 .debug_str     0x00000000000014ac       0x46 /usr/lib/arm-none-eabi/newlib/thumb/v6-m/nofp/libc_nano.a(lib_a-nano-mallocr.o)
                                        0x5b9 (size before relaxing)
 .debug_str     0x00000000000014f2      0x28e /usr/lib/arm-none-eabi/newlib/thumb/v6-m/nofp/libc_nano.a(lib_a-nano-svfprintf.o)
                                        0x84e (size before relaxing)
 .debug_str     0x0000000000001780       0x37 /usr/lib/arm-none-eabi/newlib/thumb/v6-m/nofp/libc_nano.a(lib_a-nano-vfprintf.o)
                                        0x8b2 (size before relaxing)
 .debug_str     0x00000000000017b7       0xa5 /usr/lib/arm-none-eabi/newlib/thumb/v6-m/nofp/libc_nano.a(lib_a-nano-vfprintf_i.o)
                                        0x7f6 (size before relaxing)
 .debug_str     0x000000000000185c       0x31 /usr/lib/arm-none-eabi/newlib/thumb/v6-m/nofp/libc_nano.a(lib_a-putc.o)
                                        0x586 (size before relaxing)
 .debug_str     0x000000000000188d       0x3c /usr/lib/arm-none-eabi/newlib/thumb/v6-m/nofp/libc_nano.a(lib_a-sbrkr.o)
                                        0x50f (size before relaxing)
 .debug_str     0x00000000000018c9       0x92 /usr/lib/arm-none-eabi/newlib/thumb/v6-m/nofp/libc_nano.a(lib_a-stdio.o)
                                        0x56c (size before relaxing)
 .debug_str     0x000000000000195b       0x33 /usr/lib/arm-none-eabi/newlib/thumb/v6-m/nofp/libc_nano.a(lib_a-writer.o)
                                        0x50c (size before relaxing)
 .debug_str     0x000000000000198e       0x33 /usr/lib/arm-none-eabi/newlib/thumb/v6-m/nofp/libc_nano.a(lib_a-closer.o)
                                        0x4fc (size before relaxing)
 .debug_str     0x00000000000019c1       0x39 /usr/lib/arm-none-eabi/newlib/thumb/v6-m/nofp/libc_nano.a(lib_a-fstatr.o)
                                        0x64e (size before relaxing)
 .debug_str     0x00000000000019fa       0x43 /usr/lib/arm-none-eabi/newlib/thumb/v6-m/nofp/libc_nano.a(lib_a-fvwrite.o)
                                        0x5b7 (size before relaxing)
 .debug_str     0x0000000000001a3d       0x34 /usr/lib/arm-none-eabi/newlib/thumb/v6-m/nofp/libc_nano.a(lib_a-isattyr.o)
                                        0x506 (size before relaxing)
 .debug_str     0x0000000000001a71       0x33 /usr/lib/arm-none-eabi/newlib/thumb/v6-m/nofp/libc_nano.a(lib_a-lseekr.o)
                                        0x50a (size before relaxing)
 .debug_str     0x0000000000001aa4       0xbe /usr/lib/arm-none-eabi/newlib/thumb/v6-m/nofp/libc_nano.a(lib_a-memchr-stub.o)
                                        0x1d1 (size before relaxing)
 .debug_str     0x0000000000001b62       0x68 /usr/lib/arm-none-eabi/newlib/thumb/v6-m/nofp/libc_nano.a(lib_a-memcpy-stub.o)
                                        0x1de (size before relaxing)
 .debug_str     0x0000000000001bca       0x3e /usr/lib/arm-none-eabi/newlib/thumb/v6-m/nofp/libc_nano.a(lib_a-memmove.o)
                                        0x1d8 (size before relaxing)
 .debug_str     0x0000000000001c08       0x4c /usr/lib/arm-none-eabi/newlib/thumb/v6-m/nofp/libc_nano.a(lib_a-mlock.o)
                                        0x525 (size before relaxing)
 .debug_str     0x0000000000001c54       0x23 /usr/lib/arm-none-eabi/newlib/thumb/v6-m/nofp/libc_nano.a(lib_a-nano-reallocr.o)
                                        0x578 (size before relaxing)
 .debug_str     0x0000000000001c77       0x32 /usr/lib/arm-none-eabi/newlib/thumb/v6-m/nofp/libc_nano.a(lib_a-readr.o)
                                        0x50a (size before relaxing)
 .debug_str     0x0000000000001ca9        0xf /usr/lib/arm-none-eabi/newlib/thumb/v6-m/nofp/libc_nano.a(lib_a-nano-msizer.o)
                                        0x556 (size before relaxing)
 .debug_str     0x0000000000001cb8       0x18 /usr/lib/gcc/arm-none-eabi/12.2.1/thumb/v6-m/nofp/libgcc.a(_udivsi3.o)
                                         0xcc (size before relaxing)

.comment        0x0000000000000000       0x59
 .comment       0x0000000000000000       0x26 main.o
                                         0x27 (size before relaxing)
 .comment       0x0000000000000026       0x27 serial.o
 .comment       0x0000000000000026       0x27 UART2.o
 .comment       0x0000000000000026       0x27 startup.o
 .comment       0x0000000000000026       0x27 newlib_stubs.o
 .comment       0x0000000000000026       0x33 /usr/lib/arm-none-eabi/newlib/thumb/v6-m/nofp/libnosys.a(errno.o)
                                         0x34 (size before relaxing)
 .comment       0x0000000000000059       0x34 /usr/lib/arm-none-eabi/newlib/thumb/v6-m/nofp/libc_nano.a(lib_a-printf.o)
 .comment       0x0000000000000059       0x34 /usr/lib/arm-none-eabi/newlib/thumb/v6-m/nofp/libc_nano.a(lib_a-putchar.o)
 .comment       0x0000000000000059       0x34 /usr/lib/arm-none-eabi/newlib/thumb/v6-m/nofp/libc_nano.a(lib_a-puts.o)
 .comment       0x0000000000000059       0x34 /usr/lib/arm-none-eabi/newlib/thumb/v6-m/nofp/libc_nano.a(lib_a-sprintf.o)
 .comment       0x0000000000000059       0x34 /usr/lib/arm-none-eabi/newlib/thumb/v6-m/nofp/libc_nano.a(lib_a-wbuf.o)
 .comment       0x0000000000000059       0x34 /usr/lib/arm-none-eabi/newlib/thumb/v6-m/nofp/libc_nano.a(lib_a-wsetup.o)
 .comment       0x0000000000000059       0x34 /usr/lib/arm-none-eabi/newlib/thumb/v6-m/nofp/libc_nano.a(lib_a-fflush.o)
 .comment       0x0000000000000059       0x34 /usr/lib/arm-none-eabi/newlib/thumb/v6-m/nofp/libc_nano.a(lib_a-findfp.o)
 .comment       0x0000000000000059       0x34 /usr/lib/arm-none-eabi/newlib/thumb/v6-m/nofp/libc_nano.a(lib_a-fwalk.o)
 .comment       0x0000000000000059       0x34 /usr/lib/arm-none-eabi/newlib/thumb/v6-m/nofp/libc_nano.a(lib_a-impure.o)
 .comment       0x0000000000000059       0x34 /usr/lib/arm-none-eabi/newlib/thumb/v6-m/nofp/libc_nano.a(lib_a-makebuf.o)
 .comment       0x0000000000000059       0x34 /usr/lib/arm-none-eabi/newlib/thumb/v6-m/nofp/libc_nano.a(lib_a-memset.o)
 .comment       0x0000000000000059       0x34 /usr/lib/arm-none-eabi/newlib/thumb/v6-m/nofp/libc_nano.a(lib_a-nano-freer.o)
 .comment       0x0000000000000059       0x34 /usr/lib/arm-none-eabi/newlib/thumb/v6-m/nofp/libc_nano.a(lib_a-nano-mallocr.o)
 .comment       0x0000000000000059       0x34 /usr/lib/arm-none-eabi/newlib/thumb/v6-m/nofp/libc_nano.a(lib_a-nano-svfprintf.o)
 .comment       0x0000000000000059       0x34 /usr/lib/arm-none-eabi/newlib/thumb/v6-m/nofp/libc_nano.a(lib_a-nano-vfprintf.o)
 .comment       0x0000000000000059       0x34 /usr/lib/arm-none-eabi/newlib/thumb/v6-m/nofp/libc_nano.a(lib_a-nano-vfprintf_i.o)
 .comment       0x0000000000000059       0x34 /usr/lib/arm-none-eabi/newlib/thumb/v6-m/nofp/libc_nano.a(lib_a-putc.o)
 .comment       0x0000000000000059       0x34 /usr/lib/arm-none-eabi/newlib/thumb/v6-m/nofp/libc_nano.a(lib_a-sbrkr.o)
 .comment       0x0000000000000059       0x34 /usr/lib/arm-none-eabi/newlib/thumb/v6-m/nofp/libc_nano.a(lib_a-stdio.o)
 .comment       0x0000000000000059       0x34 /usr/lib/arm-none-eabi/newlib/thumb/v6-m/nofp/libc_nano.a(lib_a-writer.o)
 .comment       0x0000000000000059       0x34 /usr/lib/arm-none-eabi/newlib/thumb/v6-m/nofp/libc_nano.a(lib_a-closer.o)
 .comment       0x0000000000000059       0x34 /usr/lib/arm-none-eabi/newlib/thumb/v6-m/nofp/libc_nano.a(lib_a-fstatr.o)
 .comment       0x0000000000000059       0x34 /usr/lib/arm-none-eabi/newlib/thumb/v6-m/nofp/libc_nano.a(lib_a-fvwrite.o)
 .comment       0x0000000000000059       0x34 /usr/lib/arm-none-eabi/newlib/thumb/v6-m/nofp/libc_nano.a(lib_a-isattyr.o)
 .comment       0x0000000000000059       0x34 /usr/lib/arm-none-eabi/newlib/thumb/v6-m/nofp/libc_nano.a(lib_a-lseekr.o)
 .comment       0x0000000000000059       0x34 /usr/lib/arm-none-eabi/newlib/thumb/v6-m/nofp/libc_nano.a(lib_a-memchr-stub.o)
 .comment       0x0000000000000059       0x34 /usr/lib/arm-none-eabi/newlib/thumb/v6-m/nofp/libc_nano.a(lib_a-memcpy-stub.o)
 .comment       0x0000000000000059       0x34 /usr/lib/arm-none-eabi/newlib/thumb/v6-m/nofp/libc_nano.a(lib_a-memmove.o)
 .comment       0x0000000000000059       0x34 /usr/lib/arm-none-eabi/newlib/thumb/v6-m/nofp/libc_nano.a(lib_a-mlock.o)
 .comment       0x0000000000000059       0x34 /usr/lib/arm-none-eabi/newlib/thumb/v6-m/nofp/libc_nano.a(lib_a-nano-reallocr.o)
 .comment       0x0000000000000059       0x34 /usr/lib/arm-none-eabi/newlib/thumb/v6-m/nofp/libc_nano.a(lib_a-readr.o)
 .comment       0x0000000000000059       0x34 /usr/lib/arm-none-eabi/newlib/thumb/v6-m/nofp/libc_nano.a(lib_a-nano-msizer.o)

.ARM.attributes
                0x0000000000000000       0x2c
 .ARM.attributes
                0x0000000000000000       0x2c main.o
 .ARM.attributes
                0x000000000000002c       0x2c serial.o
 .ARM.attributes
                0x0000000000000058       0x2c UART2.o
 .ARM.attributes
                0x0000000000000084       0x2c startup.o
 .ARM.attributes
                0x00000000000000b0       0x2c newlib_stubs.o
 .ARM.attributes
                0x00000000000000dc       0x2c /usr/lib/arm-none-eabi/newlib/thumb/v6-m/nofp/libnosys.a(errno.o)
 .ARM.attributes
                0x0000000000000108       0x1e /usr/lib/gcc/arm-none-eabi/12.2.1/thumb/v6-m/nofp/libgcc.a(_divsi3.o)
 .ARM.attributes
                0x0000000000000126       0x1e /usr/lib/gcc/arm-none-eabi/12.2.1/thumb/v6-m/nofp/libgcc.a(_dvmd_tls.o)
 .ARM.attributes
                0x0000000000000144       0x2c /usr/lib/arm-none-eabi/newlib/thumb/v6-m/nofp/libc_nano.a(lib_a-printf.o)
 .ARM.attributes
                0x0000000000000170       0x2c /usr/lib/arm-none-eabi/newlib/thumb/v6-m/nofp/libc_nano.a(lib_a-putchar.o)
 .ARM.attributes
                0x000000000000019c       0x2c /usr/lib/arm-none-eabi/newlib/thumb/v6-m/nofp/libc_nano.a(lib_a-puts.o)
 .ARM.attributes
                0x00000000000001c8       0x2c /usr/lib/arm-none-eabi/newlib/thumb/v6-m/nofp/libc_nano.a(lib_a-sprintf.o)
 .ARM.attributes
                0x00000000000001f4       0x2c /usr/lib/arm-none-eabi/newlib/thumb/v6-m/nofp/libc_nano.a(lib_a-wbuf.o)
 .ARM.attributes
                0x0000000000000220       0x2c /usr/lib/arm-none-eabi/newlib/thumb/v6-m/nofp/libc_nano.a(lib_a-wsetup.o)
 .ARM.attributes
                0x000000000000024c       0x2c /usr/lib/arm-none-eabi/newlib/thumb/v6-m/nofp/libc_nano.a(lib_a-fflush.o)
 .ARM.attributes
                0x0000000000000278       0x2c /usr/lib/arm-none-eabi/newlib/thumb/v6-m/nofp/libc_nano.a(lib_a-findfp.o)
 .ARM.attributes
                0x00000000000002a4       0x2c /usr/lib/arm-none-eabi/newlib/thumb/v6-m/nofp/libc_nano.a(lib_a-fwalk.o)
 .ARM.attributes
                0x00000000000002d0       0x2c /usr/lib/arm-none-eabi/newlib/thumb/v6-m/nofp/libc_nano.a(lib_a-impure.o)
 .ARM.attributes
                0x00000000000002fc       0x2c /usr/lib/arm-none-eabi/newlib/thumb/v6-m/nofp/libc_nano.a(lib_a-makebuf.o)
 .ARM.attributes
                0x0000000000000328       0x2c /usr/lib/arm-none-eabi/newlib/thumb/v6-m/nofp/libc_nano.a(lib_a-memset.o)
 .ARM.attributes
                0x0000000000000354       0x2c /usr/lib/arm-none-eabi/newlib/thumb/v6-m/nofp/libc_nano.a(lib_a-nano-freer.o)
 .ARM.attributes
                0x0000000000000380       0x2c /usr/lib/arm-none-eabi/newlib/thumb/v6-m/nofp/libc_nano.a(lib_a-nano-mallocr.o)
 .ARM.attributes
                0x00000000000003ac       0x2c /usr/lib/arm-none-eabi/newlib/thumb/v6-m/nofp/libc_nano.a(lib_a-nano-svfprintf.o)
 .ARM.attributes
                0x00000000000003d8       0x2c /usr/lib/arm-none-eabi/newlib/thumb/v6-m/nofp/libc_nano.a(lib_a-nano-vfprintf.o)
 .ARM.attributes
                0x0000000000000404       0x2c /usr/lib/arm-none-eabi/newlib/thumb/v6-m/nofp/libc_nano.a(lib_a-nano-vfprintf_i.o)
 .ARM.attributes
                0x0000000000000430       0x2c /usr/lib/arm-none-eabi/newlib/thumb/v6-m/nofp/libc_nano.a(lib_a-putc.o)
 .ARM.attributes
                0x000000000000045c       0x2c /usr/lib/arm-none-eabi/newlib/thumb/v6-m/nofp/libc_nano.a(lib_a-sbrkr.o)
 .ARM.attributes
                0x0000000000000488       0x2c /usr/lib/arm-none-eabi/newlib/thumb/v6-m/nofp/libc_nano.a(lib_a-stdio.o)
 .ARM.attributes
                0x00000000000004b4       0x2c /usr/lib/arm-none-eabi/newlib/thumb/v6-m/nofp/libc_nano.a(lib_a-writer.o)
 .ARM.attributes
                0x00000000000004e0       0x2c /usr/lib/arm-none-eabi/newlib/thumb/v6-m/nofp/libc_nano.a(lib_a-closer.o)
 .ARM.attributes
                0x000000000000050c       0x2c /usr/lib/arm-none-eabi/newlib/thumb/v6-m/nofp/libc_nano.a(lib_a-fstatr.o)
 .ARM.attributes
                0x0000000000000538       0x2c /usr/lib/arm-none-eabi/newlib/thumb/v6-m/nofp/libc_nano.a(lib_a-fvwrite.o)
 .ARM.attributes
                0x0000000000000564       0x2c /usr/lib/arm-none-eabi/newlib/thumb/v6-m/nofp/libc_nano.a(lib_a-isattyr.o)
 .ARM.attributes
                0x0000000000000590       0x2c /usr/lib/arm-none-eabi/newlib/thumb/v6-m/nofp/libc_nano.a(lib_a-lseekr.o)
 .ARM.attributes
                0x00000000000005bc       0x2c /usr/lib/arm-none-eabi/newlib/thumb/v6-m/nofp/libc_nano.a(lib_a-memchr-stub.o)
 .ARM.attributes
                0x00000000000005e8       0x2c /usr/lib/arm-none-eabi/newlib/thumb/v6-m/nofp/libc_nano.a(lib_a-memcpy-stub.o)
 .ARM.attributes
                0x0000000000000614       0x2c /usr/lib/arm-none-eabi/newlib/thumb/v6-m/nofp/libc_nano.a(lib_a-memmove.o)
 .ARM.attributes
                0x0000000000000640       0x2c /usr/lib/arm-none-eabi/newlib/thumb/v6-m/nofp/libc_nano.a(lib_a-mlock.o)
 .ARM.attributes
                0x000000000000066c       0x2c /usr/lib/arm-none-eabi/newlib/thumb/v6-m/nofp/libc_nano.a(lib_a-nano-reallocr.o)
 .ARM.attributes
                0x0000000000000698       0x2c /usr/lib/arm-none-eabi/newlib/thumb/v6-m/nofp/libc_nano.a(lib_a-readr.o)
 .ARM.attributes
                0x00000000000006c4       0x2c /usr/lib/arm-none-eabi/newlib/thumb/v6-m/nofp/libc_nano.a(lib_a-nano-msizer.o)
 .ARM.attributes
                0x00000000000006f0       0x1e /usr/lib/gcc/arm-none-eabi/12.2.1/thumb/v6-m/nofp/libgcc.a(_udivsi3.o)

.debug_frame    0x0000000000000000     0x1118
 .debug_frame   0x0000000000000000       0xac main.o
 .debug_frame   0x00000000000000ac      0x1e8 serial.o
 .debug_frame   0x0000000000000294      0x204 UART2.o
 .debug_frame   0x0000000000000498       0x94 startup.o
 .debug_frame   0x000000000000052c      0x228 newlib_stubs.o
 .debug_frame   0x0000000000000754       0x20 /usr/lib/gcc/arm-none-eabi/12.2.1/thumb/v6-m/nofp/libgcc.a(_divsi3.o)
 .debug_frame   0x0000000000000774       0x50 /usr/lib/arm-none-eabi/newlib/thumb/v6-m/nofp/libc_nano.a(lib_a-printf.o)
 .debug_frame   0x00000000000007c4       0x48 /usr/lib/arm-none-eabi/newlib/thumb/v6-m/nofp/libc_nano.a(lib_a-putchar.o)
 .debug_frame   0x000000000000080c       0x44 /usr/lib/arm-none-eabi/newlib/thumb/v6-m/nofp/libc_nano.a(lib_a-puts.o)
 .debug_frame   0x0000000000000850       0x48 /usr/lib/arm-none-eabi/newlib/thumb/v6-m/nofp/libc_nano.a(lib_a-sprintf.o)
 .debug_frame   0x0000000000000898       0x48 /usr/lib/arm-none-eabi/newlib/thumb/v6-m/nofp/libc_nano.a(lib_a-wbuf.o)
 .debug_frame   0x00000000000008e0       0x2c /usr/lib/arm-none-eabi/newlib/thumb/v6-m/nofp/libc_nano.a(lib_a-wsetup.o)
 .debug_frame   0x000000000000090c       0x6c /usr/lib/arm-none-eabi/newlib/thumb/v6-m/nofp/libc_nano.a(lib_a-fflush.o)
 .debug_frame   0x0000000000000978      0x154 /usr/lib/arm-none-eabi/newlib/thumb/v6-m/nofp/libc_nano.a(lib_a-findfp.o)
 .debug_frame   0x0000000000000acc       0x5c /usr/lib/arm-none-eabi/newlib/thumb/v6-m/nofp/libc_nano.a(lib_a-fwalk.o)
 .debug_frame   0x0000000000000b28       0x50 /usr/lib/arm-none-eabi/newlib/thumb/v6-m/nofp/libc_nano.a(lib_a-makebuf.o)
 .debug_frame   0x0000000000000b78       0x30 /usr/lib/arm-none-eabi/newlib/thumb/v6-m/nofp/libc_nano.a(lib_a-memset.o)
 .debug_frame   0x0000000000000ba8       0x2c /usr/lib/arm-none-eabi/newlib/thumb/v6-m/nofp/libc_nano.a(lib_a-nano-freer.o)
 .debug_frame   0x0000000000000bd4       0x30 /usr/lib/arm-none-eabi/newlib/thumb/v6-m/nofp/libc_nano.a(lib_a-nano-mallocr.o)
 .debug_frame   0x0000000000000c04       0x90 /usr/lib/arm-none-eabi/newlib/thumb/v6-m/nofp/libc_nano.a(lib_a-nano-svfprintf.o)
 .debug_frame   0x0000000000000c94       0xa4 /usr/lib/arm-none-eabi/newlib/thumb/v6-m/nofp/libc_nano.a(lib_a-nano-vfprintf.o)
 .debug_frame   0x0000000000000d38       0x68 /usr/lib/arm-none-eabi/newlib/thumb/v6-m/nofp/libc_nano.a(lib_a-nano-vfprintf_i.o)
 .debug_frame   0x0000000000000da0       0x48 /usr/lib/arm-none-eabi/newlib/thumb/v6-m/nofp/libc_nano.a(lib_a-putc.o)
 .debug_frame   0x0000000000000de8       0x2c /usr/lib/arm-none-eabi/newlib/thumb/v6-m/nofp/libc_nano.a(lib_a-sbrkr.o)
 .debug_frame   0x0000000000000e14       0x90 /usr/lib/arm-none-eabi/newlib/thumb/v6-m/nofp/libc_nano.a(lib_a-stdio.o)
 .debug_frame   0x0000000000000ea4       0x2c /usr/lib/arm-none-eabi/newlib/thumb/v6-m/nofp/libc_nano.a(lib_a-writer.o)
 .debug_frame   0x0000000000000ed0       0x2c /usr/lib/arm-none-eabi/newlib/thumb/v6-m/nofp/libc_nano.a(lib_a-closer.o)
 .debug_frame   0x0000000000000efc       0x2c /usr/lib/arm-none-eabi/newlib/thumb/v6-m/nofp/libc_nano.a(lib_a-fstatr.o)
 .debug_frame   0x0000000000000f28       0x3c /usr/lib/arm-none-eabi/newlib/thumb/v6-m/nofp/libc_nano.a(lib_a-fvwrite.o)
 .debug_frame   0x0000000000000f64       0x2c /usr/lib/arm-none-eabi/newlib/thumb/v6-m/nofp/libc_nano.a(lib_a-isattyr.o)
 .debug_frame   0x0000000000000f90       0x2c /usr/lib/arm-none-eabi/newlib/thumb/v6-m/nofp/libc_nano.a(lib_a-lseekr.o)
 .debug_frame   0x0000000000000fbc       0x2c /usr/lib/arm-none-eabi/newlib/thumb/v6-m/nofp/libc_nano.a(lib_a-memchr-stub.o)
 .debug_frame   0x0000000000000fe8       0x34 /usr/lib/arm-none-eabi/newlib/thumb/v6-m/nofp/libc_nano.a(lib_a-memcpy-stub.o)
 .debug_frame   0x000000000000101c       0x30 /usr/lib/arm-none-eabi/newlib/thumb/v6-m/nofp/libc_nano.a(lib_a-memmove.o)
 .debug_frame   0x000000000000104c       0x30 /usr/lib/arm-none-eabi/newlib/thumb/v6-m/nofp/libc_nano.a(lib_a-mlock.o)
 .debug_frame   0x000000000000107c       0x30 /usr/lib/arm-none-eabi/newlib/thumb/v6-m/nofp/libc_nano.a(lib_a-nano-reallocr.o)
 .debug_frame   0x00000000000010ac       0x2c /usr/lib/arm-none-eabi/newlib/thumb/v6-m/nofp/libc_nano.a(lib_a-readr.o)
 .debug_frame   0x00000000000010d8       0x20 /usr/lib/arm-none-eabi/newlib/thumb/v6-m/nofp/libc_nano.a(lib_a-nano-msizer.o)
 .debug_frame   0x00000000000010f8       0x20 /usr/lib/gcc/arm-none-eabi/12.2.1/thumb/v6-m/nofp/libgcc.a(_udivsi3.o)

.debug_rnglists
                0x0000000000000000       0x1a
 .debug_rnglists
                0x0000000000000000       0x1a startup.o

.debug_line_str
                0x0000000000000000       0x97
 .debug_line_str
                0x0000000000000000       0x97 /usr/lib/gcc/arm-none-eabi/12.2.1/thumb/v6-m/nofp/libgcc.a(_divsi3.o)
 .debug_line_str
                0x0000000000000097       0x97 /usr/lib/gcc/arm-none-eabi/12.2.1/thumb/v6-m/nofp/libgcc.a(_dvmd_tls.o)
 .debug_line_str
                0x0000000000000097       0x97 /usr/lib/gcc/arm-none-eabi/12.2.1/thumb/v6-m/nofp/libgcc.a(_udivsi3.o)

.debug_loc      0x0000000000000000     0x58f4
 .debug_loc     0x0000000000000000       0x98 /usr/lib/arm-none-eabi/newlib/thumb/v6-m/nofp/libc_nano.a(lib_a-printf.o)
 .debug_loc     0x0000000000000098      0x106 /usr/lib/arm-none-eabi/newlib/thumb/v6-m/nofp/libc_nano.a(lib_a-putchar.o)
 .debug_loc     0x000000000000019e      0x279 /usr/lib/arm-none-eabi/newlib/thumb/v6-m/nofp/libc_nano.a(lib_a-puts.o)
 .debug_loc     0x0000000000000417       0xb7 /usr/lib/arm-none-eabi/newlib/thumb/v6-m/nofp/libc_nano.a(lib_a-sprintf.o)
 .debug_loc     0x00000000000004ce      0x1a3 /usr/lib/arm-none-eabi/newlib/thumb/v6-m/nofp/libc_nano.a(lib_a-wbuf.o)
 .debug_loc     0x0000000000000671       0xb7 /usr/lib/arm-none-eabi/newlib/thumb/v6-m/nofp/libc_nano.a(lib_a-wsetup.o)
 .debug_loc     0x0000000000000728      0x4db /usr/lib/arm-none-eabi/newlib/thumb/v6-m/nofp/libc_nano.a(lib_a-fflush.o)
 .debug_loc     0x0000000000000c03      0x411 /usr/lib/arm-none-eabi/newlib/thumb/v6-m/nofp/libc_nano.a(lib_a-findfp.o)
 .debug_loc     0x0000000000001014      0x226 /usr/lib/arm-none-eabi/newlib/thumb/v6-m/nofp/libc_nano.a(lib_a-fwalk.o)
 .debug_loc     0x000000000000123a      0x371 /usr/lib/arm-none-eabi/newlib/thumb/v6-m/nofp/libc_nano.a(lib_a-makebuf.o)
 .debug_loc     0x00000000000015ab      0x2a3 /usr/lib/arm-none-eabi/newlib/thumb/v6-m/nofp/libc_nano.a(lib_a-memset.o)
 .debug_loc     0x000000000000184e      0x1d8 /usr/lib/arm-none-eabi/newlib/thumb/v6-m/nofp/libc_nano.a(lib_a-nano-freer.o)
 .debug_loc     0x0000000000001a26      0x2a9 /usr/lib/arm-none-eabi/newlib/thumb/v6-m/nofp/libc_nano.a(lib_a-nano-mallocr.o)
 .debug_loc     0x0000000000001ccf      0xa08 /usr/lib/arm-none-eabi/newlib/thumb/v6-m/nofp/libc_nano.a(lib_a-nano-svfprintf.o)
 .debug_loc     0x00000000000026d7      0xa16 /usr/lib/arm-none-eabi/newlib/thumb/v6-m/nofp/libc_nano.a(lib_a-nano-vfprintf.o)
 .debug_loc     0x00000000000030ed      0x660 /usr/lib/arm-none-eabi/newlib/thumb/v6-m/nofp/libc_nano.a(lib_a-nano-vfprintf_i.o)
 .debug_loc     0x000000000000374d      0x2e2 /usr/lib/arm-none-eabi/newlib/thumb/v6-m/nofp/libc_nano.a(lib_a-putc.o)
 .debug_loc     0x0000000000003a2f       0x79 /usr/lib/arm-none-eabi/newlib/thumb/v6-m/nofp/libc_nano.a(lib_a-sbrkr.o)
 .debug_loc     0x0000000000003aa8      0x402 /usr/lib/arm-none-eabi/newlib/thumb/v6-m/nofp/libc_nano.a(lib_a-stdio.o)
 .debug_loc     0x0000000000003eaa       0xea /usr/lib/arm-none-eabi/newlib/thumb/v6-m/nofp/libc_nano.a(lib_a-writer.o)
 .debug_loc     0x0000000000003f94       0x79 /usr/lib/arm-none-eabi/newlib/thumb/v6-m/nofp/libc_nano.a(lib_a-closer.o)
 .debug_loc     0x000000000000400d       0xab /usr/lib/arm-none-eabi/newlib/thumb/v6-m/nofp/libc_nano.a(lib_a-fstatr.o)
 .debug_loc     0x00000000000040b8      0x82c /usr/lib/arm-none-eabi/newlib/thumb/v6-m/nofp/libc_nano.a(lib_a-fvwrite.o)
 .debug_loc     0x00000000000048e4       0x79 /usr/lib/arm-none-eabi/newlib/thumb/v6-m/nofp/libc_nano.a(lib_a-isattyr.o)
 .debug_loc     0x000000000000495d       0xea /usr/lib/arm-none-eabi/newlib/thumb/v6-m/nofp/libc_nano.a(lib_a-lseekr.o)
 .debug_loc     0x0000000000004a47      0x21d /usr/lib/arm-none-eabi/newlib/thumb/v6-m/nofp/libc_nano.a(lib_a-memchr-stub.o)
 .debug_loc     0x0000000000004c64      0x457 /usr/lib/arm-none-eabi/newlib/thumb/v6-m/nofp/libc_nano.a(lib_a-memcpy-stub.o)
 .debug_loc     0x00000000000050bb      0x508 /usr/lib/arm-none-eabi/newlib/thumb/v6-m/nofp/libc_nano.a(lib_a-memmove.o)
 .debug_loc     0x00000000000055c3      0x17b /usr/lib/arm-none-eabi/newlib/thumb/v6-m/nofp/libc_nano.a(lib_a-nano-reallocr.o)
 .debug_loc     0x000000000000573e       0xea /usr/lib/arm-none-eabi/newlib/thumb/v6-m/nofp/libc_nano.a(lib_a-readr.o)
 .debug_loc     0x0000000000005828       0xcc /usr/lib/arm-none-eabi/newlib/thumb/v6-m/nofp/libc_nano.a(lib_a-nano-msizer.o)

.debug_ranges   0x0000000000000000      0x478
 .debug_ranges  0x0000000000000000       0x68 /usr/lib/arm-none-eabi/newlib/thumb/v6-m/nofp/libc_nano.a(lib_a-puts.o)
 .debug_ranges  0x0000000000000068       0x30 /usr/lib/arm-none-eabi/newlib/thumb/v6-m/nofp/libc_nano.a(lib_a-wbuf.o)
 .debug_ranges  0x0000000000000098       0x38 /usr/lib/arm-none-eabi/newlib/thumb/v6-m/nofp/libc_nano.a(lib_a-wsetup.o)
 .debug_ranges  0x00000000000000d0       0x98 /usr/lib/arm-none-eabi/newlib/thumb/v6-m/nofp/libc_nano.a(lib_a-fflush.o)
 .debug_ranges  0x0000000000000168       0xd0 /usr/lib/arm-none-eabi/newlib/thumb/v6-m/nofp/libc_nano.a(lib_a-findfp.o)
 .debug_ranges  0x0000000000000238       0x30 /usr/lib/arm-none-eabi/newlib/thumb/v6-m/nofp/libc_nano.a(lib_a-makebuf.o)
 .debug_ranges  0x0000000000000268       0x18 /usr/lib/arm-none-eabi/newlib/thumb/v6-m/nofp/libc_nano.a(lib_a-nano-freer.o)
 .debug_ranges  0x0000000000000280       0x40 /usr/lib/arm-none-eabi/newlib/thumb/v6-m/nofp/libc_nano.a(lib_a-nano-mallocr.o)
 .debug_ranges  0x00000000000002c0       0x50 /usr/lib/arm-none-eabi/newlib/thumb/v6-m/nofp/libc_nano.a(lib_a-nano-svfprintf.o)
 .debug_ranges  0x0000000000000310       0x30 /usr/lib/arm-none-eabi/newlib/thumb/v6-m/nofp/libc_nano.a(lib_a-nano-vfprintf.o)
 .debug_ranges  0x0000000000000340       0x88 /usr/lib/arm-none-eabi/newlib/thumb/v6-m/nofp/libc_nano.a(lib_a-nano-vfprintf_i.o)
 .debug_ranges  0x00000000000003c8       0x80 /usr/lib/arm-none-eabi/newlib/thumb/v6-m/nofp/libc_nano.a(lib_a-putc.o)
 .debug_ranges  0x0000000000000448       0x30 /usr/lib/arm-none-eabi/newlib/thumb/v6-m/nofp/libc_nano.a(lib_a-fvwrite.o)

Cross Reference Table

Symbol                                            File
ADC_COMP_Handler                                  startup.o
ComBusy                                           serial.o
ComBusy2                                          UART2.o
ComError                                          serial.o
ComError2                                         UART2.o
ComOpen                                           serial.o
ComOpen2                                          UART2.o
ComRXBuffer                                       serial.o
ComRXBuffer2                                      UART2.o
ComTXBuffer                                       serial.o
ComTXBuffer2                                      UART2.o
DMA_CH1_Handler                                   startup.o
DMA_CH2_3_Handler                                 startup.o
DMA_CH4_5_6_7_Handler                             startup.o
Default_Handler                                   startup.o
Delay_us                                          main.o
EXTI0_1_Handler                                   startup.o
EXTI2_3_Handler                                   startup.o
EXTI4_15_Handler                                  startup.o
FLASH_Handler                                     startup.o
GetBuf                                            serial.o
GetBuf2                                           UART2.o
GetBufCount                                       serial.o
GetBufCount2                                      UART2.o
Hard_Fault_Handler                                startup.o
Hardware_Init                                     main.o
I2C1_Handler                                      startup.o
I2C2_Handler                                      startup.o
LPTIM1_Handler                                    startup.o
LPUART1_Handler                                   startup.o
NMI_Handler                                       startup.o
PVD_Handler                                       startup.o
PendSV_Handler                                    startup.o
PutBuf                                            serial.o
PutBuf2                                           UART2.o
RCC_Handler                                       startup.o
RTC_Handler                                       startup.o
ReadCom                                           serial.o
ReadCom2                                          UART2.o
ReceivedBytes2                                    UART2.o
                                                  main.o
ResetInit                                         startup.o
SPI1_Handler                                      startup.o
SPI2_Handler                                      startup.o
SVC_Handler                                       startup.o
SendATCommand                                     main.o
SysTick_Handler                                   startup.o
TIM21_Handler                                     startup.o
TIM22_Handler                                     startup.o
TIM2_Handler                                      startup.o
TIM6_Handler                                      startup.o
USART1_Handler                                    serial.o
USART2_Handler                                    UART2.o
Vectors                                           startup.o
WWDG_Handler                                      startup.o
WriteCom                                          serial.o
WriteCom2                                         UART2.o
_HeapStart                                        newlib_stubs.o
_StackTop                                         newlib_stubs.o
                                                  startup.o
__aeabi_idiv                                      /usr/lib/gcc/arm-none-eabi/12.2.1/thumb/v6-m/nofp/libgcc.a(_divsi3.o)
                                                  /usr/lib/arm-none-eabi/newlib/thumb/v6-m/nofp/libc_nano.a(lib_a-fvwrite.o)
                                                  UART2.o
                                                  serial.o
                                                  main.o
__aeabi_idiv0                                     /usr/lib/gcc/arm-none-eabi/12.2.1/thumb/v6-m/nofp/libgcc.a(_dvmd_tls.o)
                                                  /usr/lib/gcc/arm-none-eabi/12.2.1/thumb/v6-m/nofp/libgcc.a(_udivsi3.o)
                                                  /usr/lib/gcc/arm-none-eabi/12.2.1/thumb/v6-m/nofp/libgcc.a(_divsi3.o)
__aeabi_idivmod                                   /usr/lib/gcc/arm-none-eabi/12.2.1/thumb/v6-m/nofp/libgcc.a(_divsi3.o)
__aeabi_ldiv0                                     /usr/lib/gcc/arm-none-eabi/12.2.1/thumb/v6-m/nofp/libgcc.a(_dvmd_tls.o)
__aeabi_uidiv                                     /usr/lib/gcc/arm-none-eabi/12.2.1/thumb/v6-m/nofp/libgcc.a(_udivsi3.o)
__aeabi_uidivmod                                  /usr/lib/gcc/arm-none-eabi/12.2.1/thumb/v6-m/nofp/libgcc.a(_udivsi3.o)
                                                  /usr/lib/arm-none-eabi/newlib/thumb/v6-m/nofp/libc_nano.a(lib_a-nano-vfprintf_i.o)
__divsi3                                          /usr/lib/gcc/arm-none-eabi/12.2.1/thumb/v6-m/nofp/libgcc.a(_divsi3.o)
__env                                             newlib_stubs.o
__fp_lock_all                                     /usr/lib/arm-none-eabi/newlib/thumb/v6-m/nofp/libc_nano.a(lib_a-findfp.o)
__fp_unlock_all                                   /usr/lib/arm-none-eabi/newlib/thumb/v6-m/nofp/libc_nano.a(lib_a-findfp.o)
__init_array_end                                  startup.o
__init_array_start                                startup.o
__malloc_free_list                                /usr/lib/arm-none-eabi/newlib/thumb/v6-m/nofp/libc_nano.a(lib_a-nano-mallocr.o)
                                                  /usr/lib/arm-none-eabi/newlib/thumb/v6-m/nofp/libc_nano.a(lib_a-nano-freer.o)
__malloc_lock                                     /usr/lib/arm-none-eabi/newlib/thumb/v6-m/nofp/libc_nano.a(lib_a-mlock.o)
                                                  /usr/lib/arm-none-eabi/newlib/thumb/v6-m/nofp/libc_nano.a(lib_a-nano-mallocr.o)
                                                  /usr/lib/arm-none-eabi/newlib/thumb/v6-m/nofp/libc_nano.a(lib_a-nano-freer.o)
__malloc_sbrk_start                               /usr/lib/arm-none-eabi/newlib/thumb/v6-m/nofp/libc_nano.a(lib_a-nano-mallocr.o)
__malloc_unlock                                   /usr/lib/arm-none-eabi/newlib/thumb/v6-m/nofp/libc_nano.a(lib_a-mlock.o)
                                                  /usr/lib/arm-none-eabi/newlib/thumb/v6-m/nofp/libc_nano.a(lib_a-nano-mallocr.o)
                                                  /usr/lib/arm-none-eabi/newlib/thumb/v6-m/nofp/libc_nano.a(lib_a-nano-freer.o)
__sclose                                          /usr/lib/arm-none-eabi/newlib/thumb/v6-m/nofp/libc_nano.a(lib_a-stdio.o)
                                                  /usr/lib/arm-none-eabi/newlib/thumb/v6-m/nofp/libc_nano.a(lib_a-findfp.o)
__seofread                                        /usr/lib/arm-none-eabi/newlib/thumb/v6-m/nofp/libc_nano.a(lib_a-stdio.o)
__sf_fake_stderr                                  /usr/lib/arm-none-eabi/newlib/thumb/v6-m/nofp/libc_nano.a(lib_a-findfp.o)
                                                  /usr/lib/arm-none-eabi/newlib/thumb/v6-m/nofp/libc_nano.a(lib_a-putc.o)
                                                  /usr/lib/arm-none-eabi/newlib/thumb/v6-m/nofp/libc_nano.a(lib_a-nano-vfprintf.o)
                                                  /usr/lib/arm-none-eabi/newlib/thumb/v6-m/nofp/libc_nano.a(lib_a-impure.o)
                                                  /usr/lib/arm-none-eabi/newlib/thumb/v6-m/nofp/libc_nano.a(lib_a-fflush.o)
                                                  /usr/lib/arm-none-eabi/newlib/thumb/v6-m/nofp/libc_nano.a(lib_a-wsetup.o)
                                                  /usr/lib/arm-none-eabi/newlib/thumb/v6-m/nofp/libc_nano.a(lib_a-wbuf.o)
                                                  /usr/lib/arm-none-eabi/newlib/thumb/v6-m/nofp/libc_nano.a(lib_a-puts.o)
__sf_fake_stdin                                   /usr/lib/arm-none-eabi/newlib/thumb/v6-m/nofp/libc_nano.a(lib_a-findfp.o)
                                                  /usr/lib/arm-none-eabi/newlib/thumb/v6-m/nofp/libc_nano.a(lib_a-putc.o)
                                                  /usr/lib/arm-none-eabi/newlib/thumb/v6-m/nofp/libc_nano.a(lib_a-nano-vfprintf.o)
                                                  /usr/lib/arm-none-eabi/newlib/thumb/v6-m/nofp/libc_nano.a(lib_a-impure.o)
                                                  /usr/lib/arm-none-eabi/newlib/thumb/v6-m/nofp/libc_nano.a(lib_a-fflush.o)
                                                  /usr/lib/arm-none-eabi/newlib/thumb/v6-m/nofp/libc_nano.a(lib_a-wsetup.o)
                                                  /usr/lib/arm-none-eabi/newlib/thumb/v6-m/nofp/libc_nano.a(lib_a-wbuf.o)
                                                  /usr/lib/arm-none-eabi/newlib/thumb/v6-m/nofp/libc_nano.a(lib_a-puts.o)
__sf_fake_stdout                                  /usr/lib/arm-none-eabi/newlib/thumb/v6-m/nofp/libc_nano.a(lib_a-findfp.o)
                                                  /usr/lib/arm-none-eabi/newlib/thumb/v6-m/nofp/libc_nano.a(lib_a-putc.o)
                                                  /usr/lib/arm-none-eabi/newlib/thumb/v6-m/nofp/libc_nano.a(lib_a-nano-vfprintf.o)
                                                  /usr/lib/arm-none-eabi/newlib/thumb/v6-m/nofp/libc_nano.a(lib_a-impure.o)
                                                  /usr/lib/arm-none-eabi/newlib/thumb/v6-m/nofp/libc_nano.a(lib_a-fflush.o)
                                                  /usr/lib/arm-none-eabi/newlib/thumb/v6-m/nofp/libc_nano.a(lib_a-wsetup.o)
                                                  /usr/lib/arm-none-eabi/newlib/thumb/v6-m/nofp/libc_nano.a(lib_a-wbuf.o)
                                                  /usr/lib/arm-none-eabi/newlib/thumb/v6-m/nofp/libc_nano.a(lib_a-puts.o)
__sflush_r                                        /usr/lib/arm-none-eabi/newlib/thumb/v6-m/nofp/libc_nano.a(lib_a-fflush.o)
__sfmoreglue                                      /usr/lib/arm-none-eabi/newlib/thumb/v6-m/nofp/libc_nano.a(lib_a-findfp.o)
__sfp                                             /usr/lib/arm-none-eabi/newlib/thumb/v6-m/nofp/libc_nano.a(lib_a-findfp.o)
__sfp_lock_acquire                                /usr/lib/arm-none-eabi/newlib/thumb/v6-m/nofp/libc_nano.a(lib_a-findfp.o)
__sfp_lock_release                                /usr/lib/arm-none-eabi/newlib/thumb/v6-m/nofp/libc_nano.a(lib_a-findfp.o)
__sfputs_r                                        /usr/lib/arm-none-eabi/newlib/thumb/v6-m/nofp/libc_nano.a(lib_a-nano-vfprintf.o)
__sfvwrite_r                                      /usr/lib/arm-none-eabi/newlib/thumb/v6-m/nofp/libc_nano.a(lib_a-fvwrite.o)
                                                  /usr/lib/arm-none-eabi/newlib/thumb/v6-m/nofp/libc_nano.a(lib_a-nano-vfprintf.o)
__sinit                                           /usr/lib/arm-none-eabi/newlib/thumb/v6-m/nofp/libc_nano.a(lib_a-findfp.o)
                                                  /usr/lib/arm-none-eabi/newlib/thumb/v6-m/nofp/libc_nano.a(lib_a-putc.o)
                                                  /usr/lib/arm-none-eabi/newlib/thumb/v6-m/nofp/libc_nano.a(lib_a-nano-vfprintf.o)
                                                  /usr/lib/arm-none-eabi/newlib/thumb/v6-m/nofp/libc_nano.a(lib_a-fflush.o)
                                                  /usr/lib/arm-none-eabi/newlib/thumb/v6-m/nofp/libc_nano.a(lib_a-wsetup.o)
                                                  /usr/lib/arm-none-eabi/newlib/thumb/v6-m/nofp/libc_nano.a(lib_a-wbuf.o)
                                                  /usr/lib/arm-none-eabi/newlib/thumb/v6-m/nofp/libc_nano.a(lib_a-puts.o)
                                                  /usr/lib/arm-none-eabi/newlib/thumb/v6-m/nofp/libc_nano.a(lib_a-putchar.o)
                                                  /usr/lib/arm-none-eabi/newlib/thumb/v6-m/nofp/libc_nano.a(lib_a-printf.o)
__sinit_lock_acquire                              /usr/lib/arm-none-eabi/newlib/thumb/v6-m/nofp/libc_nano.a(lib_a-findfp.o)
__sinit_lock_release                              /usr/lib/arm-none-eabi/newlib/thumb/v6-m/nofp/libc_nano.a(lib_a-findfp.o)
__smakebuf_r                                      /usr/lib/arm-none-eabi/newlib/thumb/v6-m/nofp/libc_nano.a(lib_a-makebuf.o)
                                                  /usr/lib/arm-none-eabi/newlib/thumb/v6-m/nofp/libc_nano.a(lib_a-wsetup.o)
__sprint_r                                        /usr/lib/arm-none-eabi/newlib/thumb/v6-m/nofp/libc_nano.a(lib_a-nano-vfprintf.o)
__sread                                           /usr/lib/arm-none-eabi/newlib/thumb/v6-m/nofp/libc_nano.a(lib_a-stdio.o)
                                                  /usr/lib/arm-none-eabi/newlib/thumb/v6-m/nofp/libc_nano.a(lib_a-findfp.o)
__sseek                                           /usr/lib/arm-none-eabi/newlib/thumb/v6-m/nofp/libc_nano.a(lib_a-stdio.o)
                                                  /usr/lib/arm-none-eabi/newlib/thumb/v6-m/nofp/libc_nano.a(lib_a-findfp.o)
__ssprint_r                                       /usr/lib/arm-none-eabi/newlib/thumb/v6-m/nofp/libc_nano.a(lib_a-nano-svfprintf.o)
__ssputs_r                                        /usr/lib/arm-none-eabi/newlib/thumb/v6-m/nofp/libc_nano.a(lib_a-nano-svfprintf.o)
__swbuf                                           /usr/lib/arm-none-eabi/newlib/thumb/v6-m/nofp/libc_nano.a(lib_a-wbuf.o)
__swbuf_r                                         /usr/lib/arm-none-eabi/newlib/thumb/v6-m/nofp/libc_nano.a(lib_a-wbuf.o)
                                                  /usr/lib/arm-none-eabi/newlib/thumb/v6-m/nofp/libc_nano.a(lib_a-putc.o)
                                                  /usr/lib/arm-none-eabi/newlib/thumb/v6-m/nofp/libc_nano.a(lib_a-nano-vfprintf.o)
                                                  /usr/lib/arm-none-eabi/newlib/thumb/v6-m/nofp/libc_nano.a(lib_a-puts.o)
__swhatbuf_r                                      /usr/lib/arm-none-eabi/newlib/thumb/v6-m/nofp/libc_nano.a(lib_a-makebuf.o)
__swrite                                          /usr/lib/arm-none-eabi/newlib/thumb/v6-m/nofp/libc_nano.a(lib_a-stdio.o)
                                                  /usr/lib/arm-none-eabi/newlib/thumb/v6-m/nofp/libc_nano.a(lib_a-findfp.o)
__swsetup_r                                       /usr/lib/arm-none-eabi/newlib/thumb/v6-m/nofp/libc_nano.a(lib_a-wsetup.o)
                                                  /usr/lib/arm-none-eabi/newlib/thumb/v6-m/nofp/libc_nano.a(lib_a-fvwrite.o)
                                                  /usr/lib/arm-none-eabi/newlib/thumb/v6-m/nofp/libc_nano.a(lib_a-nano-vfprintf.o)
                                                  /usr/lib/arm-none-eabi/newlib/thumb/v6-m/nofp/libc_nano.a(lib_a-wbuf.o)
                                                  /usr/lib/arm-none-eabi/newlib/thumb/v6-m/nofp/libc_nano.a(lib_a-puts.o)
__udivsi3                                         /usr/lib/gcc/arm-none-eabi/12.2.1/thumb/v6-m/nofp/libgcc.a(_udivsi3.o)
_cleanup                                          /usr/lib/arm-none-eabi/newlib/thumb/v6-m/nofp/libc_nano.a(lib_a-findfp.o)
_cleanup_r                                        /usr/lib/arm-none-eabi/newlib/thumb/v6-m/nofp/libc_nano.a(lib_a-findfp.o)
                                                  /usr/lib/arm-none-eabi/newlib/thumb/v6-m/nofp/libc_nano.a(lib_a-makebuf.o)
_close                                            newlib_stubs.o
                                                  /usr/lib/arm-none-eabi/newlib/thumb/v6-m/nofp/libc_nano.a(lib_a-closer.o)
_close_r                                          /usr/lib/arm-none-eabi/newlib/thumb/v6-m/nofp/libc_nano.a(lib_a-closer.o)
                                                  /usr/lib/arm-none-eabi/newlib/thumb/v6-m/nofp/libc_nano.a(lib_a-stdio.o)
_data                                             startup.o
_ebss                                             startup.o
_edata                                            startup.o
_etext                                            startup.o
_execve                                           newlib_stubs.o
_exit                                             newlib_stubs.o
_fflush_r                                         /usr/lib/arm-none-eabi/newlib/thumb/v6-m/nofp/libc_nano.a(lib_a-fflush.o)
                                                  /usr/lib/arm-none-eabi/newlib/thumb/v6-m/nofp/libc_nano.a(lib_a-fvwrite.o)
                                                  /usr/lib/arm-none-eabi/newlib/thumb/v6-m/nofp/libc_nano.a(lib_a-findfp.o)
                                                  /usr/lib/arm-none-eabi/newlib/thumb/v6-m/nofp/libc_nano.a(lib_a-wbuf.o)
_fork                                             newlib_stubs.o
_free_r                                           /usr/lib/arm-none-eabi/newlib/thumb/v6-m/nofp/libc_nano.a(lib_a-nano-freer.o)
                                                  /usr/lib/arm-none-eabi/newlib/thumb/v6-m/nofp/libc_nano.a(lib_a-nano-reallocr.o)